Component: ARM Compiler 5.06 update 6 (build 750) Tool: armlink [4d35ed]

==============================================================================

Section Cross References

    startup_stm32h743xx.o(RESET) refers to startup_stm32h743xx.o(STACK) for __initial_sp
    startup_stm32h743xx.o(RESET) refers to startup_stm32h743xx.o(.text) for Reset_Handler
    startup_stm32h743xx.o(RESET) refers to stm32h7xx_it.o(i.NMI_Handler) for NMI_Handler
    startup_stm32h743xx.o(RESET) refers to stm32h7xx_it.o(i.HardFault_Handler) for HardFault_Handler
    startup_stm32h743xx.o(RESET) refers to stm32h7xx_it.o(i.MemManage_Handler) for MemManage_Handler
    startup_stm32h743xx.o(RESET) refers to stm32h7xx_it.o(i.BusFault_Handler) for BusFault_Handler
    startup_stm32h743xx.o(RESET) refers to stm32h7xx_it.o(i.UsageFault_Handler) for UsageFault_Handler
    startup_stm32h743xx.o(RESET) refers to stm32h7xx_it.o(i.SVC_Handler) for SVC_Handler
    startup_stm32h743xx.o(RESET) refers to stm32h7xx_it.o(i.DebugMon_Handler) for DebugMon_Handler
    startup_stm32h743xx.o(RESET) refers to stm32h7xx_it.o(i.PendSV_Handler) for PendSV_Handler
    startup_stm32h743xx.o(RESET) refers to stm32h7xx_it.o(i.SysTick_Handler) for SysTick_Handler
    startup_stm32h743xx.o(RESET) refers to stm32h7xx_it.o(i.ETH_IRQHandler) for ETH_IRQHandler
    startup_stm32h743xx.o(.text) refers to system_stm32h7xx.o(i.SystemInit) for SystemInit
    startup_stm32h743xx.o(.text) refers to entry.o(.ARM.Collect$$$$00000000) for __main
    main.o(i.SystemClock_Config) refers to memseta.o(.text) for __aeabi_memclr4
    main.o(i.SystemClock_Config) refers to stm32h7xx_hal_pwr_ex.o(i.HAL_PWREx_ConfigSupply) for HAL_PWREx_ConfigSupply
    main.o(i.SystemClock_Config) refers to stm32h7xx_hal_rcc.o(i.HAL_RCC_OscConfig) for HAL_RCC_OscConfig
    main.o(i.SystemClock_Config) refers to stm32h7xx_hal_rcc.o(i.HAL_RCC_ClockConfig) for HAL_RCC_ClockConfig
    main.o(i.SystemClock_Config) refers to stm32h7xx_hal_rcc_ex.o(i.HAL_RCCEx_PeriphCLKConfig) for HAL_RCCEx_PeriphCLKConfig
    main.o(i.SystemClock_Config) refers to stm32h7xx_hal_rcc.o(i.HAL_RCC_MCOConfig) for HAL_RCC_MCOConfig
    main.o(i.fputc) refers to stm32h7xx_hal_uart.o(i.HAL_UART_Transmit) for HAL_UART_Transmit
    main.o(i.fputc) refers to usart.o(.bss) for huart2
    main.o(i.main) refers to stm32h7xx_hal.o(i.HAL_Init) for HAL_Init
    main.o(i.main) refers to main.o(i.SystemClock_Config) for SystemClock_Config
    main.o(i.main) refers to gpio.o(i.MX_GPIO_Init) for MX_GPIO_Init
    main.o(i.main) refers to usart.o(i.MX_USART2_UART_Init) for MX_USART2_UART_Init
    main.o(i.main) refers to lwip.o(i.MX_LWIP_Init) for MX_LWIP_Init
    main.o(i.main) refers to stm32h7xx_hal_gpio.o(i.HAL_GPIO_TogglePin) for HAL_GPIO_TogglePin
    main.o(i.main) refers to printf3.o(i.__0printf$3) for __2printf
    main.o(i.main) refers to stm32h7xx_hal.o(i.HAL_Delay) for HAL_Delay
    gpio.o(i.MX_GPIO_Init) refers to memseta.o(.text) for __aeabi_memclr4
    gpio.o(i.MX_GPIO_Init) refers to stm32h7xx_hal_gpio.o(i.HAL_GPIO_WritePin) for HAL_GPIO_WritePin
    gpio.o(i.MX_GPIO_Init) refers to stm32h7xx_hal_gpio.o(i.HAL_GPIO_Init) for HAL_GPIO_Init
    lwip.o(i.MX_LWIP_Init) refers to init.o(i.lwip_init) for lwip_init
    lwip.o(i.MX_LWIP_Init) refers to netif.o(i.netif_add) for netif_add
    lwip.o(i.MX_LWIP_Init) refers to netif.o(i.netif_set_default) for netif_set_default
    lwip.o(i.MX_LWIP_Init) refers to netif.o(i.netif_set_up) for netif_set_up
    lwip.o(i.MX_LWIP_Init) refers to netif.o(i.netif_set_down) for netif_set_down
    lwip.o(i.MX_LWIP_Init) refers to lwip.o(.data) for .data
    lwip.o(i.MX_LWIP_Init) refers to ethernet.o(i.ethernet_input) for ethernet_input
    lwip.o(i.MX_LWIP_Init) refers to ethernetif.o(i.ethernetif_init) for ethernetif_init
    lwip.o(i.MX_LWIP_Init) refers to lwip.o(.bss) for .bss
    lwip.o(i.MX_LWIP_Process) refers to ethernetif.o(i.ethernetif_input) for ethernetif_input
    lwip.o(i.MX_LWIP_Process) refers to timeouts.o(i.sys_check_timeouts) for sys_check_timeouts
    lwip.o(i.MX_LWIP_Process) refers to lwip.o(.bss) for .bss
    ethernetif.o(i.ETH_PHY_IO_GetTick) refers to stm32h7xx_hal.o(i.HAL_GetTick) for HAL_GetTick
    ethernetif.o(i.ETH_PHY_IO_Init) refers to stm32h7xx_hal_eth.o(i.HAL_ETH_SetMDIOClockRange) for HAL_ETH_SetMDIOClockRange
    ethernetif.o(i.ETH_PHY_IO_Init) refers to ethernetif.o(.bss) for .bss
    ethernetif.o(i.ETH_PHY_IO_ReadReg) refers to stm32h7xx_hal_eth.o(i.HAL_ETH_ReadPHYRegister) for HAL_ETH_ReadPHYRegister
    ethernetif.o(i.ETH_PHY_IO_ReadReg) refers to ethernetif.o(.bss) for .bss
    ethernetif.o(i.ETH_PHY_IO_WriteReg) refers to stm32h7xx_hal_eth.o(i.HAL_ETH_WritePHYRegister) for HAL_ETH_WritePHYRegister
    ethernetif.o(i.ETH_PHY_IO_WriteReg) refers to ethernetif.o(.bss) for .bss
    ethernetif.o(i.HAL_ETH_MspDeInit) refers to stm32h7xx_hal_gpio.o(i.HAL_GPIO_DeInit) for HAL_GPIO_DeInit
[...]
    tcp_timer_ctr                            0x24000086   Data           1  tcp.o(.data)
    tcp_port                                 0x24000088   Data           2  tcp.o(.data)
    iss                                      0x2400008c   Data           4  tcp.o(.data)
    .data                                    0x240000a4   Section       36  tcp_in.o(.data)
    flags                                    0x240000a4   Data           1  tcp_in.o(.data)
    recv_flags                               0x240000a5   Data           1  tcp_in.o(.data)
    tcphdr_optlen                            0x240000a6   Data           2  tcp_in.o(.data)
    tcphdr_opt1len                           0x240000a8   Data           2  tcp_in.o(.data)
    tcp_optidx                               0x240000aa   Data           2  tcp_in.o(.data)
    recv_acked                               0x240000ac   Data           2  tcp_in.o(.data)
    tcplen                                   0x240000ae   Data           2  tcp_in.o(.data)
    tcphdr                                   0x240000b0   Data           4  tcp_in.o(.data)
    tcphdr_opt2                              0x240000b4   Data           4  tcp_in.o(.data)
    seqno                                    0x240000b8   Data           4  tcp_in.o(.data)
    ackno                                    0x240000bc   Data           4  tcp_in.o(.data)
    recv_data                                0x240000c0   Data           4  tcp_in.o(.data)
    .data                                    0x240000c8   Section       12  timeouts.o(.data)
    next_timeout                             0x240000c8   Data           4  timeouts.o(.data)
    timeouts_last_time                       0x240000cc   Data           4  timeouts.o(.data)
    tcpip_tcp_timer_active                   0x240000d0   Data           4  timeouts.o(.data)
    .data                                    0x240000d4   Section        8  udp.o(.data)
    udp_port                                 0x240000d4   Data           2  udp.o(.data)
    .data                                    0x240000dc   Section        1  etharp.o(.data)
    etharp_cached_entry                      0x240000dc   Data           1  etharp.o(.data)
    .data                                    0x240000de   Section        2  ip4.o(.data)
    ip_id                                    0x240000de   Data           2  ip4.o(.data)
    .data                                    0x240000e0   Section        8  ip4_frag.o(.data)
    ip_reass_pbufcount                       0x240000e0   Data           2  ip4_frag.o(.data)
    reassdatagrams                           0x240000e4   Data           4  ip4_frag.o(.data)
    .data                                    0x240000e8   Section        4  stdout.o(.data)
    .bss                                     0x240000ec   Section       48  lwip.o(.bss)
    .bss                                     0x2400011c   Section      196  ethernetif.o(.bss)
    .bss                                     0x240001e0   Section      203  ethernetif.o(.bss)
    .bss                                     0x240002ac   Section      140  usart.o(.bss)
    .bss                                     0x24000338   Section       24  ip.o(.bss)
    .bss                                     0x24000350   Section      131  memp.o(.bss)
    .bss                                     0x240003d3   Section      763  memp.o(.bss)
    .bss                                     0x240006ce   Section      227  memp.o(.bss)
    .bss                                     0x240007b1   Section      259  memp.o(.bss)
    .bss                                     0x240008b4   Section      163  memp.o(.bss)
    .bss                                     0x24000957   Section      363  memp.o(.bss)
    .bss                                     0x24000ac2   Section       51  memp.o(.bss)
    .bss                                     0x24000af5   Section      259  memp.o(.bss)
    .bss                                     0x24000bf8   Section     9731  memp.o(.bss)
    .bss                                     0x240031fc   Section       16  tcp_in.o(.bss)
    inseg                                    0x240031fc   Data          16  tcp_in.o(.bss)
    .bss                                     0x2400320c   Section      240  etharp.o(.bss)
    arp_table                                0x2400320c   Data         240  etharp.o(.bss)
    STACK                                    0x24003300   Section     1024  startup_stm32h743xx.o(STACK)
    .ARM.__AT_0x30040000                     0x30040000   Section       96  ethernetif.o(.ARM.__AT_0x30040000)
    .ARM.__AT_0x30040060                     0x30040060   Section       96  ethernetif.o(.ARM.__AT_0x30040060)
    .ARM.__AT_0x30040200                     0x30040200   Section     6144  ethernetif.o(.ARM.__AT_0x30040200)

    Global Symbols

    Symbol Name                              Value     Ov Type        Size  Object(Section)

    BuildAttributes$$THM_ISAv4$E$P$D$K$B$S$7EM$VFPv5_D16$PE$PLD8$A:L22UL41UL21$X:L11$S22US41US21$IEEE1$IW$USESV6$~STKCKD$USESV7$~SHL$OSPACE$ROPI$EBA8$MICROLIB$REQ8$PRES8$EABIv2 0x00000000   Number         0  anon$$obj.o ABSOLUTE
    __ARM_use_no_argv                        0x00000000   Number         0  main.o ABSOLUTE
    _printf_a                                0x00000000   Number         0  stubs.o ABSOLUTE
    _printf_c                                0x00000000   Number         0  stubs.o ABSOLUTE
    _printf_charcount                        0x00000000   Number         0  stubs.o ABSOLUTE
    _printf_d                                0x00000000   Number         0  stubs.o ABSOLUTE
    _printf_e                                0x00000000   Number         0  stubs.o ABSOLUTE
    _printf_f                                0x00000000   Number         0  stubs.o ABSOLUTE
    _printf_flags                            0x00000000   Number         0  stubs.o ABSOLUTE
    _printf_fp_dec                           0x00000000   Number         0  stubs.o ABSOLUTE
    _printf_fp_hex                           0x00000000   Number         0  stubs.o ABSOLUTE
    _printf_g                                0x00000000   Number         0  stubs.o ABSOLUTE
    _printf_i                                0x00000000   Number         0  stubs.o ABSOLUTE
    _printf_int_dec                          0x00000000   Number         0  stubs.o ABSOLUTE
    _printf_l                                0x00000000   Number         0  stubs.o ABSOLUTE
    _printf_lc                               0x00000000   Number         0  stubs.o ABSOLUTE
    _printf_ll                               0x00000000   Number         0  stubs.o ABSOLUTE
    _printf_lld                              0x00000000   Number         0  stubs.o ABSOLUTE
    _printf_lli                              0x00000000   Number         0  stubs.o ABSOLUTE
    _printf_llo                              0x00000000   Number         0  stubs.o ABSOLUTE
    _printf_llu                              0x00000000   Number         0  stubs.o ABSOLUTE
    _printf_llx                              0x00000000   Number         0  stubs.o ABSOLUTE
    _printf_longlong_dec                     0x00000000   Number         0  stubs.o ABSOLUTE
    _printf_longlong_hex                     0x00000000   Number         0  stubs.o ABSOLUTE
    _printf_longlong_oct                     0x00000000   Number         0  stubs.o ABSOLUTE
    _printf_ls                               0x00000000   Number         0  stubs.o ABSOLUTE
    _printf_mbtowc                           0x00000000   Number         0  stubs.o ABSOLUTE
    _printf_n                                0x00000000   Number         0  stubs.o ABSOLUTE
    _printf_o                                0x00000000   Number         0  stubs.o ABSOLUTE
    _printf_p                                0x00000000   Number         0  stubs.o ABSOLUTE
    _printf_percent                          0x00000000   Number         0  stubs.o ABSOLUTE
    _printf_pre_padding                      0x00000000   Number         0  stubs.o ABSOLUTE
    _printf_return_value                     0x00000000   Number         0  stubs.o ABSOLUTE
    _printf_s                                0x00000000   Number         0  stubs.o ABSOLUTE
    _printf_sizespec                         0x00000000   Number         0  stubs.o ABSOLUTE
    _printf_str                              0x00000000   Number         0  stubs.o ABSOLUTE
    _printf_truncate_signed                  0x00000000   Number         0  stubs.o ABSOLUTE
    _printf_truncate_unsigned                0x00000000   Number         0  stubs.o ABSOLUTE
    _printf_u                                0x00000000   Number         0  stubs.o ABSOLUTE
    _printf_wc                               0x00000000   Number         0  stubs.o ABSOLUTE
    _printf_wctomb                           0x00000000   Number         0  stubs.o ABSOLUTE
    _printf_widthprec                        0x00000000   Number         0  stubs.o ABSOLUTE
    _printf_x                                0x00000000   Number         0  stubs.o ABSOLUTE
    __cpp_initialize__aeabi_                  - Undefined Weak Reference
    __cxa_finalize                            - Undefined Weak Reference
    __decompress                              - Undefined Weak Reference
    _clock_init                               - Undefined Weak Reference
    _microlib_exit                            - Undefined Weak Reference
    __Vectors_Size                           0x00000298   Number         0  startup_stm32h743xx.o ABSOLUTE
    __Vectors                                0x08000000   Data           4  startup_stm32h743xx.o(RESET)
    __Vectors_End                            0x08000298   Data           0  startup_stm32h743xx.o(RESET)
    __main                                   0x08000299   Thumb Code     0  entry.o(.ARM.Collect$$$$00000000)
    _main_stk                                0x08000299   Thumb Code     0  entry2.o(.ARM.Collect$$$$00000001)
    _main_scatterload                        0x0800029d   Thumb Code     0  entry5.o(.ARM.Collect$$$$00000004)
    __main_after_scatterload                 0x080002a1   Thumb Code     0  entry5.o(.ARM.Collect$$$$00000004)
    _main_clock                              0x080002a1   Thumb Code     0  entry7b.o(.ARM.Collect$$$$00000008)
    _main_cpp_init                           0x080002a1   Thumb Code     0  entry8b.o(.ARM.Collect$$$$0000000A)
    _main_init                               0x080002a1   Thumb Code     0  entry9a.o(.ARM.Collect$$$$0000000B)
    __rt_final_cpp                           0x080002a9   Thumb Code     0  entry10a.o(.ARM.Collect$$$$0000000D)
    __rt_final_exit                          0x080002a9   Thumb Code     0  entry11a.o(.ARM.Collect$$$$0000000F)
    Reset_Handler                            0x080002ad   Thumb Code     8  startup_stm32h743xx.o(.text)
    ADC3_IRQHandler                          0x080002c7   Thumb Code     0  startup_stm32h743xx.o(.text)
    ADC_IRQHandler                           0x080002c7   Thumb Code     0  startup_stm32h743xx.o(.text)
    BDMA_Channel0_IRQHandler                 0x080002c7   Thumb Code     0  startup_stm32h743xx.o(.text)
    BDMA_Channel1_IRQHandler                 0x080002c7   Thumb Code     0  startup_stm32h743xx.o(.text)
    BDMA_Channel2_IRQHandler                 0x080002c7   Thumb Code     0  startup_stm32h743xx.o(.text)
    BDMA_Channel3_IRQHandler                 0x080002c7   Thumb Code     0  startup_stm32h743xx.o(.text)
    BDMA_Channel4_IRQHandler                 0x080002c7   Thumb Code     0  startup_stm32h743xx.o(.text)
    BDMA_Channel5_IRQHandler                 0x080002c7   Thumb Code     0  startup_stm32h743xx.o(.text)
    BDMA_Channel6_IRQHandler                 0x080002c7   Thumb Code     0  startup_stm32h743xx.o(.text)
    BDMA_Channel7_IRQHandler                 0x080002c7   Thumb Code     0  startup_stm32h743xx.o(.text)
    CEC_IRQHandler                           0x080002c7   Thumb Code     0  startup_stm32h743xx.o(.text)
    COMP1_IRQHandler                         0x080002c7   Thumb Code     0  startup_stm32h743xx.o(.text)
    CRS_IRQHandler                           0x080002c7   Thumb Code     0  startup_stm32h743xx.o(.text)
    DCMI_IRQHandler                          0x080002c7   Thumb Code     0  startup_stm32h743xx.o(.text)
    DFSDM1_FLT0_IRQHandler                   0x080002c7   Thumb Code     0  startup_stm32h743xx.o(.text)
    DFSDM1_FLT1_IRQHandler                   0x080002c7   Thumb Code     0  startup_stm32h743xx.o(.text)
    DFSDM1_FLT2_IRQHandler                   0x080002c7   Thumb Code     0  startup_stm32h743xx.o(.text)
    DFSDM1_FLT3_IRQHandler                   0x080002c7   Thumb Code     0  startup_stm32h743xx.o(.text)
    DMA1_Stream0_IRQHandler                  0x080002c7   Thumb Code     0  startup_stm32h743xx.o(.text)
    DMA1_Stream1_IRQHandler                  0x080002c7   Thumb Code     0  startup_stm32h743xx.o(.text)
    DMA1_Stream2_IRQHandler                  0x080002c7   Thumb Code     0  startup_stm32h743xx.o(.text)
    DMA1_Stream3_IRQHandler                  0x080002c7   Thumb Code     0  startup_stm32h743xx.o(.text)
    DMA1_Stream4_IRQHandler                  0x080002c7   Thumb Code     0  startup_stm32h743xx.o(.text)
    DMA1_Stream5_IRQHandler                  0x080002c7   Thumb Code     0  startup_stm32h743xx.o(.text)
    DMA1_Stream6_IRQHandler                  0x080002c7   Thumb Code     0  startup_stm32h743xx.o(.text)
    DMA1_Stream7_IRQHandler                  0x080002c7   Thumb Code     0  startup_stm32h743xx.o(.text)
    DMA2D_IRQHandler                         0x080002c7   Thumb Code     0  startup_stm32h743xx.o(.text)
    DMA2_Stream0_IRQHandler                  0x080002c7   Thumb Code     0  startup_stm32h743xx.o(.text)
    DMA2_Stream1_IRQHandler                  0x080002c7   Thumb Code     0  startup_stm32h743xx.o(.text)
    DMA2_Stream2_IRQHandler                  0x080002c7   Thumb Code     0  startup_stm32h743xx.o(.text)
    DMA2_Stream3_IRQHandler                  0x080002c7   Thumb Code     0  startup_stm32h743xx.o(.text)
    DMA2_Stream4_IRQHandler                  0x080002c7   Thumb Code     0  startup_stm32h743xx.o(.text)
    DMA2_Stream5_IRQHandler                  0x080002c7   Thumb Code     0  startup_stm32h743xx.o(.text)
    DMA2_Stream6_IRQHandler                  0x080002c7   Thumb Code     0  startup_stm32h743xx.o(.text)
    DMA2_Stream7_IRQHandler                  0x080002c7   Thumb Code     0  startup_stm32h743xx.o(.text)
    DMAMUX1_OVR_IRQHandler                   0x080002c7   Thumb Code     0  startup_stm32h743xx.o(.text)
    DMAMUX2_OVR_IRQHandler                   0x080002c7   Thumb Code     0  startup_stm32h743xx.o(.text)
    ECC_IRQHandler                           0x080002c7   Thumb Code     0  startup_stm32h743xx.o(.text)
    ETH_WKUP_IRQHandler                      0x080002c7   Thumb Code     0  startup_stm32h743xx.o(.text)
    EXTI0_IRQHandler                         0x080002c7   Thumb Code     0  startup_stm32h743xx.o(.text)
    EXTI15_10_IRQHandler                     0x080002c7   Thumb Code     0  startup_stm32h743xx.o(.text)
    EXTI1_IRQHandler                         0x080002c7   Thumb Code     0  startup_stm32h743xx.o(.text)
    EXTI2_IRQHandler                         0x080002c7   Thumb Code     0  startup_stm32h743xx.o(.text)
    EXTI3_IRQHandler                         0x080002c7   Thumb Code     0  startup_stm32h743xx.o(.text)
    EXTI4_IRQHandler                         0x080002c7   Thumb Code     0  startup_stm32h743xx.o(.text)
    EXTI9_5_IRQHandler                       0x080002c7   Thumb Code     0  startup_stm32h743xx.o(.text)
    FDCAN1_IT0_IRQHandler                    0x080002c7   Thumb Code     0  startup_stm32h743xx.o(.text)
    FDCAN1_IT1_IRQHandler                    0x080002c7   Thumb Code     0  startup_stm32h743xx.o(.text)
    FDCAN2_IT0_IRQHandler                    0x080002c7   Thumb Code     0  startup_stm32h743xx.o(.text)
    FDCAN2_IT1_IRQHandler                    0x080002c7   Thumb Code     0  startup_stm32h743xx.o(.text)
    FDCAN_CAL_IRQHandler                     0x080002c7   Thumb Code     0  startup_stm32h743xx.o(.text)
    FLASH_IRQHandler                         0x080002c7   Thumb Code     0  startup_stm32h743xx.o(.text)
    FMC_IRQHandler                           0x080002c7   Thumb Code     0  startup_stm32h743xx.o(.text)
    FPU_IRQHandler                           0x080002c7   Thumb Code     0  startup_stm32h743xx.o(.text)
    HRTIM1_FLT_IRQHandler                    0x080002c7   Thumb Code     0  startup_stm32h743xx.o(.text)
    HRTIM1_Master_IRQHandler                 0x080002c7   Thumb Code     0  startup_stm32h743xx.o(.text)
    HRTIM1_TIMA_IRQHandler                   0x080002c7   Thumb Code     0  startup_stm32h743xx.o(.text)
    HRTIM1_TIMB_IRQHandler                   0x080002c7   Thumb Code     0  startup_stm32h743xx.o(.text)
    HRTIM1_TIMC_IRQHandler                   0x080002c7   Thumb Code     0  startup_stm32h743xx.o(.text)
    HRTIM1_TIMD_IRQHandler                   0x080002c7   Thumb Code     0  startup_stm32h743xx.o(.text)
    HRTIM1_TIME_IRQHandler                   0x080002c7   Thumb Code     0  startup_stm32h743xx.o(.text)
    HSEM1_IRQHandler                         0x080002c7   Thumb Code     0  startup_stm32h743xx.o(.text)
    I2C1_ER_IRQHandler                       0x080002c7   Thumb Code     0  startup_stm32h743xx.o(.text)
    I2C1_EV_IRQHandler                       0x080002c7   Thumb Code     0  startup_stm32h743xx.o(.text)
    I2C2_ER_IRQHandler                       0x080002c7   Thumb Code     0  startup_stm32h743xx.o(.text)
    I2C2_EV_IRQHandler                       0x080002c7   Thumb Code     0  startup_stm32h743xx.o(.text)
    I2C3_ER_IRQHandler                       0x080002c7   Thumb Code     0  startup_stm32h743xx.o(.text)
    I2C3_EV_IRQHandler                       0x080002c7   Thumb Code     0  startup_stm32h743xx.o(.text)
    I2C4_ER_IRQHandler                       0x080002c7   Thumb Code     0  startup_stm32h743xx.o(.text)
    I2C4_EV_IRQHandler                       0x080002c7   Thumb Code     0  startup_stm32h743xx.o(.text)
    JPEG_IRQHandler                          0x080002c7   Thumb Code     0  startup_stm32h743xx.o(.text)
    LPTIM1_IRQHandler                        0x080002c7   Thumb Code     0  startup_stm32h743xx.o(.text)
    LPTIM2_IRQHandler                        0x080002c7   Thumb Code     0  startup_stm32h743xx.o(.text)
    LPTIM3_IRQHandler                        0x080002c7   Thumb Code     0  startup_stm32h743xx.o(.text)
    LPTIM4_IRQHandler                        0x080002c7   Thumb Code     0  startup_stm32h743xx.o(.text)
    LPTIM5_IRQHandler                        0x080002c7   Thumb Code     0  startup_stm32h743xx.o(.text)
    LPUART1_IRQHandler                       0x080002c7   Thumb Code     0  startup_stm32h743xx.o(.text)
    LTDC_ER_IRQHandler                       0x080002c7   Thumb Code     0  startup_stm32h743xx.o(.text)
    LTDC_IRQHandler                          0x080002c7   Thumb Code     0  startup_stm32h743xx.o(.text)
    MDIOS_IRQHandler                         0x080002c7   Thumb Code     0  startup_stm32h743xx.o(.text)
    MDIOS_WKUP_IRQHandler                    0x080002c7   Thumb Code     0  startup_stm32h743xx.o(.text)
    MDMA_IRQHandler                          0x080002c7   Thumb Code     0  startup_stm32h743xx.o(.text)
    OTG_FS_EP1_IN_IRQHandler                 0x080002c7   Thumb Code     0  startup_stm32h743xx.o(.text)
    OTG_FS_EP1_OUT_IRQHandler                0x080002c7   Thumb Code     0  startup_stm32h743xx.o(.text)
    OTG_FS_IRQHandler                        0x080002c7   Thumb Code     0  startup_stm32h743xx.o(.text)
    OTG_FS_WKUP_IRQHandler                   0x080002c7   Thumb Code     0  startup_stm32h743xx.o(.text)
    OTG_HS_EP1_IN_IRQHandler                 0x080002c7   Thumb Code     0  startup_stm32h743xx.o(.text)
    OTG_HS_EP1_OUT_IRQHandler                0x080002c7   Thumb Code     0  startup_stm32h743xx.o(.text)
    OTG_HS_IRQHandler                        0x080002c7   Thumb Code     0  startup_stm32h743xx.o(.text)
    OTG_HS_WKUP_IRQHandler                   0x080002c7   Thumb Code     0  startup_stm32h743xx.o(.text)
    PVD_AVD_IRQHandler                       0x080002c7   Thumb Code     0  startup_stm32h743xx.o(.text)
    QUADSPI_IRQHandler                       0x080002c7   Thumb Code     0  startup_stm32h743xx.o(.text)
    RCC_IRQHandler                           0x080002c7   Thumb Code     0  startup_stm32h743xx.o(.text)
    RNG_IRQHandler                           0x080002c7   Thumb Code     0  startup_stm32h743xx.o(.text)
    RTC_Alarm_IRQHandler                     0x080002c7   Thumb Code     0  startup_stm32h743xx.o(.text)
    RTC_WKUP_IRQHandler                      0x080002c7   Thumb Code     0  startup_stm32h743xx.o(.text)
    SAI1_IRQHandler                          0x080002c7   Thumb Code     0  startup_stm32h743xx.o(.text)
    SAI2_IRQHandler                          0x080002c7   Thumb Code     0  startup_stm32h743xx.o(.text)
    SAI3_IRQHandler                          0x080002c7   Thumb Code     0  startup_stm32h743xx.o(.text)
    SAI4_IRQHandler                          0x080002c7   Thumb Code     0  startup_stm32h743xx.o(.text)
    SDMMC1_IRQHandler                        0x080002c7   Thumb Code     0  startup_stm32h743xx.o(.text)
    SDMMC2_IRQHandler                        0x080002c7   Thumb Code     0  startup_stm32h743xx.o(.text)
    SPDIF_RX_IRQHandler                      0x080002c7   Thumb Code     0  startup_stm32h743xx.o(.text)
    SPI1_IRQHandler                          0x080002c7   Thumb Code     0  startup_stm32h743xx.o(.text)
    SPI2_IRQHandler                          0x080002c7   Thumb Code     0  startup_stm32h743xx.o(.text)
    SPI3_IRQHandler                          0x080002c7   Thumb Code     0  startup_stm32h743xx.o(.text)
    SPI4_IRQHandler                          0x080002c7   Thumb Code     0  startup_stm32h743xx.o(.text)
    SPI5_IRQHandler                          0x080002c7   Thumb Code     0  startup_stm32h743xx.o(.text)
    SPI6_IRQHandler                          0x080002c7   Thumb Code     0  startup_stm32h743xx.o(.text)
    SWPMI1_IRQHandler                        0x080002c7   Thumb Code     0  startup_stm32h743xx.o(.text)
    TAMP_STAMP_IRQHandler                    0x080002c7   Thumb Code     0  startup_stm32h743xx.o(.text)
    TIM15_IRQHandler                         0x080002c7   Thumb Code     0  startup_stm32h743xx.o(.text)
    TIM16_IRQHandler                         0x080002c7   Thumb Code     0  startup_stm32h743xx.o(.text)
    TIM17_IRQHandler                         0x080002c7   Thumb Code     0  startup_stm32h743xx.o(.text)
    TIM1_BRK_IRQHandler                      0x080002c7   Thumb Code     0  startup_stm32h743xx.o(.text)
    TIM1_CC_IRQHandler                       0x080002c7   Thumb Code     0  startup_stm32h743xx.o(.text)
    TIM1_TRG_COM_IRQHandler                  0x080002c7   Thumb Code     0  startup_stm32h743xx.o(.text)
    TIM1_UP_IRQHandler                       0x080002c7   Thumb Code     0  startup_stm32h743xx.o(.text)
    TIM2_IRQHandler                          0x080002c7   Thumb Code     0  startup_stm32h743xx.o(.text)
    TIM3_IRQHandler                          0x080002c7   Thumb Code     0  startup_stm32h743xx.o(.text)
    TIM4_IRQHandler                          0x080002c7   Thumb Code     0  startup_stm32h743xx.o(.text)
    TIM5_IRQHandler                          0x080002c7   Thumb Code     0  startup_stm32h743xx.o(.text)
    TIM6_DAC_IRQHandler                      0x080002c7   Thumb Code     0  startup_stm32h743xx.o(.text)
    TIM7_IRQHandler                          0x080002c7   Thumb Code     0  startup_stm32h743xx.o(.text)
    TIM8_BRK_TIM12_IRQHandler                0x080002c7   Thumb Code     0  startup_stm32h743xx.o(.text)
    TIM8_CC_IRQHandler                       0x080002c7   Thumb Code     0  startup_stm32h743xx.o(.text)
    TIM8_TRG_COM_TIM14_IRQHandler            0x080002c7   Thumb Code     0  startup_stm32h743xx.o(.text)
    TIM8_UP_TIM13_IRQHandler                 0x080002c7   Thumb Code     0  startup_stm32h743xx.o(.text)
    UART4_IRQHandler                         0x080002c7   Thumb Code     0  startup_stm32h743xx.o(.text)
    UART5_IRQHandler                         0x080002c7   Thumb Code     0  startup_stm32h743xx.o(.text)
    UART7_IRQHandler                         0x080002c7   Thumb Code     0  startup_stm32h743xx.o(.text)
    UART8_IRQHandler                         0x080002c7   Thumb Code     0  startup_stm32h743xx.o(.text)
    USART1_IRQHandler                        0x080002c7   Thumb Code     0  startup_stm32h743xx.o(.text)
    USART2_IRQHandler                        0x080002c7   Thumb Code     0  startup_stm32h743xx.o(.text)
    USART3_IRQHandler                        0x080002c7   Thumb Code     0  startup_stm32h743xx.o(.text)
    USART6_IRQHandler                        0x080002c7   Thumb Code     0  startup_stm32h743xx.o(.text)
    WAKEUP_PIN_IRQHandler                    0x080002c7   Thumb Code     0  startup_stm32h743xx.o(.text)
    WWDG_IRQHandler                          0x080002c7   Thumb Code     0  startup_stm32h743xx.o(.text)
    __aeabi_uldivmod                         0x080002d1   Thumb Code    98  uldiv.o(.text)
    __aeabi_memcpy                           0x08000333   Thumb Code    36  memcpya.o(.text)
    __aeabi_memcpy4                          0x08000333   Thumb Code     0  memcpya.o(.text)
    __aeabi_memcpy8                          0x08000333   Thumb Code     0  memcpya.o(.text)
    __aeabi_memset                           0x08000357   Thumb Code    14  memseta.o(.text)
    __aeabi_memset4                          0x08000357   Thumb Code     0  memseta.o(.text)
    __aeabi_memset8                          0x08000357   Thumb Code     0  memseta.o(.text)
    __aeabi_memclr                           0x08000365   Thumb Code     4  memseta.o(.text)
    __aeabi_memclr4                          0x08000365   Thumb Code     0  memseta.o(.text)
    __aeabi_memclr8                          0x08000365   Thumb Code     0  memseta.o(.text)
    _memset$wrapper                          0x08000369   Thumb Code    18  memseta.o(.text)
    memcmp                                   0x0800037b   Thumb Code    26  memcmp.o(.text)
    __aeabi_uidiv                            0x08000395   Thumb Code     0  uidiv.o(.text)
    __aeabi_uidivmod                         0x08000395   Thumb Code    44  uidiv.o(.text)
    __aeabi_llsl                             0x080003c1   Thumb Code    30  llshl.o(.text)
    _ll_shift_l                              0x080003c1   Thumb Code     0  llshl.o(.text)
    __aeabi_llsr                             0x080003df   Thumb Code    32  llushr.o(.text)
    _ll_ushift_r                             0x080003df   Thumb Code     0  llushr.o(.text)
    __scatterload                            0x08000401   Thumb Code    28  init.o(.text)
    __scatterload_rt2                        0x08000401   Thumb Code     0  init.o(.text)
    BusFault_Handler                         0x08000425   Thumb Code     2  stm32h7xx_it.o(i.BusFault_Handler)
    DebugMon_Handler                         0x08000427   Thumb Code     2  stm32h7xx_it.o(i.DebugMon_Handler)
    ETH_IRQHandler                           0x08000429   Thumb Code     6  stm32h7xx_it.o(i.ETH_IRQHandler)
    ETH_PHY_IO_DeInit                        0x0800050d   Thumb Code     4  ethernetif.o(i.ETH_PHY_IO_DeInit)
    ETH_PHY_IO_GetTick                       0x08000511   Thumb Code     4  ethernetif.o(i.ETH_PHY_IO_GetTick)
    ETH_PHY_IO_Init                          0x08000515   Thumb Code    12  ethernetif.o(i.ETH_PHY_IO_Init)
    ETH_PHY_IO_ReadReg                       0x08000525   Thumb Code    24  ethernetif.o(i.ETH_PHY_IO_ReadReg)
    ETH_PHY_IO_WriteReg                      0x08000541   Thumb Code    24  ethernetif.o(i.ETH_PHY_IO_WriteReg)
    Error_Handler                            0x08000ab9   Thumb Code     2  main.o(i.Error_Handler)
    HAL_Delay                                0x08000abd   Thumb Code    32  stm32h7xx_hal.o(i.HAL_Delay)
    HAL_ETH_DMAErrorCallback                 0x08000ae1   Thumb Code     2  stm32h7xx_hal_eth.o(i.HAL_ETH_DMAErrorCallback)
    HAL_ETH_DescAssignMemory                 0x08000ae3   Thumb Code    60  stm32h7xx_hal_eth.o(i.HAL_ETH_DescAssignMemory)
    HAL_ETH_EEECallback                      0x08000b1f   Thumb Code     2  stm32h7xx_hal_eth.o(i.HAL_ETH_EEECallback)
    HAL_ETH_GetMACConfig                     0x08000b21   Thumb Code   460  stm32h7xx_hal_eth.o(i.HAL_ETH_GetMACConfig)
    HAL_ETH_IRQHandler                       0x08000ced   Thumb Code   296  stm32h7xx_hal_eth.o(i.HAL_ETH_IRQHandler)
    HAL_ETH_Init                             0x08000e15   Thumb Code   474  stm32h7xx_hal_eth.o(i.HAL_ETH_Init)
    HAL_ETH_MACErrorCallback                 0x08001019   Thumb Code     2  stm32h7xx_hal_eth.o(i.HAL_ETH_MACErrorCallback)
    HAL_ETH_MspInit                          0x0800101d   Thumb Code   212  ethernetif.o(i.HAL_ETH_MspInit)
    HAL_ETH_PMTCallback                      0x08001105   Thumb Code     2  stm32h7xx_hal_eth.o(i.HAL_ETH_PMTCallback)
    HAL_ETH_ReadPHYRegister                  0x08001109   Thumb Code   100  stm32h7xx_hal_eth.o(i.HAL_ETH_ReadPHYRegister)
    HAL_ETH_RxCpltCallback                   0x0800116d   Thumb Code     2  stm32h7xx_hal_eth.o(i.HAL_ETH_RxCpltCallback)
    HAL_ETH_SetMACConfig                     0x0800116f   Thumb Code    22  stm32h7xx_hal_eth.o(i.HAL_ETH_SetMACConfig)
    HAL_ETH_SetMDIOClockRange                0x08001185   Thumb Code    88  stm32h7xx_hal_eth.o(i.HAL_ETH_SetMDIOClockRange)
    HAL_ETH_Start                            0x080011fd   Thumb Code   116  stm32h7xx_hal_eth.o(i.HAL_ETH_Start)
    HAL_ETH_Stop                             0x08001271   Thumb Code    92  stm32h7xx_hal_eth.o(i.HAL_ETH_Stop)
    HAL_ETH_Transmit                         0x080012cd   Thumb Code   184  stm32h7xx_hal_eth.o(i.HAL_ETH_Transmit)
    HAL_ETH_TxCpltCallback                   0x08001385   Thumb Code     2  stm32h7xx_hal_eth.o(i.HAL_ETH_TxCpltCallback)
    HAL_ETH_WakeUpCallback                   0x08001387   Thumb Code     2  stm32h7xx_hal_eth.o(i.HAL_ETH_WakeUpCallback)
    HAL_ETH_WritePHYRegister                 0x08001389   Thumb Code    94  stm32h7xx_hal_eth.o(i.HAL_ETH_WritePHYRegister)
    HAL_GPIO_Init                            0x080013ed   Thumb Code   510  stm32h7xx_hal_gpio.o(i.HAL_GPIO_Init)
    HAL_GPIO_TogglePin                       0x0800161d   Thumb Code    14  stm32h7xx_hal_gpio.o(i.HAL_GPIO_TogglePin)
    HAL_GPIO_WritePin                        0x0800162b   Thumb Code    10  stm32h7xx_hal_gpio.o(i.HAL_GPIO_WritePin)
    HAL_GetREVID                             0x08001635   Thumb Code     8  stm32h7xx_hal.o(i.HAL_GetREVID)
    HAL_GetTick                              0x08001641   Thumb Code     6  stm32h7xx_hal.o(i.HAL_GetTick)
    HAL_IncTick                              0x0800164d   Thumb Code    12  stm32h7xx_hal.o(i.HAL_IncTick)
    HAL_Init                                 0x0800165d   Thumb Code    74  stm32h7xx_hal.o(i.HAL_Init)
    HAL_InitTick                             0x080016b9   Thumb Code    56  stm32h7xx_hal.o(i.HAL_InitTick)
    HAL_MspInit                              0x080016f9   Thumb Code    22  stm32h7xx_hal_msp.o(i.HAL_MspInit)
    HAL_NVIC_EnableIRQ                       0x08001715   Thumb Code    26  stm32h7xx_hal_cortex.o(i.HAL_NVIC_EnableIRQ)
    HAL_NVIC_SetPriority                     0x08001731   Thumb Code    60  stm32h7xx_hal_cortex.o(i.HAL_NVIC_SetPriority)
    HAL_NVIC_SetPriorityGrouping             0x08001771   Thumb Code    28  stm32h7xx_hal_cortex.o(i.HAL_NVIC_SetPriorityGrouping)
    HAL_PWREx_ConfigSupply                   0x08001795   Thumb Code    78  stm32h7xx_hal_pwr_ex.o(i.HAL_PWREx_ConfigSupply)
    HAL_RCCEx_GetD3PCLK1Freq                 0x080017e9   Thumb Code    26  stm32h7xx_hal_rcc_ex.o(i.HAL_RCCEx_GetD3PCLK1Freq)
    HAL_RCCEx_GetPLL2ClockFreq               0x0800180d   Thumb Code   296  stm32h7xx_hal_rcc_ex.o(i.HAL_RCCEx_GetPLL2ClockFreq)
    HAL_RCCEx_GetPLL3ClockFreq               0x08001951   Thumb Code   296  stm32h7xx_hal_rcc_ex.o(i.HAL_RCCEx_GetPLL3ClockFreq)
    HAL_RCCEx_PeriphCLKConfig                0x08001a95   Thumb Code  2204  stm32h7xx_hal_rcc_ex.o(i.HAL_RCCEx_PeriphCLKConfig)
    HAL_RCC_ClockConfig                      0x08002331   Thumb Code   580  stm32h7xx_hal_rcc.o(i.HAL_RCC_ClockConfig)
    HAL_RCC_GetHCLKFreq                      0x0800258d   Thumb Code    52  stm32h7xx_hal_rcc.o(i.HAL_RCC_GetHCLKFreq)
    HAL_RCC_GetPCLK1Freq                     0x080025d1   Thumb Code    26  stm32h7xx_hal_rcc.o(i.HAL_RCC_GetPCLK1Freq)
    HAL_RCC_GetPCLK2Freq                     0x080025f5   Thumb Code    26  stm32h7xx_hal_rcc.o(i.HAL_RCC_GetPCLK2Freq)
    HAL_RCC_GetSysClockFreq                  0x08002619   Thumb Code   278  stm32h7xx_hal_rcc.o(i.HAL_RCC_GetSysClockFreq)
    HAL_RCC_MCOConfig                        0x08002751   Thumb Code   130  stm32h7xx_hal_rcc.o(i.HAL_RCC_MCOConfig)
    HAL_RCC_OscConfig                        0x080027e5   Thumb Code  1258  stm32h7xx_hal_rcc.o(i.HAL_RCC_OscConfig)
    HAL_SYSCFG_ETHInterfaceSelect            0x08002cd1   Thumb Code    14  stm32h7xx_hal.o(i.HAL_SYSCFG_ETHInterfaceSelect)
    HAL_SYSTICK_Config                       0x08002ce5   Thumb Code    38  stm32h7xx_hal_cortex.o(i.HAL_SYSTICK_Config)
    HAL_UARTEx_DisableFifoMode               0x08002d0b   Thumb Code    64  stm32h7xx_hal_uart_ex.o(i.HAL_UARTEx_DisableFifoMode)
    HAL_UARTEx_SetRxFifoThreshold            0x08002d4b   Thumb Code    76  stm32h7xx_hal_uart_ex.o(i.HAL_UARTEx_SetRxFifoThreshold)
    HAL_UARTEx_SetTxFifoThreshold            0x08002d97   Thumb Code    76  stm32h7xx_hal_uart_ex.o(i.HAL_UARTEx_SetTxFifoThreshold)
    HAL_UART_Init                            0x08002de3   Thumb Code   106  stm32h7xx_hal_uart.o(i.HAL_UART_Init)
    HAL_UART_MspInit                         0x08002e4d   Thumb Code   126  usart.o(i.HAL_UART_MspInit)
    HAL_UART_Transmit                        0x08002edd   Thumb Code   190  stm32h7xx_hal_uart.o(i.HAL_UART_Transmit)
    HardFault_Handler                        0x08002f9b   Thumb Code     2  stm32h7xx_it.o(i.HardFault_Handler)
    LAN8742_GetLinkState                     0x08002f9d   Thumb Code   148  lan8742.o(i.LAN8742_GetLinkState)
    LAN8742_Init                             0x08003031   Thumb Code   204  lan8742.o(i.LAN8742_Init)
    LAN8742_RegisterBusIO                    0x080030fd   Thumb Code    44  lan8742.o(i.LAN8742_RegisterBusIO)
    MX_GPIO_Init                             0x08003129   Thumb Code   210  gpio.o(i.MX_GPIO_Init)
    MX_LWIP_Init                             0x0800320d   Thumb Code   196  lwip.o(i.MX_LWIP_Init)
    MX_USART2_UART_Init                      0x080032e1   Thumb Code    94  usart.o(i.MX_USART2_UART_Init)
    MemManage_Handler                        0x08003349   Thumb Code     2  stm32h7xx_it.o(i.MemManage_Handler)
    NMI_Handler                              0x0800334b   Thumb Code     2  stm32h7xx_it.o(i.NMI_Handler)
    PendSV_Handler                           0x0800334d   Thumb Code     2  stm32h7xx_it.o(i.PendSV_Handler)
    SVC_Handler                              0x08003591   Thumb Code     2  stm32h7xx_it.o(i.SVC_Handler)
    SysTick_Handler                          0x08003593   Thumb Code     4  stm32h7xx_it.o(i.SysTick_Handler)
    SystemClock_Config                       0x08003599   Thumb Code   172  main.o(i.SystemClock_Config)
    SystemInit                               0x0800364d   Thumb Code   134  system_stm32h7xx.o(i.SystemInit)
    UART_AdvFeatureConfig                    0x0800374d   Thumb Code   200  stm32h7xx_hal_uart.o(i.UART_AdvFeatureConfig)
    UART_CheckIdleState                      0x08003815   Thumb Code    94  stm32h7xx_hal_uart.o(i.UART_CheckIdleState)
    UART_SetConfig                           0x08003875   Thumb Code  3084  stm32h7xx_hal_uart.o(i.UART_SetConfig)
    UART_WaitOnFlagUntilTimeout              0x08004485   Thumb Code   164  stm32h7xx_hal_uart.o(i.UART_WaitOnFlagUntilTimeout)
    UsageFault_Handler                       0x08004529   Thumb Code     2  stm32h7xx_it.o(i.UsageFault_Handler)
    __0printf$3                              0x0800452d   Thumb Code    22  printf3.o(i.__0printf$3)
    __1printf$3                              0x0800452d   Thumb Code     0  printf3.o(i.__0printf$3)
    __2printf                                0x0800452d   Thumb Code     0  printf3.o(i.__0printf$3)
    __scatterload_copy                       0x0800456f   Thumb Code    14  handlers.o(i.__scatterload_copy)
    __scatterload_null                       0x0800457d   Thumb Code     2  handlers.o(i.__scatterload_null)
    __scatterload_zeroinit                   0x0800457f   Thumb Code    14  handlers.o(i.__scatterload_zeroinit)
    etharp_cleanup_netif                     0x080048a1   Thumb Code    42  etharp.o(i.etharp_cleanup_netif)
    etharp_input                             0x08004b4d   Thumb Code   148  etharp.o(i.etharp_input)
    etharp_output                            0x08004c51   Thumb Code   272  etharp.o(i.etharp_output)
    etharp_query                             0x08004f09   Thumb Code   300  etharp.o(i.etharp_query)
    etharp_request                           0x08005251   Thumb Code     6  etharp.o(i.etharp_request)
    etharp_tmr                               0x0800527d   Thumb Code    92  etharp.o(i.etharp_tmr)
    ethernet_input                           0x080053f9   Thumb Code   154  ethernet.o(i.ethernet_input)
    ethernet_link_check_state                0x08005499   Thumb Code   136  ethernetif.o(i.ethernet_link_check_state)
    ethernet_output                          0x08005525   Thumb Code    98  ethernet.o(i.ethernet_output)
    ethernetif_init                          0x0800561d   Thumb Code    50  ethernetif.o(i.ethernetif_init)
    fputc                                    0x080056a5   Thumb Code    52  main.o(i.fputc)
    icmp_dest_unreach                        0x080056e1   Thumb Code     8  icmp.o(i.icmp_dest_unreach)
    icmp_input                               0x080056e9   Thumb Code   278  icmp.o(i.icmp_input)
    icmp_time_exceeded                       0x080059dd   Thumb Code     8  icmp.o(i.icmp_time_exceeded)
    ip4_addr_isbroadcast_u32                 0x080059e5   Thumb Code    46  ip4_addr.o(i.ip4_addr_isbroadcast_u32)
    ip4_frag                                 0x08005a15   Thumb Code   390  ip4_frag.o(i.ip4_frag)
    ip4_input                                0x08005c69   Thumb Code   410  ip4.o(i.ip4_input)
    ip4_output_if                            0x08005e0d   Thumb Code    30  ip4.o(i.ip4_output_if)
    ip4_output_if_src                        0x08005e2d   Thumb Code   206  ip4.o(i.ip4_output_if_src)
    ip4_reass                                0x08005f9d   Thumb Code   432  ip4_frag.o(i.ip4_reass)
    ip4_route                                0x08006151   Thumb Code    82  ip4.o(i.ip4_route)
    ip_reass_tmr                             0x08006769   Thumb Code    40  ip4_frag.o(i.ip_reass_tmr)
    lwip_htonl                               0x080069a5   Thumb Code     4  def.o(i.lwip_htonl)
    lwip_htons                               0x080069a9   Thumb Code     4  def.o(i.lwip_htons)
    lwip_init                                0x080069ad   Thumb Code    30  init.o(i.lwip_init)
    main                                     0x080069cd   Thumb Code   176  main.o(i.main)
    mem_free                                 0x08006a9d   Thumb Code   110  mem.o(i.mem_free)
    mem_init                                 0x08006bb9   Thumb Code    36  mem.o(i.mem_init)
    mem_malloc                               0x08006be9   Thumb Code   256  mem.o(i.mem_malloc)
    mem_trim                                 0x08006de5   Thumb Code   246  mem.o(i.mem_trim)
    memp_free                                0x08006f71   Thumb Code    34  memp.o(i.memp_free)
    memp_init                                0x0800700d   Thumb Code    26  memp.o(i.memp_init)
    memp_init_pool                           0x0800702d   Thumb Code    42  memp.o(i.memp_init_pool)
    memp_malloc                              0x08007059   Thumb Code    38  memp.o(i.memp_malloc)
    netif_add                                0x080070fd   Thumb Code   106  netif.o(i.netif_add)
    netif_init                               0x080071e1   Thumb Code     2  netif.o(i.netif_init)
    netif_set_addr                           0x080071fd   Thumb Code    72  netif.o(i.netif_set_addr)
    netif_set_default                        0x08007245   Thumb Code     6  netif.o(i.netif_set_default)
    netif_set_down                           0x08007251   Thumb Code    26  netif.o(i.netif_set_down)
    netif_set_gw                             0x0800726b   Thumb Code     8  netif.o(i.netif_set_gw)
    netif_set_ipaddr                         0x08007275   Thumb Code    60  netif.o(i.netif_set_ipaddr)
    netif_set_link_down                      0x080072b5   Thumb Code    18  netif.o(i.netif_set_link_down)
    netif_set_link_up                        0x080072c7   Thumb Code    28  netif.o(i.netif_set_link_up)
    netif_set_netmask                        0x080072e3   Thumb Code     8  netif.o(i.netif_set_netmask)
    netif_set_up                             0x080072eb   Thumb Code    28  netif.o(i.netif_set_up)
    pbuf_alloc                               0x08007309   Thumb Code   478  pbuf.o(i.pbuf_alloc)
    pbuf_alloced_custom                      0x08007685   Thumb Code    98  pbuf.o(i.pbuf_alloced_custom)
    pbuf_cat                                 0x08007765   Thumb Code    96  pbuf.o(i.pbuf_cat)
    pbuf_clen                                0x08007895   Thumb Code    18  pbuf.o(i.pbuf_clen)
    pbuf_copy                                0x080078a9   Thumb Code   242  pbuf.o(i.pbuf_copy)
    pbuf_copy_partial                        0x08007a95   Thumb Code   126  pbuf.o(i.pbuf_copy_partial)
    pbuf_free                                0x08007bb1   Thumb Code   174  pbuf.o(i.pbuf_free)
    pbuf_header                              0x08007d19   Thumb Code     6  pbuf.o(i.pbuf_header)
    pbuf_header_force                        0x08007d1f   Thumb Code     6  pbuf.o(i.pbuf_header_force)
    pbuf_realloc                             0x08007e49   Thumb Code   196  pbuf.o(i.pbuf_realloc)
    pbuf_ref                                 0x08007fe1   Thumb Code    32  pbuf.o(i.pbuf_ref)
    sys_now                                  0x080081e9   Thumb Code     4  ethernetif.o(i.sys_now)
    sys_timeout                              0x080081ed   Thumb Code   156  timeouts.o(i.sys_timeout)
    sys_timeouts_init                        0x08008329   Thumb Code    38  timeouts.o(i.sys_timeouts_init)
    tcp_abandon                              0x0800835d   Thumb Code   230  tcp.o(i.tcp_abandon)
    tcp_abort                                0x080084d5   Thumb Code     6  tcp.o(i.tcp_abort)
    tcp_alloc                                0x080084dd   Thumb Code   248  tcp.o(i.tcp_alloc)
    tcp_close                                0x080085e1   Thumb Code    20  tcp.o(i.tcp_close)
    tcp_eff_send_mss_impl                    0x08008965   Thumb Code    34  tcp.o(i.tcp_eff_send_mss_impl)
    tcp_enqueue_flags                        0x08008989   Thumb Code   262  tcp_out.o(i.tcp_enqueue_flags)
    tcp_fasttmr                              0x08008b99   Thumb Code   102  tcp.o(i.tcp_fasttmr)
    tcp_init                                 0x08008c35   Thumb Code     2  tcp.o(i.tcp_init)
    tcp_input                                0x08008c39   Thumb Code  1496  tcp_in.o(i.tcp_input)
    tcp_keepalive                            0x08009251   Thumb Code    82  tcp_out.o(i.tcp_keepalive)
    tcp_netif_ip_addr_changed                0x08009521   Thumb Code    72  tcp.o(i.tcp_netif_ip_addr_changed)
    tcp_next_iss                             0x08009591   Thumb Code    12  tcp.o(i.tcp_next_iss)
    tcp_output                               0x0800961d   Thumb Code   562  tcp_out.o(i.tcp_output)
    tcp_pcb_purge                            0x08009b25   Thumb Code    66  tcp.o(i.tcp_pcb_purge)
    tcp_pcb_remove                           0x08009b69   Thumb Code   140  tcp.o(i.tcp_pcb_remove)
    tcp_process_refused_data                 0x0800a121   Thumb Code   108  tcp.o(i.tcp_process_refused_data)
    tcp_recv_null                            0x0800abbf   Thumb Code    36  tcp.o(i.tcp_recv_null)
    tcp_recved                               0x0800abe5   Thumb Code   106  tcp.o(i.tcp_recved)
    tcp_rexmit                               0x0800acf5   Thumb Code    86  tcp_out.o(i.tcp_rexmit)
    tcp_rexmit_fast                          0x0800ad4b   Thumb Code    88  tcp_out.o(i.tcp_rexmit_fast)
    tcp_rexmit_rto                           0x0800ada3   Thumb Code    48  tcp_out.o(i.tcp_rexmit_rto)
    tcp_rst                                  0x0800add5   Thumb Code   148  tcp_out.o(i.tcp_rst)
    tcp_seg_copy                             0x0800aef5   Thumb Code    40  tcp.o(i.tcp_seg_copy)
    tcp_seg_free                             0x0800af1d   Thumb Code    28  tcp.o(i.tcp_seg_free)
    tcp_segs_free                            0x0800af39   Thumb Code    18  tcp.o(i.tcp_segs_free)
    tcp_send_empty_ack                       0x0800af4b   Thumb Code   114  tcp_out.o(i.tcp_send_empty_ack)
    tcp_send_fin                             0x0800afbd   Thumb Code    68  tcp_out.o(i.tcp_send_fin)
    tcp_slowtmr                              0x0800b001   Thumb Code   786  tcp.o(i.tcp_slowtmr)
    tcp_timer_needed                         0x0800b4dd   Thumb Code    36  timeouts.o(i.tcp_timer_needed)
    tcp_tmr                                  0x0800b579   Thumb Code    28  tcp.o(i.tcp_tmr)
    tcp_trigger_input_pcb_close              0x0800b599   Thumb Code    12  tcp_in.o(i.tcp_trigger_input_pcb_close)
    tcp_update_rcv_ann_wnd                   0x0800b5a9   Thumb Code    76  tcp.o(i.tcp_update_rcv_ann_wnd)
    tcp_zero_window_probe                    0x0800b669   Thumb Code   174  tcp_out.o(i.tcp_zero_window_probe)
    udp_init                                 0x0800b751   Thumb Code     2  udp.o(i.udp_init)
    udp_input                                0x0800b755   Thumb Code   294  udp.o(i.udp_input)
    udp_netif_ip_addr_changed                0x0800b8f1   Thumb Code    48  udp.o(i.udp_netif_ip_addr_changed)
    memp_RX_POOL                             0x0800b924   Data          12  ethernetif.o(.constdata)
    D1CorePrescTable                         0x0800b930   Data          16  system_stm32h7xx.o(.constdata)
    ethbroadcast                             0x0800b940   Data           6  ethernet.o(.constdata)
    ethzero                                  0x0800b946   Data           6  ethernet.o(.constdata)
    memp_UDP_PCB                             0x0800b94c   Data          12  memp.o(.constdata)
    memp_TCP_PCB                             0x0800b958   Data          12  memp.o(.constdata)
    memp_TCP_PCB_LISTEN                      0x0800b964   Data          12  memp.o(.constdata)
    memp_TCP_SEG                             0x0800b970   Data          12  memp.o(.constdata)
    memp_REASSDATA                           0x0800b97c   Data          12  memp.o(.constdata)
    memp_FRAG_PBUF                           0x0800b988   Data          12  memp.o(.constdata)
    memp_SYS_TIMEOUT                         0x0800b994   Data          12  memp.o(.constdata)
    memp_PBUF                                0x0800b9a0   Data          12  memp.o(.constdata)
    memp_PBUF_POOL                           0x0800b9ac   Data          12  memp.o(.constdata)
    memp_pools                               0x0800b9b8   Data          36  memp.o(.constdata)
    tcp_pcb_lists                            0x0800ba20   Data          16  tcp.o(.constdata)
    lwip_cyclic_timers                       0x0800ba30   Data          24  timeouts.o(.constdata)
    ip_addr_any                              0x0800ba48   Data           4  ip4_addr.o(.constdata)
    Region$$Table$$Base                      0x0800bb60   Number         0  anon$$obj.o(Region$$Table)
    Region$$Table$$Limit                     0x0800bb80   Number         0  anon$$obj.o(Region$$Table)
    ipaddr                                   0x24000000   Data           4  lwip.o(.data)
    netmask                                  0x24000004   Data           4  lwip.o(.data)
    gw                                       0x24000008   Data           4  lwip.o(.data)
    IP_ADDRESS                               0x2400000c   Data           4  lwip.o(.data)
    NETMASK_ADDRESS                          0x24000010   Data           4  lwip.o(.data)
    GATEWAY_ADDRESS                          0x24000014   Data           4  lwip.o(.data)
    LAN8742_IOCtx                            0x24000018   Data          20  ethernetif.o(.data)
    uwTickFreq                               0x24000030   Data           1  stm32h7xx_hal.o(.data)
    uwTickPrio                               0x24000034   Data           4  stm32h7xx_hal.o(.data)
    uwTick                                   0x24000038   Data           4  stm32h7xx_hal.o(.data)
    SystemCoreClock                          0x2400003c   Data           4  system_stm32h7xx.o(.data)
    SystemD2Clock                            0x24000040   Data           4  system_stm32h7xx.o(.data)
    netif_list                               0x24000078   Data           4  netif.o(.data)
    netif_default                            0x2400007c   Data           4  netif.o(.data)
    pbuf_free_ooseq_pending                  0x24000080   Data           1  pbuf.o(.data)
    tcp_active_pcbs_changed                  0x24000084   Data           1  tcp.o(.data)
    tcp_ticks                                0x24000090   Data           4  tcp.o(.data)
    tcp_bound_pcbs                           0x24000094   Data           4  tcp.o(.data)
    tcp_listen_pcbs                          0x24000098   Data           4  tcp.o(.data)
    tcp_active_pcbs                          0x2400009c   Data           4  tcp.o(.data)
    tcp_tw_pcbs                              0x240000a0   Data           4  tcp.o(.data)
    tcp_input_pcb                            0x240000c4   Data           4  tcp_in.o(.data)
    udp_pcbs                                 0x240000d8   Data           4  udp.o(.data)
    __stdout                                 0x240000e8   Data           4  stdout.o(.data)
    gnetif                                   0x240000ec   Data          48  lwip.o(.bss)
    heth                                     0x2400011c   Data         112  ethernetif.o(.bss)
    TxConfig                                 0x2400018c   Data          52  ethernetif.o(.bss)
    LAN8742                                  0x240001c0   Data          32  ethernetif.o(.bss)
    memp_memory_RX_POOL_base                 0x240001e0   Data         203  ethernetif.o(.bss)
    huart2                                   0x240002ac   Data         140  usart.o(.bss)
    ip_data                                  0x24000338   Data          24  ip.o(.bss)
    memp_memory_UDP_PCB_base                 0x24000350   Data         131  memp.o(.bss)
    memp_memory_TCP_PCB_base                 0x240003d3   Data         763  memp.o(.bss)
    memp_memory_TCP_PCB_LISTEN_base          0x240006ce   Data         227  memp.o(.bss)
    memp_memory_TCP_SEG_base                 0x240007b1   Data         259  memp.o(.bss)
    memp_memory_REASSDATA_base               0x240008b4   Data         163  memp.o(.bss)
    memp_memory_FRAG_PBUF_base               0x24000957   Data         363  memp.o(.bss)
    memp_memory_SYS_TIMEOUT_base             0x24000ac2   Data          51  memp.o(.bss)
    memp_memory_PBUF_base                    0x24000af5   Data         259  memp.o(.bss)
    memp_memory_PBUF_POOL_base               0x24000bf8   Data        9731  memp.o(.bss)
    __initial_sp                             0x24003700   Data           0  startup_stm32h743xx.o(STACK)
    DMARxDscrTab                             0x30040000   Data          96  ethernetif.o(.ARM.__AT_0x30040000)
    DMATxDscrTab                             0x30040060   Data          96  ethernetif.o(.ARM.__AT_0x30040060)
    Rx_Buff                                  0x30040200   Data        6144  ethernetif.o(.ARM.__AT_0x30040200)



==============================================================================

Memory Map of the image

  Image Entry point : 0x08000299

  Load Region LR_IROM1 (Base: 0x08000000, Size: 0x0000bc6c, Max: 0x00200000, ABSOLUTE)

    Execution Region ER_IROM1 (Exec base: 0x08000000, Load base: 0x08000000, Size: 0x0000bb80, Max: 0x00200000, ABSOLUTE)

    Exec Addr    Load Addr    Size         Type   Attr      Idx    E Section Name        Object

    0x08000000   0x08000000   0x00000298   Data   RO            3    RESET               startup_stm32h743xx.o
    0x08000298   0x08000298   0x00000000   Code   RO         7208  * .ARM.Collect$$$$00000000  mc_w.l(entry.o)
    0x08000298   0x08000298   0x00000004   Code   RO         7486    .ARM.Collect$$$$00000001  mc_w.l(entry2.o)
    0x0800029c   0x0800029c   0x00000004   Code   RO         7489    .ARM.Collect$$$$00000004  mc_w.l(entry5.o)
    0x080002a0   0x080002a0   0x00000000   Code   RO         7491    .ARM.Collect$$$$00000008  mc_w.l(entry7b.o)
    0x080002a0   0x080002a0   0x00000000   Code   RO         7493    .ARM.Collect$$$$0000000A  mc_w.l(entry8b.o)
    0x080002a0   0x080002a0   0x00000008   Code   RO         7494    .ARM.Collect$$$$0000000B  mc_w.l(entry9a.o)
    0x080002a8   0x080002a8   0x00000000   Code   RO         7496    .ARM.Collect$$$$0000000D  mc_w.l(entry10a.o)
    0x080002a8   0x080002a8   0x00000000   Code   RO         7498    .ARM.Collect$$$$0000000F  mc_w.l(entry11a.o)
    0x080002a8   0x080002a8   0x00000004   Code   RO         7487    .ARM.Collect$$$$00002712  mc_w.l(entry2.o)
    0x080002ac   0x080002ac   0x00000024   Code   RO            4    .text               startup_stm32h743xx.o
    0x080002d0   0x080002d0   0x00000062   Code   RO         7211    .text               mc_w.l(uldiv.o)
    0x08000332   0x08000332   0x00000024   Code   RO         7213    .text               mc_w.l(memcpya.o)
    0x08000356   0x08000356   0x00000024   Code   RO         7215    .text               mc_w.l(memseta.o)
    0x0800037a   0x0800037a   0x0000001a   Code   RO         7219    .text               mc_w.l(memcmp.o)
    0x08000394   0x08000394   0x0000002c   Code   RO         7501    .text               mc_w.l(uidiv.o)
    0x080003c0   0x080003c0   0x0000001e   Code   RO         7503    .text               mc_w.l(llshl.o)
    0x080003de   0x080003de   0x00000020   Code   RO         7505    .text               mc_w.l(llushr.o)
    0x080003fe   0x080003fe   0x00000002   PAD
    0x08000400   0x08000400   0x00000024   Code   RO         7518    .text               mc_w.l(init.o)
    0x08000424   0x08000424   0x00000002   Code   RO          563    i.BusFault_Handler  stm32h7xx_it.o
    0x08000426   0x08000426   0x00000002   Code   RO          564    i.DebugMon_Handler  stm32h7xx_it.o
    0x08000428   0x08000428   0x0000000c   Code   RO          565    i.ETH_IRQHandler    stm32h7xx_it.o
    0x08000434   0x08000434   0x000000d8   Code   RO          669    i.ETH_MACDMAConfig  stm32h7xx_hal_eth.o
    0x0800050c   0x0800050c   0x00000004   Code   RO          375    i.ETH_PHY_IO_DeInit  ethernetif.o
    0x08000510   0x08000510   0x00000004   Code   RO          376    i.ETH_PHY_IO_GetTick  ethernetif.o
    0x08000514   0x08000514   0x00000010   Code   RO          377    i.ETH_PHY_IO_Init   ethernetif.o
    0x08000524   0x08000524   0x0000001c   Code   RO          378    i.ETH_PHY_IO_ReadReg  ethernetif.o
    0x08000540   0x08000540   0x0000001c   Code   RO          379    i.ETH_PHY_IO_WriteReg  ethernetif.o
    0x0800055c   0x0800055c   0x00000300   Code   RO          670    i.ETH_Prepare_Tx_Descriptors  stm32h7xx_hal_eth.o
    0x0800085c   0x0800085c   0x000000b4   Code   RO          671    i.ETH_SetDMAConfig  stm32h7xx_hal_eth.o
    0x08000910   0x08000910   0x000001a8   Code   RO          672    i.ETH_SetMACConfig  stm32h7xx_hal_eth.o
    0x08000ab8   0x08000ab8   0x00000002   Code   RO           13    i.Error_Handler     main.o
    0x08000aba   0x08000aba   0x00000002   PAD
    0x08000abc   0x08000abc   0x00000024   Code   RO         2606    i.HAL_Delay         stm32h7xx_hal.o
    0x08000ae0   0x08000ae0   0x00000002   Code   RO          674    i.HAL_ETH_DMAErrorCallback  stm32h7xx_hal_eth.o
    0x08000ae2   0x08000ae2   0x0000003c   Code   RO          676    i.HAL_ETH_DescAssignMemory  stm32h7xx_hal_eth.o
    0x08000b1e   0x08000b1e   0x00000002   Code   RO          677    i.HAL_ETH_EEECallback  stm32h7xx_hal_eth.o
    0x08000b20   0x08000b20   0x000001cc   Code   RO          683    i.HAL_ETH_GetMACConfig  stm32h7xx_hal_eth.o
    0x08000cec   0x08000cec   0x00000128   Code   RO          691    i.HAL_ETH_IRQHandler  stm32h7xx_hal_eth.o
    0x08000e14   0x08000e14   0x00000204   Code   RO          692    i.HAL_ETH_Init      stm32h7xx_hal_eth.o
    0x08001018   0x08001018   0x00000002   Code   RO          694    i.HAL_ETH_MACErrorCallback  stm32h7xx_hal_eth.o
    0x0800101a   0x0800101a   0x00000002   PAD
    0x0800101c   0x0800101c   0x000000e8   Code   RO          381    i.HAL_ETH_MspInit   ethernetif.o
    0x08001104   0x08001104   0x00000002   Code   RO          697    i.HAL_ETH_PMTCallback  stm32h7xx_hal_eth.o
    0x08001106   0x08001106   0x00000002   PAD
    0x08001108   0x08001108   0x00000064   Code   RO          698    i.HAL_ETH_ReadPHYRegister  stm32h7xx_hal_eth.o
    0x0800116c   0x0800116c   0x00000002   Code   RO          699    i.HAL_ETH_RxCpltCallback  stm32h7xx_hal_eth.o
    0x0800116e   0x0800116e   0x00000016   Code   RO          702    i.HAL_ETH_SetMACConfig  stm32h7xx_hal_eth.o
    0x08001184   0x08001184   0x00000078   Code   RO          704    i.HAL_ETH_SetMDIOClockRange  stm32h7xx_hal_eth.o
    0x080011fc   0x080011fc   0x00000074   Code   RO          708    i.HAL_ETH_Start     stm32h7xx_hal_eth.o
    0x08001270   0x08001270   0x0000005c   Code   RO          710    i.HAL_ETH_Stop      stm32h7xx_hal_eth.o
    0x080012cc   0x080012cc   0x000000b8   Code   RO          712    i.HAL_ETH_Transmit  stm32h7xx_hal_eth.o
    0x08001384   0x08001384   0x00000002   Code   RO          714    i.HAL_ETH_TxCpltCallback  stm32h7xx_hal_eth.o
    0x08001386   0x08001386   0x00000002   Code   RO          715    i.HAL_ETH_WakeUpCallback  stm32h7xx_hal_eth.o
    0x08001388   0x08001388   0x00000064   Code   RO          716    i.HAL_ETH_WritePHYRegister  stm32h7xx_hal_eth.o
    0x080013ec   0x080013ec   0x00000230   Code   RO         1604    i.HAL_GPIO_Init     stm32h7xx_hal_gpio.o
    0x0800161c   0x0800161c   0x0000000e   Code   RO         1607    i.HAL_GPIO_TogglePin  stm32h7xx_hal_gpio.o
    0x0800162a   0x0800162a   0x0000000a   Code   RO         1608    i.HAL_GPIO_WritePin  stm32h7xx_hal_gpio.o
    0x08001634   0x08001634   0x0000000c   Code   RO         2621    i.HAL_GetREVID      stm32h7xx_hal.o
    0x08001640   0x08001640   0x0000000c   Code   RO         2622    i.HAL_GetTick       stm32h7xx_hal.o
    0x0800164c   0x0800164c   0x00000010   Code   RO         2628    i.HAL_IncTick       stm32h7xx_hal.o
    0x0800165c   0x0800165c   0x0000005c   Code   RO         2629    i.HAL_Init          stm32h7xx_hal.o
    0x080016b8   0x080016b8   0x00000040   Code   RO         2630    i.HAL_InitTick      stm32h7xx_hal.o
    0x080016f8   0x080016f8   0x0000001c   Code   RO          645    i.HAL_MspInit       stm32h7xx_hal_msp.o
    0x08001714   0x08001714   0x0000001a   Code   RO         2464    i.HAL_NVIC_EnableIRQ  stm32h7xx_hal_cortex.o
    0x0800172e   0x0800172e   0x00000002   PAD
    0x08001730   0x08001730   0x00000040   Code   RO         2470    i.HAL_NVIC_SetPriority  stm32h7xx_hal_cortex.o
    0x08001770   0x08001770   0x00000024   Code   RO         2471    i.HAL_NVIC_SetPriorityGrouping  stm32h7xx_hal_cortex.o
    0x08001794   0x08001794   0x00000054   Code   RO         2205    i.HAL_PWREx_ConfigSupply  stm32h7xx_hal_pwr_ex.o
    0x080017e8   0x080017e8   0x00000024   Code   RO         1225    i.HAL_RCCEx_GetD3PCLK1Freq  stm32h7xx_hal_rcc_ex.o
    0x0800180c   0x0800180c   0x00000144   Code   RO         1227    i.HAL_RCCEx_GetPLL2ClockFreq  stm32h7xx_hal_rcc_ex.o
    0x08001950   0x08001950   0x00000144   Code   RO         1228    i.HAL_RCCEx_GetPLL3ClockFreq  stm32h7xx_hal_rcc_ex.o
    0x08001a94   0x08001a94   0x0000089c   Code   RO         1234    i.HAL_RCCEx_PeriphCLKConfig  stm32h7xx_hal_rcc_ex.o
    0x08002330   0x08002330   0x0000025c   Code   RO         1110    i.HAL_RCC_ClockConfig  stm32h7xx_hal_rcc.o
    0x0800258c   0x0800258c   0x00000044   Code   RO         1115    i.HAL_RCC_GetHCLKFreq  stm32h7xx_hal_rcc.o
    0x080025d0   0x080025d0   0x00000024   Code   RO         1117    i.HAL_RCC_GetPCLK1Freq  stm32h7xx_hal_rcc.o
    0x080025f4   0x080025f4   0x00000024   Code   RO         1118    i.HAL_RCC_GetPCLK2Freq  stm32h7xx_hal_rcc.o
    0x08002618   0x08002618   0x00000138   Code   RO         1119    i.HAL_RCC_GetSysClockFreq  stm32h7xx_hal_rcc.o
    0x08002750   0x08002750   0x00000094   Code   RO         1120    i.HAL_RCC_MCOConfig  stm32h7xx_hal_rcc.o
    0x080027e4   0x080027e4   0x000004ea   Code   RO         1122    i.HAL_RCC_OscConfig  stm32h7xx_hal_rcc.o
    0x08002cce   0x08002cce   0x00000002   PAD
    0x08002cd0   0x08002cd0   0x00000014   Code   RO         2641    i.HAL_SYSCFG_ETHInterfaceSelect  stm32h7xx_hal.o
    0x08002ce4   0x08002ce4   0x00000026   Code   RO         2475    i.HAL_SYSTICK_Config  stm32h7xx_hal_cortex.o
    0x08002d0a   0x08002d0a   0x00000040   Code   RO         3955    i.HAL_UARTEx_DisableFifoMode  stm32h7xx_hal_uart_ex.o
    0x08002d4a   0x08002d4a   0x0000004c   Code   RO         3960    i.HAL_UARTEx_SetRxFifoThreshold  stm32h7xx_hal_uart_ex.o
    0x08002d96   0x08002d96   0x0000004c   Code   RO         3961    i.HAL_UARTEx_SetTxFifoThreshold  stm32h7xx_hal_uart_ex.o
    0x08002de2   0x08002de2   0x0000006a   Code   RO         3587    i.HAL_UART_Init     stm32h7xx_hal_uart.o
    0x08002e4c   0x08002e4c   0x00000090   Code   RO          522    i.HAL_UART_MspInit  usart.o
    0x08002edc   0x08002edc   0x000000be   Code   RO         3596    i.HAL_UART_Transmit  stm32h7xx_hal_uart.o
    0x08002f9a   0x08002f9a   0x00000002   Code   RO          566    i.HardFault_Handler  stm32h7xx_it.o
    0x08002f9c   0x08002f9c   0x00000094   Code   RO         4091    i.LAN8742_GetLinkState  lan8742.o
    0x08003030   0x08003030   0x000000cc   Code   RO         4092    i.LAN8742_Init      lan8742.o
    0x080030fc   0x080030fc   0x0000002c   Code   RO         4093    i.LAN8742_RegisterBusIO  lan8742.o
    0x08003128   0x08003128   0x000000e4   Code   RO          283    i.MX_GPIO_Init      gpio.o
    0x0800320c   0x0800320c   0x000000d4   Code   RO          311    i.MX_LWIP_Init      lwip.o
    0x080032e0   0x080032e0   0x00000068   Code   RO          523    i.MX_USART2_UART_Init  usart.o
    0x08003348   0x08003348   0x00000002   Code   RO          567    i.MemManage_Handler  stm32h7xx_it.o
    0x0800334a   0x0800334a   0x00000002   Code   RO          568    i.NMI_Handler       stm32h7xx_it.o
    0x0800334c   0x0800334c   0x00000002   Code   RO          569    i.PendSV_Handler    stm32h7xx_it.o
    0x0800334e   0x0800334e   0x00000002   PAD
    0x08003350   0x08003350   0x00000120   Code   RO         1237    i.RCCEx_PLL2_Config  stm32h7xx_hal_rcc_ex.o
    0x08003470   0x08003470   0x00000120   Code   RO         1238    i.RCCEx_PLL3_Config  stm32h7xx_hal_rcc_ex.o
    0x08003590   0x08003590   0x00000002   Code   RO          570    i.SVC_Handler       stm32h7xx_it.o
    0x08003592   0x08003592   0x00000004   Code   RO          571    i.SysTick_Handler   stm32h7xx_it.o
    0x08003596   0x08003596   0x00000002   PAD
    0x08003598   0x08003598   0x000000b4   Code   RO           14    i.SystemClock_Config  main.o
    0x0800364c   0x0800364c   0x0000009c   Code   RO         4049    i.SystemInit        system_stm32h7xx.o
    0x080036e8   0x080036e8   0x00000064   Code   RO         3965    i.UARTEx_SetNbDataToProcess  stm32h7xx_hal_uart_ex.o
    0x0800374c   0x0800374c   0x000000c8   Code   RO         3601    i.UART_AdvFeatureConfig  stm32h7xx_hal_uart.o
    0x08003814   0x08003814   0x0000005e   Code   RO         3602    i.UART_CheckIdleState  stm32h7xx_hal_uart.o
    0x08003872   0x08003872   0x00000002   PAD
    0x08003874   0x08003874   0x00000c10   Code   RO         3619    i.UART_SetConfig    stm32h7xx_hal_uart.o
    0x08004484   0x08004484   0x000000a4   Code   RO         3624    i.UART_WaitOnFlagUntilTimeout  stm32h7xx_hal_uart.o
    0x08004528   0x08004528   0x00000002   Code   RO          572    i.UsageFault_Handler  stm32h7xx_it.o
    0x0800452a   0x0800452a   0x00000002   PAD
    0x0800452c   0x0800452c   0x00000020   Code   RO         7314    i.__0printf$3       mc_w.l(printf3.o)
    0x0800454c   0x0800454c   0x00000022   Code   RO         2477    i.__NVIC_SetPriority  stm32h7xx_hal_cortex.o
    0x0800456e   0x0800456e   0x0000000e   Code   RO         7526    i.__scatterload_copy  mc_w.l(handlers.o)
    0x0800457c   0x0800457c   0x00000002   Code   RO         7527    i.__scatterload_null  mc_w.l(handlers.o)
    0x0800457e   0x0800457e   0x0000000e   Code   RO         7528    i.__scatterload_zeroinit  mc_w.l(handlers.o)
    0x0800458c   0x0800458c   0x000001b8   Code   RO         7321    i._printf_core      mc_w.l(printf3.o)
    0x08004744   0x08004744   0x0000001c   Code   RO         6251    i.cyclic_timer      timeouts.o
    0x08004760   0x08004760   0x0000009c   Code   RO         5263    i.do_memp_free_pool  memp.o
    0x080047fc   0x080047fc   0x000000a4   Code   RO         5264    i.do_memp_malloc_pool  memp.o
    0x080048a0   0x080048a0   0x00000030   Code   RO         6480    i.etharp_cleanup_netif  etharp.o
    0x080048d0   0x080048d0   0x00000258   Code   RO         6482    i.etharp_find_entry  etharp.o
    0x08004b28   0x08004b28   0x00000024   Code   RO         6483    i.etharp_free_entry  etharp.o
    0x08004b4c   0x08004b4c   0x00000104   Code   RO         6485    i.etharp_input      etharp.o
    0x08004c50   0x08004c50   0x000001a8   Code   RO         6486    i.etharp_output     etharp.o
    0x08004df8   0x08004df8   0x00000110   Code   RO         6487    i.etharp_output_to_arp_index  etharp.o
    0x08004f08   0x08004f08   0x000001d8   Code   RO         6488    i.etharp_query      etharp.o
    0x080050e0   0x080050e0   0x00000170   Code   RO         6489    i.etharp_raw        etharp.o
    0x08005250   0x08005250   0x0000000c   Code   RO         6490    i.etharp_request    etharp.o
    0x0800525c   0x0800525c   0x00000020   Code   RO         6491    i.etharp_request_dst  etharp.o
    0x0800527c   0x0800527c   0x00000060   Code   RO         6492    i.etharp_tmr        etharp.o
    0x080052dc   0x080052dc   0x0000011c   Code   RO         6493    i.etharp_update_arp_entry  etharp.o
    0x080053f8   0x080053f8   0x000000a0   Code   RO         4613    i.ethernet_input    ethernet.o
    0x08005498   0x08005498   0x0000008c   Code   RO          383    i.ethernet_link_check_state  ethernetif.o
    0x08005524   0x08005524   0x000000f8   Code   RO         4614    i.ethernet_output   ethernet.o
    0x0800561c   0x0800561c   0x00000088   Code   RO          384    i.ethernetif_init   ethernetif.o
    0x080056a4   0x080056a4   0x0000003c   Code   RO           15    i.fputc             main.o
    0x080056e0   0x080056e0   0x00000008   Code   RO         6580    i.icmp_dest_unreach  icmp.o
    0x080056e8   0x080056e8   0x000001e8   Code   RO         6581    i.icmp_input        icmp.o
    0x080058d0   0x080058d0   0x0000010c   Code   RO         6582    i.icmp_send_response  icmp.o
    0x080059dc   0x080059dc   0x00000008   Code   RO         6583    i.icmp_time_exceeded  icmp.o
    0x080059e4   0x080059e4   0x0000002e   Code   RO         6699    i.ip4_addr_isbroadcast_u32  ip4_addr.o
    0x08005a12   0x08005a12   0x00000002   PAD
    0x08005a14   0x08005a14   0x00000254   Code   RO         6765    i.ip4_frag          ip4_frag.o
    0x08005c68   0x08005c68   0x000001a4   Code   RO         6646    i.ip4_input         ip4.o
    0x08005e0c   0x08005e0c   0x0000001e   Code   RO         6648    i.ip4_output_if     ip4.o
    0x08005e2a   0x08005e2a   0x00000002   PAD
    0x08005e2c   0x08005e2c   0x00000170   Code   RO         6649    i.ip4_output_if_src  ip4.o
    0x08005f9c   0x08005f9c   0x000001b4   Code   RO         6766    i.ip4_reass         ip4_frag.o
    0x08006150   0x08006150   0x0000005c   Code   RO         6650    i.ip4_route         ip4.o
    0x080061ac   0x080061ac   0x00000090   Code   RO         6767    i.ip_frag_free_pbuf_custom_ref  ip4_frag.o
    0x0800623c   0x0800623c   0x00000260   Code   RO         6768    i.ip_reass_chain_frag_into_datagram_and_validate  ip4_frag.o
    0x0800649c   0x0800649c   0x000000bc   Code   RO         6769    i.ip_reass_dequeue_datagram  ip4_frag.o
    0x08006558   0x08006558   0x00000190   Code   RO         6770    i.ip_reass_free_complete_datagram  ip4_frag.o
    0x080066e8   0x080066e8   0x00000080   Code   RO         6771    i.ip_reass_remove_oldest_datagram  ip4_frag.o
    0x08006768   0x08006768   0x0000002c   Code   RO         6772    i.ip_reass_tmr      ip4_frag.o
    0x08006794   0x08006794   0x00000098   Code   RO         6773    i.ipfrag_free_pbuf_custom  ip4_frag.o
    0x0800682c   0x0800682c   0x00000110   Code   RO          386    i.low_level_init    ethernetif.o
    0x0800693c   0x0800693c   0x00000068   Code   RO          388    i.low_level_output  ethernetif.o
    0x080069a4   0x080069a4   0x00000004   Code   RO         4937    i.lwip_htonl        def.o
    0x080069a8   0x080069a8   0x00000004   Code   RO         4938    i.lwip_htons        def.o
    0x080069ac   0x080069ac   0x0000001e   Code   RO         5090    i.lwip_init         init.o
    0x080069ca   0x080069ca   0x00000002   PAD
    0x080069cc   0x080069cc   0x000000d0   Code   RO           16    i.main              main.o
    0x08006a9c   0x08006a9c   0x0000011c   Code   RO         5199    i.mem_free          mem.o
    0x08006bb8   0x08006bb8   0x00000030   Code   RO         5200    i.mem_init          mem.o
    0x08006be8   0x08006be8   0x000001fc   Code   RO         5201    i.mem_malloc        mem.o
    0x08006de4   0x08006de4   0x0000018c   Code   RO         5202    i.mem_trim          mem.o
    0x08006f70   0x08006f70   0x0000009c   Code   RO         5265    i.memp_free         memp.o
    0x0800700c   0x0800700c   0x00000020   Code   RO         5267    i.memp_init         memp.o
    0x0800702c   0x0800702c   0x0000002a   Code   RO         5268    i.memp_init_pool    memp.o
    0x08007056   0x08007056   0x00000002   PAD
    0x08007058   0x08007058   0x000000a4   Code   RO         5269    i.memp_malloc       memp.o
    0x080070fc   0x080070fc   0x000000e4   Code   RO         5394    i.netif_add         netif.o
    0x080071e0   0x080071e0   0x00000002   Code   RO         5396    i.netif_init        netif.o
    0x080071e2   0x080071e2   0x0000001a   Code   RO         5398    i.netif_issue_reports  netif.o
    0x080071fc   0x080071fc   0x00000048   Code   RO         5400    i.netif_set_addr    netif.o
    0x08007244   0x08007244   0x0000000c   Code   RO         5401    i.netif_set_default  netif.o
    0x08007250   0x08007250   0x0000001a   Code   RO         5402    i.netif_set_down    netif.o
    0x0800726a   0x0800726a   0x00000008   Code   RO         5403    i.netif_set_gw      netif.o
    0x08007272   0x08007272   0x00000002   PAD
    0x08007274   0x08007274   0x00000040   Code   RO         5404    i.netif_set_ipaddr  netif.o
    0x080072b4   0x080072b4   0x00000012   Code   RO         5405    i.netif_set_link_down  netif.o
    0x080072c6   0x080072c6   0x0000001c   Code   RO         5406    i.netif_set_link_up  netif.o
    0x080072e2   0x080072e2   0x00000008   Code   RO         5407    i.netif_set_netmask  netif.o
    0x080072ea   0x080072ea   0x0000001c   Code   RO         5408    i.netif_set_up      netif.o
    0x08007306   0x08007306   0x00000002   PAD
    0x08007308   0x08007308   0x0000037c   Code   RO         5522    i.pbuf_alloc        pbuf.o
    0x08007684   0x08007684   0x000000e0   Code   RO         5523    i.pbuf_alloced_custom  pbuf.o
    0x08007764   0x08007764   0x00000130   Code   RO         5524    i.pbuf_cat          pbuf.o
    0x08007894   0x08007894   0x00000012   Code   RO         5526    i.pbuf_clen         pbuf.o
    0x080078a6   0x080078a6   0x00000002   PAD
    0x080078a8   0x080078a8   0x000001ec   Code   RO         5528    i.pbuf_copy         pbuf.o
    0x08007a94   0x08007a94   0x0000011c   Code   RO         5529    i.pbuf_copy_partial  pbuf.o
    0x08007bb0   0x08007bb0   0x00000168   Code   RO         5531    i.pbuf_free         pbuf.o
    0x08007d18   0x08007d18   0x00000006   Code   RO         5534    i.pbuf_header       pbuf.o
    0x08007d1e   0x08007d1e   0x00000006   Code   RO         5535    i.pbuf_header_force  pbuf.o
    0x08007d24   0x08007d24   0x00000124   Code   RO         5536    i.pbuf_header_impl  pbuf.o
    0x08007e48   0x08007e48   0x00000198   Code   RO         5540    i.pbuf_realloc      pbuf.o
    0x08007fe0   0x08007fe0   0x0000008c   Code   RO         5541    i.pbuf_ref          pbuf.o
    0x0800806c   0x0800806c   0x0000017c   Code   RO         5203    i.plug_holes        mem.o
    0x080081e8   0x080081e8   0x00000004   Code   RO          391    i.sys_now           ethernetif.o
    0x080081ec   0x080081ec   0x0000013c   Code   RO         6254    i.sys_timeout       timeouts.o
    0x08008328   0x08008328   0x00000034   Code   RO         6255    i.sys_timeouts_init  timeouts.o
    0x0800835c   0x0800835c   0x00000178   Code   RO         5767    i.tcp_abandon       tcp.o
    0x080084d4   0x080084d4   0x00000006   Code   RO         5768    i.tcp_abort         tcp.o
    0x080084da   0x080084da   0x00000002   PAD
    0x080084dc   0x080084dc   0x00000104   Code   RO         5771    i.tcp_alloc         tcp.o
    0x080085e0   0x080085e0   0x00000014   Code   RO         5774    i.tcp_close         tcp.o
    0x080085f4   0x080085f4   0x0000018c   Code   RO         5775    i.tcp_close_shutdown  tcp.o
    0x08008780   0x08008780   0x000000c4   Code   RO         5776    i.tcp_close_shutdown_fin  tcp.o
    0x08008844   0x08008844   0x00000120   Code   RO         6134    i.tcp_create_segment  tcp_out.o
    0x08008964   0x08008964   0x00000022   Code   RO         5779    i.tcp_eff_send_mss_impl  tcp.o
    0x08008986   0x08008986   0x00000002   PAD
    0x08008988   0x08008988   0x00000210   Code   RO         6135    i.tcp_enqueue_flags  tcp_out.o
    0x08008b98   0x08008b98   0x0000006c   Code   RO         5781    i.tcp_fasttmr       tcp.o
    0x08008c04   0x08008c04   0x00000030   Code   RO         6050    i.tcp_getoptbyte    tcp_in.o
    0x08008c34   0x08008c34   0x00000002   Code   RO         5782    i.tcp_init          tcp.o
    0x08008c36   0x08008c36   0x00000002   PAD
    0x08008c38   0x08008c38   0x000005d8   Code   RO         6051    i.tcp_input         tcp_in.o
    0x08009210   0x08009210   0x00000040   Code   RO         6052    i.tcp_input_delayed_close  tcp_in.o
    0x08009250   0x08009250   0x00000052   Code   RO         6136    i.tcp_keepalive     tcp_out.o
    0x080092a2   0x080092a2   0x00000002   PAD
    0x080092a4   0x080092a4   0x000000bc   Code   RO         5783    i.tcp_kill_state    tcp.o
    0x08009360   0x08009360   0x000000cc   Code   RO         5784    i.tcp_listen_closed  tcp.o
    0x0800942c   0x0800942c   0x000000f4   Code   RO         6053    i.tcp_listen_input  tcp_in.o
    0x08009520   0x08009520   0x0000004c   Code   RO         5787    i.tcp_netif_ip_addr_changed  tcp.o
    0x0800956c   0x0800956c   0x00000022   Code   RO         5788    i.tcp_netif_ip_addr_changed_pcblist  tcp.o
    0x0800958e   0x0800958e   0x00000002   PAD
    0x08009590   0x08009590   0x00000010   Code   RO         5792    i.tcp_next_iss      tcp.o
    0x080095a0   0x080095a0   0x0000007c   Code   RO         6054    i.tcp_oos_insert_segment  tcp_in.o
    0x0800961c   0x0800961c   0x000002d4   Code   RO         6137    i.tcp_output        tcp_out.o
    0x080098f0   0x080098f0   0x00000110   Code   RO         6138    i.tcp_output_alloc_header  tcp_out.o
    0x08009a00   0x08009a00   0x000000b0   Code   RO         6139    i.tcp_output_segment  tcp_out.o
    0x08009ab0   0x08009ab0   0x00000074   Code   RO         6055    i.tcp_parseopt      tcp_in.o
    0x08009b24   0x08009b24   0x00000042   Code   RO         5793    i.tcp_pcb_purge     tcp.o
    0x08009b66   0x08009b66   0x00000002   PAD
    0x08009b68   0x08009b68   0x00000130   Code   RO         5794    i.tcp_pcb_remove    tcp.o
    0x08009c98   0x08009c98   0x00000488   Code   RO         6056    i.tcp_process       tcp_in.o
    0x0800a120   0x0800a120   0x0000006c   Code   RO         5796    i.tcp_process_refused_data  tcp.o
    0x0800a18c   0x0800a18c   0x00000a32   Code   RO         6057    i.tcp_receive       tcp_in.o
    0x0800abbe   0x0800abbe   0x00000024   Code   RO         5798    i.tcp_recv_null     tcp.o
    0x0800abe2   0x0800abe2   0x00000002   PAD
    0x0800abe4   0x0800abe4   0x00000110   Code   RO         5799    i.tcp_recved        tcp.o
    0x0800acf4   0x0800acf4   0x00000056   Code   RO         6141    i.tcp_rexmit        tcp_out.o
    0x0800ad4a   0x0800ad4a   0x00000058   Code   RO         6142    i.tcp_rexmit_fast   tcp_out.o
    0x0800ada2   0x0800ada2   0x00000030   Code   RO         6143    i.tcp_rexmit_rto    tcp_out.o
    0x0800add2   0x0800add2   0x00000002   PAD
    0x0800add4   0x0800add4   0x00000120   Code   RO         6144    i.tcp_rst           tcp_out.o
    0x0800aef4   0x0800aef4   0x00000028   Code   RO         5800    i.tcp_seg_copy      tcp.o
    0x0800af1c   0x0800af1c   0x0000001c   Code   RO         5801    i.tcp_seg_free      tcp.o
    0x0800af38   0x0800af38   0x00000012   Code   RO         5802    i.tcp_segs_free     tcp.o
    0x0800af4a   0x0800af4a   0x00000072   Code   RO         6145    i.tcp_send_empty_ack  tcp_out.o
    0x0800afbc   0x0800afbc   0x00000044   Code   RO         6146    i.tcp_send_fin      tcp_out.o
    0x0800b000   0x0800b000   0x000004dc   Code   RO         5806    i.tcp_slowtmr       tcp.o
    0x0800b4dc   0x0800b4dc   0x00000034   Code   RO         6258    i.tcp_timer_needed  timeouts.o
    0x0800b510   0x0800b510   0x00000068   Code   RO         6058    i.tcp_timewait_input  tcp_in.o
    0x0800b578   0x0800b578   0x00000020   Code   RO         5807    i.tcp_tmr           tcp.o
    0x0800b598   0x0800b598   0x00000010   Code   RO         6059    i.tcp_trigger_input_pcb_close  tcp_in.o
    0x0800b5a8   0x0800b5a8   0x000000c0   Code   RO         5809    i.tcp_update_rcv_ann_wnd  tcp.o
    0x0800b668   0x0800b668   0x000000ae   Code   RO         6149    i.tcp_zero_window_probe  tcp_out.o
    0x0800b716   0x0800b716   0x00000002   PAD
    0x0800b718   0x0800b718   0x00000038   Code   RO         6259    i.tcpip_tcp_timer   timeouts.o
    0x0800b750   0x0800b750   0x00000002   Code   RO         6334    i.udp_init          udp.o
    0x0800b752   0x0800b752   0x00000002   PAD
    0x0800b754   0x0800b754   0x0000019c   Code   RO         6335    i.udp_input         udp.o
    0x0800b8f0   0x0800b8f0   0x00000034   Code   RO         6336    i.udp_netif_ip_addr_changed  udp.o
    0x0800b924   0x0800b924   0x0000000c   Data   RO          397    .constdata          ethernetif.o
    0x0800b930   0x0800b930   0x00000010   Data   RO         4050    .constdata          system_stm32h7xx.o
    0x0800b940   0x0800b940   0x00000006   Data   RO         4615    .constdata          ethernet.o
    0x0800b946   0x0800b946   0x00000006   Data   RO         4616    .constdata          ethernet.o
    0x0800b94c   0x0800b94c   0x0000000c   Data   RO         5280    .constdata          memp.o
    0x0800b958   0x0800b958   0x0000000c   Data   RO         5281    .constdata          memp.o
    0x0800b964   0x0800b964   0x0000000c   Data   RO         5282    .constdata          memp.o
    0x0800b970   0x0800b970   0x0000000c   Data   RO         5283    .constdata          memp.o
    0x0800b97c   0x0800b97c   0x0000000c   Data   RO         5284    .constdata          memp.o
    0x0800b988   0x0800b988   0x0000000c   Data   RO         5285    .constdata          memp.o
    0x0800b994   0x0800b994   0x0000000c   Data   RO         5286    .constdata          memp.o
    0x0800b9a0   0x0800b9a0   0x0000000c   Data   RO         5287    .constdata          memp.o
    0x0800b9ac   0x0800b9ac   0x0000000c   Data   RO         5288    .constdata          memp.o
    0x0800b9b8   0x0800b9b8   0x00000024   Data   RO         5289    .constdata          memp.o
    0x0800b9dc   0x0800b9dc   0x00000054   Data   RO         5810    .constdata          tcp.o
    0x0800ba30   0x0800ba30   0x00000018   Data   RO         6260    .constdata          timeouts.o
    0x0800ba48   0x0800ba48   0x00000004   Data   RO         6706    .constdata          ip4_addr.o
    0x0800ba4c   0x0800ba4c   0x00000075   Data   RO         5811    .conststring        tcp.o
    0x0800bac1   0x0800bac1   0x00000003   PAD
    0x0800bac4   0x0800bac4   0x00000055   Data   RO         6150    .conststring        tcp_out.o
    0x0800bb19   0x0800bb19   0x00000003   PAD
    0x0800bb1c   0x0800bb1c   0x00000041   Data   RO         6495    .conststring        etharp.o
    0x0800bb5d   0x0800bb5d   0x00000003   PAD
    0x0800bb60   0x0800bb60   0x00000020   Data   RO         7524    Region$$Table       anon$$obj.o


    Execution Region RW_IRAM1 (Exec base: 0x20000000, Load base: 0x0800bb80, Size: 0x00000000, Max: 0x00020000, ABSOLUTE)

    **** No section assigned to this execution region ****


    Execution Region RW_IRAM2 (Exec base: 0x24000000, Load base: 0x0800bb80, Size: 0x00003700, Max: 0x00080000, ABSOLUTE)

    Exec Addr    Load Addr    Size         Type   Attr      Idx    E Section Name        Object

    0x24000000   0x0800bb80   0x00000018   Data   RW          318    .data               lwip.o
    0x24000018   0x0800bb98   0x00000014   Data   RW          398    .data               ethernetif.o
    0x2400002c   0x0800bbac   0x00000004   Data   RW          399    .data               ethernetif.o
    0x24000030   0x0800bbb0   0x0000000c   Data   RW         2651    .data               stm32h7xx_hal.o
    0x2400003c   0x0800bbbc   0x00000008   Data   RW         4051    .data               system_stm32h7xx.o
    0x24000044   0x0800bbc4   0x0000000c   Data   RW         5204    .data               mem.o
    0x24000050   0x0800bbd0   0x00000004   Data   RW         5290    .data               memp.o
    0x24000054   0x0800bbd4   0x00000004   Data   RW         5291    .data               memp.o
    0x24000058   0x0800bbd8   0x00000004   Data   RW         5292    .data               memp.o
    0x2400005c   0x0800bbdc   0x00000004   Data   RW         5293    .data               memp.o
    0x24000060   0x0800bbe0   0x00000004   Data   RW         5294    .data               memp.o
    0x24000064   0x0800bbe4   0x00000004   Data   RW         5295    .data               memp.o
    0x24000068   0x0800bbe8   0x00000004   Data   RW         5296    .data               memp.o
    0x2400006c   0x0800bbec   0x00000004   Data   RW         5297    .data               memp.o
    0x24000070   0x0800bbf0   0x00000004   Data   RW         5298    .data               memp.o
    0x24000074   0x0800bbf4   0x0000000c   Data   RW         5409    .data               netif.o
    0x24000080   0x0800bc00   0x00000001   Data   RW         5548    .data               pbuf.o
    0x24000081   0x0800bc01   0x00000003   PAD
    0x24000084   0x0800bc04   0x00000020   Data   RW         5812    .data               tcp.o
    0x240000a4   0x0800bc24   0x00000024   Data   RW         6061    .data               tcp_in.o
    0x240000c8   0x0800bc48   0x0000000c   Data   RW         6261    .data               timeouts.o
    0x240000d4   0x0800bc54   0x00000008   Data   RW         6345    .data               udp.o
    0x240000dc   0x0800bc5c   0x00000001   Data   RW         6496    .data               etharp.o
    0x240000dd   0x0800bc5d   0x00000001   PAD
    0x240000de   0x0800bc5e   0x00000002   Data   RW         6651    .data               ip4.o
    0x240000e0   0x0800bc60   0x00000008   Data   RW         6774    .data               ip4_frag.o
    0x240000e8   0x0800bc68   0x00000004   Data   RW         7500    .data               mc_w.l(stdout.o)
    0x240000ec        -       0x00000030   Zero   RW          317    .bss                lwip.o
    0x2400011c        -       0x000000c4   Zero   RW          395    .bss                ethernetif.o
    0x240001e0        -       0x000000cb   Zero   RW          396    .bss                ethernetif.o
    0x240002ab   0x0800bc6c   0x00000001   PAD
    0x240002ac        -       0x0000008c   Zero   RW          524    .bss                usart.o
    0x24000338        -       0x00000018   Zero   RW         5167    .bss                ip.o
    0x24000350        -       0x00000083   Zero   RW         5271    .bss                memp.o
    0x240003d3        -       0x000002fb   Zero   RW         5272    .bss                memp.o
    0x240006ce        -       0x000000e3   Zero   RW         5273    .bss                memp.o
    0x240007b1        -       0x00000103   Zero   RW         5274    .bss                memp.o
    0x240008b4        -       0x000000a3   Zero   RW         5275    .bss                memp.o
    0x24000957        -       0x0000016b   Zero   RW         5276    .bss                memp.o
    0x24000ac2        -       0x00000033   Zero   RW         5277    .bss                memp.o
    0x24000af5        -       0x00000103   Zero   RW         5278    .bss                memp.o
    0x24000bf8        -       0x00002603   Zero   RW         5279    .bss                memp.o
    0x240031fb   0x0800bc6c   0x00000001   PAD
    0x240031fc        -       0x00000010   Zero   RW         6060    .bss                tcp_in.o
    0x2400320c        -       0x000000f0   Zero   RW         6494    .bss                etharp.o
    0x240032fc   0x0800bc6c   0x00000004   PAD
    0x24003300        -       0x00000400   Zero   RW            1    STACK               startup_stm32h743xx.o



  Load Region LR$$.ARM.__AT_0x30040000 (Base: 0x30040000, Size: 0x00000000, Max: 0x00000060, ABSOLUTE)

    Execution Region ER$$.ARM.__AT_0x30040000 (Exec base: 0x30040000, Load base: 0x30040000, Size: 0x00000060, Max: 0x00000060, ABSOLUTE, UNINIT)

    Exec Addr    Load Addr    Size         Type   Attr      Idx    E Section Name        Object

    0x30040000        -       0x00000060   Zero   RW          392    .ARM.__AT_0x30040000  ethernetif.o



  Load Region LR$$.ARM.__AT_0x30040060 (Base: 0x30040060, Size: 0x00000000, Max: 0x00000060, ABSOLUTE)

    Execution Region ER$$.ARM.__AT_0x30040060 (Exec base: 0x30040060, Load base: 0x30040060, Size: 0x00000060, Max: 0x00000060, ABSOLUTE, UNINIT)

    Exec Addr    Load Addr    Size         Type   Attr      Idx    E Section Name        Object

    0x30040060        -       0x00000060   Zero   RW          393    .ARM.__AT_0x30040060  ethernetif.o



  Load Region LR$$.ARM.__AT_0x30040200 (Base: 0x30040200, Size: 0x00000000, Max: 0x00001800, ABSOLUTE)

    Execution Region ER$$.ARM.__AT_0x30040200 (Exec base: 0x30040200, Load base: 0x30040200, Size: 0x00001800, Max: 0x00001800, ABSOLUTE, UNINIT)

    Exec Addr    Load Addr    Size         Type   Attr      Idx    E Section Name        Object

    0x30040200        -       0x00001800   Zero   RW          394    .ARM.__AT_0x30040200  ethernetif.o


==============================================================================

Image component sizes


      Code (inc. data)   RO Data    RW Data    ZI Data      Debug   Object Name

         0          0          0          0          0       1632   auth.o
         8          0          0          0          0       1146   def.o
      2904       1170         65          1        240      12955   etharp.o
       408        156         12          0          0       2778   ethernet.o
       968        154         12         24       6735      17442   ethernetif.o
       228         18          0          0          0       1051   gpio.o
       772        350          0          0          0       4514   icmp.o
        30          0          0          0          0       3348   init.o
         0          0          0          0         24       6033   ip.o
       910        182          0          2          0       5196   ip4.o
        46          0          4          0          0       7062   ip4_addr.o
      2696       1020          0          8          0      11774   ip4_frag.o
       396          0          0          0          0       3082   lan8742.o
       212         16          0         24         48       1433   lwip.o
       450         48          0          0          0    1300235   main.o
      1616        806          0         12          0       5738   mem.o
       714        498        144         36      11947      10370   memp.o
       520        132          0         12          0      11131   netif.o
      3426       1822          0          1          0      13568   pbuf.o
         0          0          0          0          0       1270   slipif.o
        36          8        664          0       1024        856   startup_stm32h743xx.o
       252         50          0         12          0      23808   stm32h7xx_hal.o
       198         12          0          0          0      39095   stm32h7xx_hal_cortex.o
      3668        104          0          0          0      19785   stm32h7xx_hal_eth.o
       584         50          0          0          0       3285   stm32h7xx_hal_gpio.o
        28          6          0          0          0        822   stm32h7xx_hal_msp.o
        84          6          0          0          0        809   stm32h7xx_hal_pwr_ex.o
      2462        120          0          0          0       8056   stm32h7xx_hal_rcc.o
      3464        116          0          0          0       7921   stm32h7xx_hal_rcc_ex.o
      3842        116          0          0          0       8645   stm32h7xx_hal_uart.o
       316         18          0          0          0       3777   stm32h7xx_hal_uart_ex.o
        32          6          0          0          0       4735   stm32h7xx_it.o
       156         22         16          8          0       1414   system_stm32h7xx.o
      4256       1546        201         32          0      32646   tcp.o
      5982       1224          0         36         16      20807   tcp_in.o
      2936        832         85          0          0      21854   tcp_out.o
       504        212         24         12          0       5218   timeouts.o
       466        122          0          8          0       5131   udp.o
       248         28          0          0        140       1834   usart.o

    ----------------------------------------------------------------------
     45870      10970       1268        232      20180    1632256   Object Totals
         0          0         32          0          0          0   (incl. Generated)
        52          0          9          4          6          0   (incl. Padding)

    ----------------------------------------------------------------------

      Code (inc. data)   RO Data    RW Data    ZI Data      Debug   Library Member Name

         0          0          0          0          0          0   entry.o
         0          0          0          0          0          0   entry10a.o
         0          0          0          0          0          0   entry11a.o
         8          4          0          0          0          0   entry2.o
         4          0          0          0          0          0   entry5.o
         0          0          0          0          0          0   entry7b.o
         0          0          0          0          0          0   entry8b.o
         8          4          0          0          0          0   entry9a.o
        30          0          0          0          0          0   handlers.o
        36          8          0          0          0         68   init.o
        30          0          0          0          0         68   llshl.o
        32          0          0          0          0         68   llushr.o
        26          0          0          0          0         80   memcmp.o
        36          0          0          0          0         68   memcpya.o
        36          0          0          0          0        108   memseta.o
       472         14          0          0          0        184   printf3.o
         0          0          0          4          0          0   stdout.o
        44          0          0          0          0         80   uidiv.o
        98          0          0          0          0         92   uldiv.o

    ----------------------------------------------------------------------
       862         30          0          4          0        816   Library Totals
         2          0          0          0          0          0   (incl. Padding)

    ----------------------------------------------------------------------

      Code (inc. data)   RO Data    RW Data    ZI Data      Debug   Library Name

       860         30          0          4          0        816   mc_w.l

    ----------------------------------------------------------------------
       862         30          0          4          0        816   Library Totals

    ----------------------------------------------------------------------

==============================================================================


      Code (inc. data)   RO Data    RW Data    ZI Data      Debug   

     46732      11000       1268        236      20180    1611812   Grand Totals
     46732      11000       1268        236      20180    1611812   ELF Image Totals
     46732      11000       1268        236          0          0   ROM Totals

==============================================================================

    Total RO  Size (Code + RO Data)                48000 (  46.88kB)
    Total RW  Size (RW Data + ZI Data)             20416 (  19.94kB)
    Total ROM Size (Code + RO Data + RW Data)      48236 (  47.11kB)

==============================================================================

