<html>
<body>
<pre>
<h1>µVision Build Log</h1>
<h2>Tool Versions:</h2>
IDE-Version: ¦ÌVision V5.29.0.0
Copyright (C) 2019 ARM Ltd and ARM Germany GmbH. All rights reserved.
License Information: cz Chazy, cz, LIC=8VRJ7-EV8GX-NN5AF-6WLDH-NN00J-1YA69
 
Tool Versions:
Toolchain:       MDK-ARM Plus  Version: 5.29.0.0
Toolchain Path:  D:\Keil_v5\ARM\ARMCC\Bin
C Compiler:      Armcc.exe V5.06 update 6 (build 750)
Assembler:       Armasm.exe V5.06 update 6 (build 750)
Linker/Locator:  ArmLink.exe V5.06 update 6 (build 750)
Library Manager: ArmAr.exe V5.06 update 6 (build 750)
Hex Converter:   FromElf.exe V5.06 update 6 (build 750)
CPU DLL:         SARMCM3.DLL V5.29.0.0
Dialog DLL:      DCM.DLL V1.17.3.0
Target DLL:      STLink\ST-LINKIII-KEIL_SWO.dll V3.0.7.0
Dialog DLL:      TCM.DLL V1.36.5.0
 
<h2>Project:</h2>
D:\__linuxshare\developExc\stm32\stm32h743zit6\ETHERNET\MDK-ARM\ETHERNET.uvprojx
Project File Date:  05/09/2020

<h2>Output:</h2>
*** Using Compiler 'V5.06 update 6 (build 750)', folder: 'D:\Keil_v5\ARM\ARMCC\Bin'
Build target 'ETHERNET'
assembling startup_stm32h743xx.s...
compiling gpio.c...
compiling lwip.c...
compiling main.c...
compiling stm32h7xx_it.c...
compiling usart.c...
compiling ethernetif.c...
compiling stm32h7xx_hal_msp.c...
compiling stm32h7xx_hal_eth_ex.c...
compiling stm32h7xx_hal_eth.c...
compiling stm32h7xx_hal_rcc.c...
compiling stm32h7xx_hal_flash.c...
compiling stm32h7xx_hal_rcc_ex.c...
compiling stm32h7xx_hal_flash_ex.c...
compiling stm32h7xx_hal_gpio.c...
compiling stm32h7xx_hal_hsem.c...
compiling stm32h7xx_hal_mdma.c...
compiling stm32h7xx_hal_dma_ex.c...
compiling stm32h7xx_hal_dma.c...
compiling stm32h7xx_hal_pwr.c...
compiling stm32h7xx_hal_pwr_ex.c...
compiling stm32h7xx_hal_cortex.c...
compiling stm32h7xx_hal.c...
compiling stm32h7xx_hal_i2c_ex.c...
compiling stm32h7xx_hal_i2c.c...
compiling stm32h7xx_hal_exti.c...
compiling stm32h7xx_hal_tim.c...
compiling stm32h7xx_hal_tim_ex.c...
compiling stm32h7xx_hal_uart_ex.c...
compiling lan8742.c...
compiling stm32h7xx_hal_uart.c...
compiling system_stm32h7xx.c...
compiling auth.c...
compiling ccp.c...
compiling chap_ms.c...
compiling chap-md5.c...
compiling demand.c...
compiling chap-new.c...
compiling fsm.c...
compiling eui64.c...
compiling eap.c...
compiling ipcp.c...
compiling ipv6cp.c...
compiling lcp.c...
compiling magic.c...
compiling mppe.c...
compiling multilink.c...
compiling ppp.c...
compiling pppapi.c...
compiling pppcrypt.c...
compiling pppoe.c...
compiling pppol2tp.c...
compiling pppos.c...
compiling upap.c...
compiling vj.c...
compiling utils.c...
compiling ethernet.c...
compiling lowpan6.c...
compiling slipif.c...
compiling ecp.c...
compiling api_lib.c...
compiling api_msg.c...
compiling err.c...
compiling netbuf.c...
compiling netdb.c...
compiling netifapi.c...
compiling sockets.c...
compiling tcpip.c...
compiling def.c...
compiling dns.c...
compiling inet_chksum.c...
compiling init.c...
compiling ip.c...
compiling mem.c...
compiling memp.c...
compiling netif.c...
compiling pbuf.c...
compiling raw.c...
compiling stats.c...
compiling sys.c...
compiling tcp.c...
compiling tcp_out.c...
compiling tcp_in.c...
compiling timeouts.c...
compiling autoip.c...
compiling udp.c...
compiling dhcp.c...
compiling etharp.c...
compiling icmp.c...
compiling igmp.c...
compiling ip4_addr.c...
compiling ip4.c...
compiling ip4_frag.c...
compiling dhcp6.c...
compiling ethip6.c...
compiling icmp6.c...
compiling inet6.c...
compiling ip6.c...
compiling ip6_addr.c...
compiling mld6.c...
compiling ip6_frag.c...
compiling nd6.c...
compiling mqtt.c...
linking...
Program Size: Code=46732 RO-data=1268 RW-data=236 ZI-data=20180  
FromELF: creating hex file...
"ETHERNET\ETHERNET.axf" - 0 Error(s), 0 Warning(s).

<h2>Software Packages used:</h2>

Package Vendor: ARM
                http://www.keil.com/pack/ARM.CMSIS.5.6.0.pack
                ARM.CMSIS.5.6.0
                CMSIS (Cortex Microcontroller Software Interface Standard)
   * Component: CORE Version: 5.3.0

Package Vendor: Keil
                https://www.keil.com/pack/Keil.STM32H7xx_DFP.2.4.0.pack
                Keil.STM32H7xx_DFP.2.4.0
                STMicroelectronics STM32H7 Series Device Support and Examples

<h2>Collection of Component include folders:</h2>
  .\RTE\_ETHERNET
  D:\Users\Chazy\AppData\Local\Arm\Packs\ARM\CMSIS\5.6.0\CMSIS\Core\Include
  D:\Users\Chazy\AppData\Local\Arm\Packs\Keil\STM32H7xx_DFP\2.4.0\Drivers\CMSIS\Device\ST\STM32H7xx\Include

<h2>Collection of Component Files used:</h2>

   * Component: ARM::CMSIS:CORE:5.3.0
Build Time Elapsed:  00:18:20
</pre>
</body>
</html>
