Component: ARM Compiler 5.06 update 6 (build 750) Tool: armlink [4d35ed]

==============================================================================

Section Cross References

    startup_stm32f103xe.o(RESET) refers to startup_stm32f103xe.o(STACK) for __initial_sp
    startup_stm32f103xe.o(RESET) refers to startup_stm32f103xe.o(.text) for Reset_Handler
    startup_stm32f103xe.o(RESET) refers to stm32f1xx_it.o(i.NMI_Handler) for NMI_Handler
    startup_stm32f103xe.o(RESET) refers to stm32f1xx_it.o(i.HardFault_Handler) for HardFault_Handler
    startup_stm32f103xe.o(RESET) refers to stm32f1xx_it.o(i.MemManage_Handler) for MemManage_Handler
    startup_stm32f103xe.o(RESET) refers to stm32f1xx_it.o(i.BusFault_Handler) for BusFault_Handler
    startup_stm32f103xe.o(RESET) refers to stm32f1xx_it.o(i.UsageFault_Handler) for UsageFault_Handler
    startup_stm32f103xe.o(RESET) refers to stm32f1xx_it.o(i.DebugMon_Handler) for DebugMon_Handler
    startup_stm32f103xe.o(RESET) refers to stm32f1xx_it.o(i.SysTick_Handler) for SysTick_Handler
    startup_stm32f103xe.o(RESET) refers to stm32f1xx_it.o(i.SPI2_IRQHandler) for SPI2_IRQHandler
    startup_stm32f103xe.o(RESET) refers to stm32f1xx_it.o(i.SDIO_IRQHandler) for SDIO_IRQHandler
    startup_stm32f103xe.o(.text) refers to system_stm32f1xx.o(i.SystemInit) for SystemInit
    startup_stm32f103xe.o(.text) refers to entry.o(.ARM.Collect$$$$00000000) for __main
    tftlcd.o(i.HAL_LCD_Clear) refers to tftlcd.o(i.HAL_LCD_FillRect) for HAL_LCD_FillRect
    tftlcd.o(i.HAL_LCD_Clear) refers to tftlcd.o(.bss) for .bss
    tftlcd.o(i.HAL_LCD_DrawLine) refers to fflti.o(.text) for __aeabi_i2f
    tftlcd.o(i.HAL_LCD_DrawLine) refers to fdiv.o(.text) for __aeabi_fdiv
    tftlcd.o(i.HAL_LCD_DrawLine) refers to fmul.o(.text) for __aeabi_fmul
    tftlcd.o(i.HAL_LCD_DrawLine) refers to ffltui.o(.text) for __aeabi_ui2f
    tftlcd.o(i.HAL_LCD_DrawLine) refers to fadd.o(.text) for __aeabi_fadd
    tftlcd.o(i.HAL_LCD_DrawLine) refers to ffixui.o(.text) for __aeabi_f2uiz
    tftlcd.o(i.HAL_LCD_DrawLine) refers to tftlcd.o(i.HAL_LCD_DrawPoint) for HAL_LCD_DrawPoint
    tftlcd.o(i.HAL_LCD_DrawLine) refers to cfrcmple.o(.text) for __aeabi_cfrcmple
    tftlcd.o(i.HAL_LCD_DrawLine) refers to cfcmple.o(.text) for __aeabi_cfcmple
    tftlcd.o(i.HAL_LCD_DrawPoint) refers to tftlcd.o(i.HAL_LCD_SetRect) for HAL_LCD_SetRect
    tftlcd.o(i.HAL_LCD_DrawPoint) refers to tftlcd.o(.bss) for .bss
    tftlcd.o(i.HAL_LCD_DrawRect) refers to tftlcd.o(i.HAL_LCD_DrawLine) for HAL_LCD_DrawLine
    tftlcd.o(i.HAL_LCD_DrowSign) refers to tftlcd.o(i.HAL_LCD_DrawRect) for HAL_LCD_DrawRect
    tftlcd.o(i.HAL_LCD_DrowSign) refers to tftlcd.o(i.HAL_LCD_DrawLine) for HAL_LCD_DrawLine
    tftlcd.o(i.HAL_LCD_FillRect) refers to tftlcd.o(i.HAL_LCD_SetRect) for HAL_LCD_SetRect
    tftlcd.o(i.HAL_LCD_FillRect) refers to tftlcd.o(.bss) for .bss
    tftlcd.o(i.HAL_LCD_GetBkColor) refers to tftlcd.o(.bss) for .bss
    tftlcd.o(i.HAL_LCD_GetDevice) refers to tftlcd.o(.bss) for .bss
    tftlcd.o(i.HAL_LCD_GetFontColor) refers to tftlcd.o(.bss) for .bss
    tftlcd.o(i.HAL_LCD_Init) refers to tftlcd.o(i.LCD_WriteCmd) for LCD_WriteCmd
    tftlcd.o(i.HAL_LCD_Init) refers to tftlcd.o(i.HAL_LCD_SetShowDir) for HAL_LCD_SetShowDir
    tftlcd.o(i.HAL_LCD_Init) refers to tftlcd.o(i.HAL_LCD_Clear) for HAL_LCD_Clear
    tftlcd.o(i.HAL_LCD_Init) refers to tftlcd.o(.bss) for .bss
    tftlcd.o(i.HAL_LCD_Init) refers to tftlcd.o(i.LCD_WriteData) for LCD_WriteData
    tftlcd.o(i.HAL_LCD_Init) refers to tftlcd.o(i.LCD_ReadData) for LCD_ReadData
    tftlcd.o(i.HAL_LCD_Init) refers to tftlcd.o(i.LCD_WriteValue) for LCD_WriteValue
    tftlcd.o(i.HAL_LCD_Init) refers to tftlcd.o(i.LCD_ReadValue) for LCD_ReadValue
    tftlcd.o(i.HAL_LCD_Init) refers to tftlcd.o(i.LCD_WriteColor) for LCD_WriteColor
    tftlcd.o(i.HAL_LCD_Print) refers to printfa.o(i.__0vsprintf) for vsprintf
    tftlcd.o(i.HAL_LCD_Print) refers to tftlcd.o(i.HAL_LCD_Puts) for HAL_LCD_Puts
    tftlcd.o(i.HAL_LCD_PutChar) refers to tftlcd.o(i.HAL_LCD_DrawPoint) for HAL_LCD_DrawPoint
    tftlcd.o(i.HAL_LCD_PutChar) refers to tftlcd.o(.constdata) for .constdata
    tftlcd.o(i.HAL_LCD_PutChar) refers to tftlcd.o(.bss) for .bss
    tftlcd.o(i.HAL_LCD_Puts) refers to tftlcd.o(i.HAL_LCD_PutChar) for HAL_LCD_PutChar
    tftlcd.o(i.HAL_LCD_ReadPoint) refers to tftlcd.o(i.HAL_LCD_SetRect) for HAL_LCD_SetRect
    tftlcd.o(i.HAL_LCD_ReadPoint) refers to tftlcd.o(.bss) for .bss
    tftlcd.o(i.HAL_LCD_SetBkColor) refers to tftlcd.o(.bss) for .bss
    tftlcd.o(i.HAL_LCD_SetFontColor) refers to tftlcd.o(.bss) for .bss
    tftlcd.o(i.HAL_LCD_SetRect) refers to tftlcd.o(.bss) for .bss
    tftlcd.o(i.HAL_LCD_SetShowDir) refers to tftlcd.o(.bss) for .bss
    tftlcd.o(i.HAL_LCD_ShowSwitch) refers to tftlcd.o(.bss) for .bss
    tftlcd.o(i.LCD_ReadValue) refers to tftlcd.o(i.LCD_ReadData) for LCD_ReadData
[...]
    RESET                                    0x08000000   Section      304  startup_stm32f103xe.o(RESET)
    .ARM.Collect$$$$00000000                 0x08000130   Section        0  entry.o(.ARM.Collect$$$$00000000)
    .ARM.Collect$$$$00000001                 0x08000130   Section        4  entry2.o(.ARM.Collect$$$$00000001)
    .ARM.Collect$$$$00000004                 0x08000134   Section        4  entry5.o(.ARM.Collect$$$$00000004)
    .ARM.Collect$$$$00000008                 0x08000138   Section        0  entry7b.o(.ARM.Collect$$$$00000008)
    .ARM.Collect$$$$0000000A                 0x08000138   Section        0  entry8b.o(.ARM.Collect$$$$0000000A)
    .ARM.Collect$$$$0000000B                 0x08000138   Section        8  entry9a.o(.ARM.Collect$$$$0000000B)
    .ARM.Collect$$$$0000000D                 0x08000140   Section        0  entry10a.o(.ARM.Collect$$$$0000000D)
    .ARM.Collect$$$$0000000F                 0x08000140   Section        0  entry11a.o(.ARM.Collect$$$$0000000F)
    .ARM.Collect$$$$00002712                 0x08000140   Section        4  entry2.o(.ARM.Collect$$$$00002712)
    __lit__00000000                          0x08000140   Data           4  entry2.o(.ARM.Collect$$$$00002712)
    .text                                    0x08000144   Section       36  startup_stm32f103xe.o(.text)
    .text                                    0x08000168   Section        0  llushr.o(.text)
    .text                                    0x08000188   Section        0  memseta.o(.text)
    .text                                    0x080001ac   Section        0  uidiv.o(.text)
    .text                                    0x080001d8   Section        0  uldiv.o(.text)
    .text                                    0x0800023a   Section        0  iusefp.o(.text)
    .text                                    0x0800023a   Section        0  dadd.o(.text)
    .text                                    0x08000388   Section        0  dmul.o(.text)
    .text                                    0x0800046c   Section        0  ddiv.o(.text)
    .text                                    0x0800054a   Section        0  dfixul.o(.text)
    .text                                    0x0800057c   Section       48  cdrcmple.o(.text)
    .text                                    0x080005ac   Section       36  init.o(.text)
    .text                                    0x080005d0   Section        0  llshl.o(.text)
    .text                                    0x080005ee   Section        0  llsshr.o(.text)
    .text                                    0x08000612   Section        0  depilogue.o(.text)
    i.BSP_SD_AbortCallback                   0x080006cc   Section        0  bsp_driver_sd.o(i.BSP_SD_AbortCallback)
    i.BSP_SD_GetCardInfo                     0x080006d0   Section        0  bsp_driver_sd.o(i.BSP_SD_GetCardInfo)
    i.BSP_SD_GetCardState                    0x080006dc   Section        0  bsp_driver_sd.o(i.BSP_SD_GetCardState)
    i.BSP_SD_Init                            0x080006f4   Section        0  bsp_driver_sd.o(i.BSP_SD_Init)
    i.BSP_SD_IsDetected                      0x08000724   Section        0  bsp_driver_sd.o(i.BSP_SD_IsDetected)
    i.BSP_SD_ReadBlocks                      0x08000734   Section        0  bsp_driver_sd.o(i.BSP_SD_ReadBlocks)
    i.BSP_SD_ReadCpltCallback                0x08000754   Section        0  bsp_driver_sd.o(i.BSP_SD_ReadCpltCallback)
    i.BSP_SD_WriteBlocks                     0x08000758   Section        0  bsp_driver_sd.o(i.BSP_SD_WriteBlocks)
    i.BSP_SD_WriteCpltCallback               0x08000778   Section        0  bsp_driver_sd.o(i.BSP_SD_WriteCpltCallback)
    i.BusFault_Handler                       0x0800077a   Section        0  stm32f1xx_it.o(i.BusFault_Handler)
    i.DebugMon_Handler                       0x0800077c   Section        0  stm32f1xx_it.o(i.DebugMon_Handler)
    i.Error_Handler                          0x0800077e   Section        0  main.o(i.Error_Handler)
    i.FATFS_LinkDriver                       0x08000780   Section        0  ff_gen_drv.o(i.FATFS_LinkDriver)
    i.FATFS_LinkDriverEx                     0x08000788   Section        0  ff_gen_drv.o(i.FATFS_LinkDriverEx)
    i.FSMC_NORSRAM_Extended_Timing_Init      0x080007c8   Section        0  stm32f1xx_ll_fsmc.o(i.FSMC_NORSRAM_Extended_Timing_Init)
    i.FSMC_NORSRAM_Init                      0x08000804   Section        0  stm32f1xx_ll_fsmc.o(i.FSMC_NORSRAM_Init)
    i.FSMC_NORSRAM_Timing_Init               0x0800086c   Section        0  stm32f1xx_ll_fsmc.o(i.FSMC_NORSRAM_Timing_Init)
    i.HAL_DMA_Abort_IT                       0x080008b0   Section        0  stm32f1xx_hal_dma.o(i.HAL_DMA_Abort_IT)
    i.HAL_Delay                              0x080009e0   Section        0  stm32f1xx_hal.o(i.HAL_Delay)
    i.HAL_FSMC_MspInit                       0x08000a04   Section        0  fsmc.o(i.HAL_FSMC_MspInit)
    HAL_FSMC_MspInit                         0x08000a05   Thumb Code   124  fsmc.o(i.HAL_FSMC_MspInit)
    i.HAL_GPIO_Init                          0x08000a98   Section        0  stm32f1xx_hal_gpio.o(i.HAL_GPIO_Init)
    i.HAL_GPIO_WritePin                      0x08000c90   Section        0  stm32f1xx_hal_gpio.o(i.HAL_GPIO_WritePin)
    i.HAL_GetTick                            0x08000c9c   Section        0  stm32f1xx_hal.o(i.HAL_GetTick)
    i.HAL_IncTick                            0x08000ca8   Section        0  stm32f1xx_hal.o(i.HAL_IncTick)
    i.HAL_Init                               0x08000cb8   Section        0  stm32f1xx_hal.o(i.HAL_Init)
    i.HAL_InitTick                           0x08000cdc   Section        0  stm32f1xx_hal.o(i.HAL_InitTick)
    i.HAL_LCD_Clear                          0x08000d1c   Section        0  tftlcd.o(i.HAL_LCD_Clear)
    i.HAL_LCD_DrawPoint                      0x08000d38   Section        0  tftlcd.o(i.HAL_LCD_DrawPoint)
    i.HAL_LCD_FillRect                       0x08000d64   Section        0  tftlcd.o(i.HAL_LCD_FillRect)
    i.HAL_LCD_Init                           0x08000da4   Section        0  tftlcd.o(i.HAL_LCD_Init)
    i.HAL_LCD_Print                          0x0800103c   Section        0  tftlcd.o(i.HAL_LCD_Print)
    i.HAL_LCD_PutChar                        0x08001064   Section        0  tftlcd.o(i.HAL_LCD_PutChar)
    i.HAL_LCD_Puts                           0x08001118   Section        0  tftlcd.o(i.HAL_LCD_Puts)
    i.HAL_LCD_SetRect                        0x08001148   Section        0  tftlcd.o(i.HAL_LCD_SetRect)
    i.HAL_LCD_SetShowDir                     0x08001204   Section        0  tftlcd.o(i.HAL_LCD_SetShowDir)
    i.HAL_MspInit                            0x08001260   Section        0  stm32f1xx_hal_msp.o(i.HAL_MspInit)
    i.HAL_NVIC_EnableIRQ                     0x0800129c   Section        0  stm32f1xx_hal_cortex.o(i.HAL_NVIC_EnableIRQ)
    i.HAL_NVIC_SetPriority                   0x080012b8   Section        0  stm32f1xx_hal_cortex.o(i.HAL_NVIC_SetPriority)
    i.HAL_NVIC_SetPriorityGrouping           0x080012f8   Section        0  stm32f1xx_hal_cortex.o(i.HAL_NVIC_SetPriorityGrouping)
    i.HAL_RCC_ClockConfig                    0x0800131c   Section        0  stm32f1xx_hal_rcc.o(i.HAL_RCC_ClockConfig)
    i.HAL_RCC_GetSysClockFreq                0x08001448   Section        0  stm32f1xx_hal_rcc.o(i.HAL_RCC_GetSysClockFreq)
    i.HAL_RCC_OscConfig                      0x080014b4   Section        0  stm32f1xx_hal_rcc.o(i.HAL_RCC_OscConfig)
    i.HAL_SD_AbortCallback                   0x080017d4   Section        0  bsp_driver_sd.o(i.HAL_SD_AbortCallback)
    i.HAL_SD_ConfigWideBusOperation          0x080017dc   Section        0  stm32f1xx_hal_sd.o(i.HAL_SD_ConfigWideBusOperation)
    i.HAL_SD_ErrorCallback                   0x080018d0   Section        0  stm32f1xx_hal_sd.o(i.HAL_SD_ErrorCallback)
    i.HAL_SD_GetCardCID                      0x080018d2   Section        0  stm32f1xx_hal_sd.o(i.HAL_SD_GetCardCID)
    i.HAL_SD_GetCardCSD                      0x08001924   Section        0  stm32f1xx_hal_sd.o(i.HAL_SD_GetCardCSD)
    i.HAL_SD_GetCardInfo                     0x08001abc   Section        0  stm32f1xx_hal_sd.o(i.HAL_SD_GetCardInfo)
    i.HAL_SD_GetCardState                    0x08001ae0   Section        0  stm32f1xx_hal_sd.o(i.HAL_SD_GetCardState)
    i.HAL_SD_IRQHandler                      0x08001b0c   Section        0  stm32f1xx_hal_sd.o(i.HAL_SD_IRQHandler)
    i.HAL_SD_Init                            0x08001d14   Section        0  stm32f1xx_hal_sd.o(i.HAL_SD_Init)
    i.HAL_SD_InitCard                        0x08001d4c   Section        0  stm32f1xx_hal_sd.o(i.HAL_SD_InitCard)
    i.HAL_SD_MspInit                         0x08001da0   Section        0  sdio.o(i.HAL_SD_MspInit)
    i.HAL_SD_ReadBlocks                      0x08001e34   Section        0  stm32f1xx_hal_sd.o(i.HAL_SD_ReadBlocks)
    i.HAL_SD_RxCpltCallback                  0x0800202c   Section        0  bsp_driver_sd.o(i.HAL_SD_RxCpltCallback)
    i.HAL_SD_TxCpltCallback                  0x08002034   Section        0  bsp_driver_sd.o(i.HAL_SD_TxCpltCallback)
    i.HAL_SD_WriteBlocks                     0x0800203c   Section        0  stm32f1xx_hal_sd.o(i.HAL_SD_WriteBlocks)
    i.HAL_SPI_ErrorCallback                  0x08002208   Section        0  stm32f1xx_hal_spi.o(i.HAL_SPI_ErrorCallback)
    i.HAL_SPI_IRQHandler                     0x0800220c   Section        0  stm32f1xx_hal_spi.o(i.HAL_SPI_IRQHandler)
    i.HAL_SPI_Init                           0x080022ec   Section        0  stm32f1xx_hal_spi.o(i.HAL_SPI_Init)
    i.HAL_SPI_MspInit                        0x08002368   Section        0  spi.o(i.HAL_SPI_MspInit)
    i.HAL_SRAM_Init                          0x080023ec   Section        0  stm32f1xx_hal_sram.o(i.HAL_SRAM_Init)
    i.HAL_SRAM_MspInit                       0x08002448   Section        0  fsmc.o(i.HAL_SRAM_MspInit)
    i.HAL_SYSTICK_Config                     0x0800244c   Section        0  stm32f1xx_hal_cortex.o(i.HAL_SYSTICK_Config)
    i.HardFault_Handler                      0x08002474   Section        0  stm32f1xx_it.o(i.HardFault_Handler)
    i.LCD_ReadData                           0x08002478   Section        0  tftlcd.o(i.LCD_ReadData)
    i.LCD_ReadValue                          0x0800248c   Section        0  tftlcd.o(i.LCD_ReadValue)
    i.LCD_WriteCmd                           0x08002498   Section        0  tftlcd.o(i.LCD_WriteCmd)
    i.LCD_WriteColor                         0x080024a4   Section        0  tftlcd.o(i.LCD_WriteColor)
    i.LCD_WriteData                          0x080024b0   Section        0  tftlcd.o(i.LCD_WriteData)
    i.LCD_WriteValue                         0x080024bc   Section        0  tftlcd.o(i.LCD_WriteValue)
    i.MX_FATFS_Init                          0x080024cc   Section        0  fatfs.o(i.MX_FATFS_Init)
    i.MX_FSMC_Init                           0x080024e8   Section        0  fsmc.o(i.MX_FSMC_Init)
    i.MX_GPIO_Init                           0x080025ac   Section        0  gpio.o(i.MX_GPIO_Init)
    i.MX_SDIO_SD_Init                        0x08002684   Section        0  sdio.o(i.MX_SDIO_SD_Init)
    i.MX_SPI2_Init                           0x080026a4   Section        0  spi.o(i.MX_SPI2_Init)
    i.MemManage_Handler                      0x080026e8   Section        0  stm32f1xx_it.o(i.MemManage_Handler)
    i.NMI_Handler                            0x080026ea   Section        0  stm32f1xx_it.o(i.NMI_Handler)
    i.SDIO_ConfigData                        0x080026ec   Section        0  stm32f1xx_ll_sdmmc.o(i.SDIO_ConfigData)
    i.SDIO_GetPowerState                     0x08002710   Section        0  stm32f1xx_ll_sdmmc.o(i.SDIO_GetPowerState)
    i.SDIO_GetResponse                       0x08002718   Section        0  stm32f1xx_ll_sdmmc.o(i.SDIO_GetResponse)
    i.SDIO_IRQHandler                        0x08002720   Section        0  stm32f1xx_it.o(i.SDIO_IRQHandler)
    i.SDIO_Init                              0x0800272c   Section        0  stm32f1xx_ll_sdmmc.o(i.SDIO_Init)
    i.SDIO_PowerState_ON                     0x08002750   Section        0  stm32f1xx_ll_sdmmc.o(i.SDIO_PowerState_ON)
    i.SDIO_ReadFIFO                          0x08002760   Section        0  stm32f1xx_ll_sdmmc.o(i.SDIO_ReadFIFO)
    i.SDIO_SendCommand                       0x08002766   Section        0  stm32f1xx_ll_sdmmc.o(i.SDIO_SendCommand)
    i.SDIO_WriteFIFO                         0x08002786   Section        0  stm32f1xx_ll_sdmmc.o(i.SDIO_WriteFIFO)
    i.SDMMC_CmdAppCommand                    0x08002790   Section        0  stm32f1xx_ll_sdmmc.o(i.SDMMC_CmdAppCommand)
    i.SDMMC_CmdAppOperCommand                0x080027c4   Section        0  stm32f1xx_ll_sdmmc.o(i.SDMMC_CmdAppOperCommand)
    i.SDMMC_CmdBlockLength                   0x080027f8   Section        0  stm32f1xx_ll_sdmmc.o(i.SDMMC_CmdBlockLength)
    i.SDMMC_CmdBusWidth                      0x0800282a   Section        0  stm32f1xx_ll_sdmmc.o(i.SDMMC_CmdBusWidth)
    i.SDMMC_CmdGoIdleState                   0x0800285c   Section        0  stm32f1xx_ll_sdmmc.o(i.SDMMC_CmdGoIdleState)
    i.SDMMC_CmdOperCond                      0x080028ac   Section        0  stm32f1xx_ll_sdmmc.o(i.SDMMC_CmdOperCond)
    i.SDMMC_CmdReadMultiBlock                0x08002920   Section        0  stm32f1xx_ll_sdmmc.o(i.SDMMC_CmdReadMultiBlock)
    i.SDMMC_CmdReadSingleBlock               0x08002952   Section        0  stm32f1xx_ll_sdmmc.o(i.SDMMC_CmdReadSingleBlock)
    i.SDMMC_CmdSelDesel                      0x08002984   Section        0  stm32f1xx_ll_sdmmc.o(i.SDMMC_CmdSelDesel)
    i.SDMMC_CmdSendCID                       0x080029b6   Section        0  stm32f1xx_ll_sdmmc.o(i.SDMMC_CmdSendCID)
    i.SDMMC_CmdSendCSD                       0x080029e2   Section        0  stm32f1xx_ll_sdmmc.o(i.SDMMC_CmdSendCSD)
    i.SDMMC_CmdSendSCR                       0x08002a0e   Section        0  stm32f1xx_ll_sdmmc.o(i.SDMMC_CmdSendSCR)
    i.SDMMC_CmdSendStatus                    0x08002a3e   Section        0  stm32f1xx_ll_sdmmc.o(i.SDMMC_CmdSendStatus)
    i.SDMMC_CmdSetRelAdd                     0x08002a70   Section        0  stm32f1xx_ll_sdmmc.o(i.SDMMC_CmdSetRelAdd)
    i.SDMMC_CmdStopTransfer                  0x08002aa0   Section        0  stm32f1xx_ll_sdmmc.o(i.SDMMC_CmdStopTransfer)
    i.SDMMC_CmdWriteMultiBlock               0x08002ad4   Section        0  stm32f1xx_ll_sdmmc.o(i.SDMMC_CmdWriteMultiBlock)
    i.SDMMC_CmdWriteSingleBlock              0x08002b06   Section        0  stm32f1xx_ll_sdmmc.o(i.SDMMC_CmdWriteSingleBlock)
    i.SDMMC_GetCmdResp1                      0x08002b38   Section        0  stm32f1xx_ll_sdmmc.o(i.SDMMC_GetCmdResp1)
    SDMMC_GetCmdResp1                        0x08002b39   Thumb Code   278  stm32f1xx_ll_sdmmc.o(i.SDMMC_GetCmdResp1)
    i.SDMMC_GetCmdResp2                      0x08002c58   Section        0  stm32f1xx_ll_sdmmc.o(i.SDMMC_GetCmdResp2)
    SDMMC_GetCmdResp2                        0x08002c59   Thumb Code    76  stm32f1xx_ll_sdmmc.o(i.SDMMC_GetCmdResp2)
    i.SDMMC_GetCmdResp3                      0x08002ca8   Section        0  stm32f1xx_ll_sdmmc.o(i.SDMMC_GetCmdResp3)
    SDMMC_GetCmdResp3                        0x08002ca9   Thumb Code    62  stm32f1xx_ll_sdmmc.o(i.SDMMC_GetCmdResp3)
    i.SDMMC_GetCmdResp6                      0x08002cec   Section        0  stm32f1xx_ll_sdmmc.o(i.SDMMC_GetCmdResp6)
    SDMMC_GetCmdResp6                        0x08002ced   Thumb Code   130  stm32f1xx_ll_sdmmc.o(i.SDMMC_GetCmdResp6)
    i.SD_DMARxAbort                          0x08002d74   Section        0  stm32f1xx_hal_sd.o(i.SD_DMARxAbort)
    SD_DMARxAbort                            0x08002d75   Thumb Code    68  stm32f1xx_hal_sd.o(i.SD_DMARxAbort)
    i.SD_DMATxAbort                          0x08002db8   Section        0  stm32f1xx_hal_sd.o(i.SD_DMATxAbort)
    SD_DMATxAbort                            0x08002db9   Thumb Code    68  stm32f1xx_hal_sd.o(i.SD_DMATxAbort)
    i.SD_FindSCR                             0x08002dfc   Section        0  stm32f1xx_hal_sd.o(i.SD_FindSCR)
    SD_FindSCR                               0x08002dfd   Thumb Code   212  stm32f1xx_hal_sd.o(i.SD_FindSCR)
    i.SD_InitCard                            0x08002ed0   Section        0  stm32f1xx_hal_sd.o(i.SD_InitCard)
    SD_InitCard                              0x08002ed1   Thumb Code   238  stm32f1xx_hal_sd.o(i.SD_InitCard)
    i.SD_PowerON                             0x08002fc0   Section        0  stm32f1xx_hal_sd.o(i.SD_PowerON)
    SD_PowerON                               0x08002fc1   Thumb Code   174  stm32f1xx_hal_sd.o(i.SD_PowerON)
    i.SD_initialize                          0x08003074   Section        0  sd_diskio.o(i.SD_initialize)
    i.SD_ioctl                               0x08003094   Section        0  sd_diskio.o(i.SD_ioctl)
    i.SD_read                                0x080030e4   Section        0  sd_diskio.o(i.SD_read)
    i.SD_status                              0x08003120   Section        0  sd_diskio.o(i.SD_status)
    i.SD_write                               0x08003140   Section        0  sd_diskio.o(i.SD_write)
    i.SPI2_IRQHandler                        0x0800317c   Section        0  stm32f1xx_it.o(i.SPI2_IRQHandler)
    i.SPI_DMAAbortOnError                    0x08003188   Section        0  stm32f1xx_hal_spi.o(i.SPI_DMAAbortOnError)
    SPI_DMAAbortOnError                      0x08003189   Thumb Code    16  stm32f1xx_hal_spi.o(i.SPI_DMAAbortOnError)
    i.SysTick_Handler                        0x08003198   Section        0  stm32f1xx_it.o(i.SysTick_Handler)
    i.SystemClock_Config                     0x0800319c   Section        0  main.o(i.SystemClock_Config)
    i.SystemInit                             0x080031ec   Section        0  system_stm32f1xx.o(i.SystemInit)
    i.UsageFault_Handler                     0x08003234   Section        0  stm32f1xx_it.o(i.UsageFault_Handler)
    i.__0printf                              0x08003238   Section        0  printfa.o(i.__0printf)
    i.__0vsprintf                            0x08003258   Section        0  printfa.o(i.__0vsprintf)
    i.__NVIC_SetPriority                     0x0800327c   Section        0  stm32f1xx_hal_cortex.o(i.__NVIC_SetPriority)
    __NVIC_SetPriority                       0x0800327d   Thumb Code    32  stm32f1xx_hal_cortex.o(i.__NVIC_SetPriority)
    i.__scatterload_copy                     0x0800329c   Section       14  handlers.o(i.__scatterload_copy)
    i.__scatterload_null                     0x080032aa   Section        2  handlers.o(i.__scatterload_null)
    i.__scatterload_zeroinit                 0x080032ac   Section       14  handlers.o(i.__scatterload_zeroinit)
    i._fp_digits                             0x080032bc   Section        0  printfa.o(i._fp_digits)
    _fp_digits                               0x080032bd   Thumb Code   366  printfa.o(i._fp_digits)
    i._printf_core                           0x08003440   Section        0  printfa.o(i._printf_core)
    _printf_core                             0x08003441   Thumb Code  1744  printfa.o(i._printf_core)
    i._printf_post_padding                   0x08003b1c   Section        0  printfa.o(i._printf_post_padding)
    _printf_post_padding                     0x08003b1d   Thumb Code    36  printfa.o(i._printf_post_padding)
    i._printf_pre_padding                    0x08003b40   Section        0  printfa.o(i._printf_pre_padding)
    _printf_pre_padding                      0x08003b41   Thumb Code    46  printfa.o(i._printf_pre_padding)
    i._sputc                                 0x08003b6e   Section        0  printfa.o(i._sputc)
    _sputc                                   0x08003b6f   Thumb Code    10  printfa.o(i._sputc)
    i.check_fs                               0x08003b78   Section        0  ff.o(i.check_fs)
    check_fs                                 0x08003b79   Thumb Code    90  ff.o(i.check_fs)
    i.chk_chr                                0x08003bd8   Section        0  ff.o(i.chk_chr)
    chk_chr                                  0x08003bd9   Thumb Code    16  ff.o(i.chk_chr)
    i.chk_lock                               0x08003be8   Section        0  ff.o(i.chk_lock)
    chk_lock                                 0x08003be9   Thumb Code   100  ff.o(i.chk_lock)
    i.clear_lock                             0x08003c50   Section        0  ff.o(i.clear_lock)
    clear_lock                               0x08003c51   Thumb Code    32  ff.o(i.clear_lock)
    i.clmt_clust                             0x08003c74   Section        0  ff.o(i.clmt_clust)
    clmt_clust                               0x08003c75   Thumb Code    46  ff.o(i.clmt_clust)
    i.clust2sect                             0x08003ca2   Section        0  ff.o(i.clust2sect)
    i.create_chain                           0x08003cbe   Section        0  ff.o(i.create_chain)
    create_chain                             0x08003cbf   Thumb Code   164  ff.o(i.create_chain)
    i.create_name                            0x08003d64   Section        0  ff.o(i.create_name)
    create_name                              0x08003d65   Thumb Code   558  ff.o(i.create_name)
    i.dec_lock                               0x08003fa8   Section        0  ff.o(i.dec_lock)
    dec_lock                                 0x08003fa9   Thumb Code    54  ff.o(i.dec_lock)
    i.dir_find                               0x08003fe4   Section        0  ff.o(i.dir_find)
    dir_find                                 0x08003fe5   Thumb Code   314  ff.o(i.dir_find)
    i.dir_next                               0x08004124   Section        0  ff.o(i.dir_next)
    dir_next                                 0x08004125   Thumb Code   284  ff.o(i.dir_next)
    i.dir_register                           0x08004240   Section        0  ff.o(i.dir_register)
    dir_register                             0x08004241   Thumb Code   444  ff.o(i.dir_register)
    i.dir_sdi                                0x08004400   Section        0  ff.o(i.dir_sdi)
    dir_sdi                                  0x08004401   Thumb Code   154  ff.o(i.dir_sdi)
    i.disk_initialize                        0x0800449c   Section        0  diskio.o(i.disk_initialize)
    i.disk_ioctl                             0x080044c4   Section        0  diskio.o(i.disk_ioctl)
    i.disk_read                              0x080044e0   Section        0  diskio.o(i.disk_read)
    i.disk_status                            0x080044fc   Section        0  diskio.o(i.disk_status)
    i.disk_write                             0x08004514   Section        0  diskio.o(i.disk_write)
    i.f_close                                0x08004530   Section        0  ff.o(i.f_close)
    i.f_mount                                0x0800455c   Section        0  ff.o(i.f_mount)
    i.f_open                                 0x080045c0   Section        0  ff.o(i.f_open)
    i.f_read                                 0x080047b4   Section        0  ff.o(i.f_read)
    i.f_sync                                 0x08004942   Section        0  ff.o(i.f_sync)
    i.ff_convert                             0x080049e4   Section        0  cc936.o(i.ff_convert)
    i.ff_wtoupper                            0x08004a30   Section        0  cc936.o(i.ff_wtoupper)
    i.find_volume                            0x08004a54   Section        0  ff.o(i.find_volume)
    find_volume                              0x08004a55   Thumb Code   606  ff.o(i.find_volume)
    i.follow_path                            0x08004cc0   Section        0  ff.o(i.follow_path)
    follow_path                              0x08004cc1   Thumb Code   106  ff.o(i.follow_path)
    i.fputc                                  0x08004d2c   Section        0  main.o(i.fputc)
    i.gen_numname                            0x08004d54   Section        0  ff.o(i.gen_numname)
    gen_numname                              0x08004d55   Thumb Code   136  ff.o(i.gen_numname)
    i.get_fat                                0x08004de0   Section        0  ff.o(i.get_fat)
    i.get_fattime                            0x08004ec6   Section        0  fatfs.o(i.get_fattime)
    i.get_ldnumber                           0x08004eca   Section        0  ff.o(i.get_ldnumber)
    get_ldnumber                             0x08004ecb   Thumb Code    60  ff.o(i.get_ldnumber)
    i.inc_lock                               0x08004f08   Section        0  ff.o(i.inc_lock)
    inc_lock                                 0x08004f09   Thumb Code   146  ff.o(i.inc_lock)
    i.ld_clust                               0x08004fa0   Section        0  ff.o(i.ld_clust)
    ld_clust                                 0x08004fa1   Thumb Code    22  ff.o(i.ld_clust)
    i.main                                   0x08004fb8   Section        0  main.o(i.main)
    i.mem_cpy                                0x080051a4   Section        0  ff.o(i.mem_cpy)
    mem_cpy                                  0x080051a5   Thumb Code    18  ff.o(i.mem_cpy)
    i.mem_set                                0x080051b6   Section        0  ff.o(i.mem_set)
    mem_set                                  0x080051b7   Thumb Code    14  ff.o(i.mem_set)
    i.move_window                            0x080051c4   Section        0  ff.o(i.move_window)
    move_window                              0x080051c5   Thumb Code    56  ff.o(i.move_window)
    i.printffile                             0x080051fc   Section        0  main.o(i.printffile)
    i.put_fat                                0x080052c8   Section        0  ff.o(i.put_fat)
    i.remove_chain                           0x080053e6   Section        0  ff.o(i.remove_chain)
    remove_chain                             0x080053e7   Thumb Code   102  ff.o(i.remove_chain)
    i.st_clust                               0x0800544c   Section        0  ff.o(i.st_clust)
    st_clust                                 0x0800544d   Thumb Code    16  ff.o(i.st_clust)
    i.sum_sfn                                0x0800545c   Section        0  ff.o(i.sum_sfn)
    sum_sfn                                  0x0800545d   Thumb Code    26  ff.o(i.sum_sfn)
    i.sync_fs                                0x08005476   Section        0  ff.o(i.sync_fs)
    sync_fs                                  0x08005477   Thumb Code   168  ff.o(i.sync_fs)
    i.sync_window                            0x0800551e   Section        0  ff.o(i.sync_window)
    sync_window                              0x0800551f   Thumb Code    82  ff.o(i.sync_window)
    i.validate                               0x08005570   Section        0  ff.o(i.validate)
    validate                                 0x08005571   Thumb Code    42  ff.o(i.validate)
    .constdata                               0x0800559a   Section     6080  tftlcd.o(.constdata)
    .constdata                               0x08006d5a   Section       16  system_stm32f1xx.o(.constdata)
    .constdata                               0x08006d6a   Section       58  ff.o(.constdata)
    LfnOfs                                   0x08006d6a   Data          13  ff.o(.constdata)
    vst                                      0x08006d78   Data          22  ff.o(.constdata)
    cst                                      0x08006d8e   Data          22  ff.o(.constdata)
    .constdata                               0x08006da4   Section    175304  cc936.o(.constdata)
    uni2oem                                  0x08006da4   Data       87172  cc936.o(.constdata)
    oem2uni                                  0x0801c228   Data       87172  cc936.o(.constdata)
    tbl_lower                                0x080316ac   Data         480  cc936.o(.constdata)
    tbl_upper                                0x0803188c   Data         480  cc936.o(.constdata)
    .constdata                               0x08031a6c   Section       20  sd_diskio.o(.constdata)
    .data                                    0x20000000   Section        1  fatfs.o(.data)
    .data                                    0x20000004   Section        8  fsmc.o(.data)
    FSMC_Initialized                         0x20000004   Data           4  fsmc.o(.data)
    FSMC_DeInitialized                       0x20000008   Data           4  fsmc.o(.data)
    .data                                    0x2000000c   Section       12  stm32f1xx_hal.o(.data)
    .data                                    0x20000018   Section        4  system_stm32f1xx.o(.data)
    .data                                    0x2000001c   Section        8  ff.o(.data)
    Fsid                                     0x2000001c   Data           2  ff.o(.data)
    FatFs                                    0x20000020   Data           4  ff.o(.data)
    .data                                    0x20000024   Section        1  sd_diskio.o(.data)
    Stat                                     0x20000024   Data           1  sd_diskio.o(.data)
    .data                                    0x20000028   Section        4  stdout.o(.data)
    .bss                                     0x2000002c   Section       40  tftlcd.o(.bss)
    LCD                                      0x2000002c   Data          40  tftlcd.o(.bss)
    .bss                                     0x20000054   Section      256  fatfs.o(.bss)
    .bss                                     0x20000154   Section     4144  fatfs.o(.bss)
    .bss                                     0x20001184   Section     4140  fatfs.o(.bss)
    .bss                                     0x200021b0   Section      144  fsmc.o(.bss)
    .bss                                     0x20002240   Section      132  sdio.o(.bss)
    .bss                                     0x200022c4   Section       88  spi.o(.bss)
    .bss                                     0x2000231c   Section       24  ff.o(.bss)
    Files                                    0x2000231c   Data          24  ff.o(.bss)
    .bss                                     0x20002334   Section       12  ff_gen_drv.o(.bss)
    STACK                                    0x20002340   Section     1024  startup_stm32f103xe.o(STACK)

    Global Symbols

    Symbol Name                              Value     Ov Type        Size  Object(Section)

    BuildAttributes$$THM_ISAv4$P$D$K$B$S$PE$A:L22UL41UL21$X:L11$S22US41US21$IEEE1$IW$USESV6$~STKCKD$USESV7$~SHL$OTIME$ROPI$EBA8$MICROLIB$REQ8$PRES8$EABIv2 0x00000000   Number         0  anon$$obj.o ABSOLUTE
    __ARM_use_no_argv                        0x00000000   Number         0  main.o ABSOLUTE
    _printf_a                                0x00000000   Number         0  stubs.o ABSOLUTE
    _printf_c                                0x00000000   Number         0  stubs.o ABSOLUTE
    _printf_charcount                        0x00000000   Number         0  stubs.o ABSOLUTE
    _printf_d                                0x00000000   Number         0  stubs.o ABSOLUTE
    _printf_e                                0x00000000   Number         0  stubs.o ABSOLUTE
    _printf_f                                0x00000000   Number         0  stubs.o ABSOLUTE
    _printf_flags                            0x00000000   Number         0  stubs.o ABSOLUTE
    _printf_fp_dec                           0x00000000   Number         0  stubs.o ABSOLUTE
    _printf_fp_hex                           0x00000000   Number         0  stubs.o ABSOLUTE
    _printf_g                                0x00000000   Number         0  stubs.o ABSOLUTE
    _printf_i                                0x00000000   Number         0  stubs.o ABSOLUTE
    _printf_int_dec                          0x00000000   Number         0  stubs.o ABSOLUTE
    _printf_l                                0x00000000   Number         0  stubs.o ABSOLUTE
    _printf_lc                               0x00000000   Number         0  stubs.o ABSOLUTE
    _printf_ll                               0x00000000   Number         0  stubs.o ABSOLUTE
    _printf_lld                              0x00000000   Number         0  stubs.o ABSOLUTE
    _printf_lli                              0x00000000   Number         0  stubs.o ABSOLUTE
    _printf_llo                              0x00000000   Number         0  stubs.o ABSOLUTE
    _printf_llu                              0x00000000   Number         0  stubs.o ABSOLUTE
    _printf_llx                              0x00000000   Number         0  stubs.o ABSOLUTE
    _printf_longlong_dec                     0x00000000   Number         0  stubs.o ABSOLUTE
    _printf_longlong_hex                     0x00000000   Number         0  stubs.o ABSOLUTE
    _printf_longlong_oct                     0x00000000   Number         0  stubs.o ABSOLUTE
    _printf_ls                               0x00000000   Number         0  stubs.o ABSOLUTE
    _printf_mbtowc                           0x00000000   Number         0  stubs.o ABSOLUTE
    _printf_n                                0x00000000   Number         0  stubs.o ABSOLUTE
    _printf_o                                0x00000000   Number         0  stubs.o ABSOLUTE
    _printf_p                                0x00000000   Number         0  stubs.o ABSOLUTE
    _printf_percent                          0x00000000   Number         0  stubs.o ABSOLUTE
    _printf_pre_padding                      0x00000000   Number         0  stubs.o ABSOLUTE
    _printf_return_value                     0x00000000   Number         0  stubs.o ABSOLUTE
    _printf_s                                0x00000000   Number         0  stubs.o ABSOLUTE
    _printf_sizespec                         0x00000000   Number         0  stubs.o ABSOLUTE
    _printf_str                              0x00000000   Number         0  stubs.o ABSOLUTE
    _printf_truncate_signed                  0x00000000   Number         0  stubs.o ABSOLUTE
    _printf_truncate_unsigned                0x00000000   Number         0  stubs.o ABSOLUTE
    _printf_u                                0x00000000   Number         0  stubs.o ABSOLUTE
    _printf_wc                               0x00000000   Number         0  stubs.o ABSOLUTE
    _printf_wctomb                           0x00000000   Number         0  stubs.o ABSOLUTE
    _printf_widthprec                        0x00000000   Number         0  stubs.o ABSOLUTE
    _printf_x                                0x00000000   Number         0  stubs.o ABSOLUTE
    __cpp_initialize__aeabi_                  - Undefined Weak Reference
    __cxa_finalize                            - Undefined Weak Reference
    __decompress                              - Undefined Weak Reference
    _clock_init                               - Undefined Weak Reference
    _microlib_exit                            - Undefined Weak Reference
    __Vectors_Size                           0x00000130   Number         0  startup_stm32f103xe.o ABSOLUTE
    __Vectors                                0x08000000   Data           4  startup_stm32f103xe.o(RESET)
    __Vectors_End                            0x08000130   Data           0  startup_stm32f103xe.o(RESET)
    __main                                   0x08000131   Thumb Code     0  entry.o(.ARM.Collect$$$$00000000)
    _main_stk                                0x08000131   Thumb Code     0  entry2.o(.ARM.Collect$$$$00000001)
    _main_scatterload                        0x08000135   Thumb Code     0  entry5.o(.ARM.Collect$$$$00000004)
    __main_after_scatterload                 0x08000139   Thumb Code     0  entry5.o(.ARM.Collect$$$$00000004)
    _main_clock                              0x08000139   Thumb Code     0  entry7b.o(.ARM.Collect$$$$00000008)
    _main_cpp_init                           0x08000139   Thumb Code     0  entry8b.o(.ARM.Collect$$$$0000000A)
    _main_init                               0x08000139   Thumb Code     0  entry9a.o(.ARM.Collect$$$$0000000B)
    __rt_final_cpp                           0x08000141   Thumb Code     0  entry10a.o(.ARM.Collect$$$$0000000D)
    __rt_final_exit                          0x08000141   Thumb Code     0  entry11a.o(.ARM.Collect$$$$0000000F)
    Reset_Handler                            0x08000145   Thumb Code     8  startup_stm32f103xe.o(.text)
    SVC_Handler                              0x08000157   Thumb Code     2  startup_stm32f103xe.o(.text)
    PendSV_Handler                           0x0800015b   Thumb Code     2  startup_stm32f103xe.o(.text)
    ADC1_2_IRQHandler                        0x0800015f   Thumb Code     0  startup_stm32f103xe.o(.text)
    ADC3_IRQHandler                          0x0800015f   Thumb Code     0  startup_stm32f103xe.o(.text)
    CAN1_RX1_IRQHandler                      0x0800015f   Thumb Code     0  startup_stm32f103xe.o(.text)
    CAN1_SCE_IRQHandler                      0x0800015f   Thumb Code     0  startup_stm32f103xe.o(.text)
    DMA1_Channel1_IRQHandler                 0x0800015f   Thumb Code     0  startup_stm32f103xe.o(.text)
    DMA1_Channel2_IRQHandler                 0x0800015f   Thumb Code     0  startup_stm32f103xe.o(.text)
    DMA1_Channel3_IRQHandler                 0x0800015f   Thumb Code     0  startup_stm32f103xe.o(.text)
    DMA1_Channel4_IRQHandler                 0x0800015f   Thumb Code     0  startup_stm32f103xe.o(.text)
    DMA1_Channel5_IRQHandler                 0x0800015f   Thumb Code     0  startup_stm32f103xe.o(.text)
    DMA1_Channel6_IRQHandler                 0x0800015f   Thumb Code     0  startup_stm32f103xe.o(.text)
    DMA1_Channel7_IRQHandler                 0x0800015f   Thumb Code     0  startup_stm32f103xe.o(.text)
    DMA2_Channel1_IRQHandler                 0x0800015f   Thumb Code     0  startup_stm32f103xe.o(.text)
    DMA2_Channel2_IRQHandler                 0x0800015f   Thumb Code     0  startup_stm32f103xe.o(.text)
    DMA2_Channel3_IRQHandler                 0x0800015f   Thumb Code     0  startup_stm32f103xe.o(.text)
    DMA2_Channel4_5_IRQHandler               0x0800015f   Thumb Code     0  startup_stm32f103xe.o(.text)
    EXTI0_IRQHandler                         0x0800015f   Thumb Code     0  startup_stm32f103xe.o(.text)
    EXTI15_10_IRQHandler                     0x0800015f   Thumb Code     0  startup_stm32f103xe.o(.text)
    EXTI1_IRQHandler                         0x0800015f   Thumb Code     0  startup_stm32f103xe.o(.text)
    EXTI2_IRQHandler                         0x0800015f   Thumb Code     0  startup_stm32f103xe.o(.text)
    EXTI3_IRQHandler                         0x0800015f   Thumb Code     0  startup_stm32f103xe.o(.text)
    EXTI4_IRQHandler                         0x0800015f   Thumb Code     0  startup_stm32f103xe.o(.text)
    EXTI9_5_IRQHandler                       0x0800015f   Thumb Code     0  startup_stm32f103xe.o(.text)
    FLASH_IRQHandler                         0x0800015f   Thumb Code     0  startup_stm32f103xe.o(.text)
    FSMC_IRQHandler                          0x0800015f   Thumb Code     0  startup_stm32f103xe.o(.text)
    I2C1_ER_IRQHandler                       0x0800015f   Thumb Code     0  startup_stm32f103xe.o(.text)
    I2C1_EV_IRQHandler                       0x0800015f   Thumb Code     0  startup_stm32f103xe.o(.text)
    I2C2_ER_IRQHandler                       0x0800015f   Thumb Code     0  startup_stm32f103xe.o(.text)
    I2C2_EV_IRQHandler                       0x0800015f   Thumb Code     0  startup_stm32f103xe.o(.text)
    PVD_IRQHandler                           0x0800015f   Thumb Code     0  startup_stm32f103xe.o(.text)
    RCC_IRQHandler                           0x0800015f   Thumb Code     0  startup_stm32f103xe.o(.text)
    RTC_Alarm_IRQHandler                     0x0800015f   Thumb Code     0  startup_stm32f103xe.o(.text)
    RTC_IRQHandler                           0x0800015f   Thumb Code     0  startup_stm32f103xe.o(.text)
    SPI1_IRQHandler                          0x0800015f   Thumb Code     0  startup_stm32f103xe.o(.text)
    SPI3_IRQHandler                          0x0800015f   Thumb Code     0  startup_stm32f103xe.o(.text)
    TAMPER_IRQHandler                        0x0800015f   Thumb Code     0  startup_stm32f103xe.o(.text)
    TIM1_BRK_IRQHandler                      0x0800015f   Thumb Code     0  startup_stm32f103xe.o(.text)
    TIM1_CC_IRQHandler                       0x0800015f   Thumb Code     0  startup_stm32f103xe.o(.text)
    TIM1_TRG_COM_IRQHandler                  0x0800015f   Thumb Code     0  startup_stm32f103xe.o(.text)
    TIM1_UP_IRQHandler                       0x0800015f   Thumb Code     0  startup_stm32f103xe.o(.text)
    TIM2_IRQHandler                          0x0800015f   Thumb Code     0  startup_stm32f103xe.o(.text)
    TIM3_IRQHandler                          0x0800015f   Thumb Code     0  startup_stm32f103xe.o(.text)
    TIM4_IRQHandler                          0x0800015f   Thumb Code     0  startup_stm32f103xe.o(.text)
    TIM5_IRQHandler                          0x0800015f   Thumb Code     0  startup_stm32f103xe.o(.text)
    TIM6_IRQHandler                          0x0800015f   Thumb Code     0  startup_stm32f103xe.o(.text)
    TIM7_IRQHandler                          0x0800015f   Thumb Code     0  startup_stm32f103xe.o(.text)
    TIM8_BRK_IRQHandler                      0x0800015f   Thumb Code     0  startup_stm32f103xe.o(.text)
    TIM8_CC_IRQHandler                       0x0800015f   Thumb Code     0  startup_stm32f103xe.o(.text)
    TIM8_TRG_COM_IRQHandler                  0x0800015f   Thumb Code     0  startup_stm32f103xe.o(.text)
    TIM8_UP_IRQHandler                       0x0800015f   Thumb Code     0  startup_stm32f103xe.o(.text)
    UART4_IRQHandler                         0x0800015f   Thumb Code     0  startup_stm32f103xe.o(.text)
    UART5_IRQHandler                         0x0800015f   Thumb Code     0  startup_stm32f103xe.o(.text)
    USART1_IRQHandler                        0x0800015f   Thumb Code     0  startup_stm32f103xe.o(.text)
    USART2_IRQHandler                        0x0800015f   Thumb Code     0  startup_stm32f103xe.o(.text)
    USART3_IRQHandler                        0x0800015f   Thumb Code     0  startup_stm32f103xe.o(.text)
    USBWakeUp_IRQHandler                     0x0800015f   Thumb Code     0  startup_stm32f103xe.o(.text)
    USB_HP_CAN1_TX_IRQHandler                0x0800015f   Thumb Code     0  startup_stm32f103xe.o(.text)
    USB_LP_CAN1_RX0_IRQHandler               0x0800015f   Thumb Code     0  startup_stm32f103xe.o(.text)
    WWDG_IRQHandler                          0x0800015f   Thumb Code     0  startup_stm32f103xe.o(.text)
    __aeabi_llsr                             0x08000169   Thumb Code    32  llushr.o(.text)
    _ll_ushift_r                             0x08000169   Thumb Code     0  llushr.o(.text)
    __aeabi_memset                           0x08000189   Thumb Code    14  memseta.o(.text)
    __aeabi_memset4                          0x08000189   Thumb Code     0  memseta.o(.text)
    __aeabi_memset8                          0x08000189   Thumb Code     0  memseta.o(.text)
    __aeabi_memclr                           0x08000197   Thumb Code     4  memseta.o(.text)
    __aeabi_memclr4                          0x08000197   Thumb Code     0  memseta.o(.text)
    __aeabi_memclr8                          0x08000197   Thumb Code     0  memseta.o(.text)
    _memset$wrapper                          0x0800019b   Thumb Code    18  memseta.o(.text)
    __aeabi_uidiv                            0x080001ad   Thumb Code     0  uidiv.o(.text)
    __aeabi_uidivmod                         0x080001ad   Thumb Code    44  uidiv.o(.text)
    __aeabi_uldivmod                         0x080001d9   Thumb Code    98  uldiv.o(.text)
    __I$use$fp                               0x0800023b   Thumb Code     0  iusefp.o(.text)
    __aeabi_dadd                             0x0800023b   Thumb Code   322  dadd.o(.text)
    __aeabi_dsub                             0x0800037d   Thumb Code     6  dadd.o(.text)
    __aeabi_drsub                            0x08000383   Thumb Code     6  dadd.o(.text)
    __aeabi_dmul                             0x08000389   Thumb Code   228  dmul.o(.text)
    __aeabi_ddiv                             0x0800046d   Thumb Code   222  ddiv.o(.text)
    __aeabi_d2ulz                            0x0800054b   Thumb Code    48  dfixul.o(.text)
    __aeabi_cdrcmple                         0x0800057d   Thumb Code    48  cdrcmple.o(.text)
    __scatterload                            0x080005ad   Thumb Code    28  init.o(.text)
    __scatterload_rt2                        0x080005ad   Thumb Code     0  init.o(.text)
    __aeabi_llsl                             0x080005d1   Thumb Code    30  llshl.o(.text)
    _ll_shift_l                              0x080005d1   Thumb Code     0  llshl.o(.text)
    __aeabi_lasr                             0x080005ef   Thumb Code    36  llsshr.o(.text)
    _ll_sshift_r                             0x080005ef   Thumb Code     0  llsshr.o(.text)
    _double_round                            0x08000613   Thumb Code    30  depilogue.o(.text)
    _double_epilogue                         0x08000631   Thumb Code   156  depilogue.o(.text)
    BSP_SD_AbortCallback                     0x080006cd   Thumb Code     2  bsp_driver_sd.o(i.BSP_SD_AbortCallback)
    BSP_SD_GetCardInfo                       0x080006d1   Thumb Code     8  bsp_driver_sd.o(i.BSP_SD_GetCardInfo)
    BSP_SD_GetCardState                      0x080006dd   Thumb Code    20  bsp_driver_sd.o(i.BSP_SD_GetCardState)
    BSP_SD_Init                              0x080006f5   Thumb Code    42  bsp_driver_sd.o(i.BSP_SD_Init)
    BSP_SD_IsDetected                        0x08000725   Thumb Code    14  bsp_driver_sd.o(i.BSP_SD_IsDetected)
    BSP_SD_ReadBlocks                        0x08000735   Thumb Code    26  bsp_driver_sd.o(i.BSP_SD_ReadBlocks)
    BSP_SD_ReadCpltCallback                  0x08000755   Thumb Code     2  bsp_driver_sd.o(i.BSP_SD_ReadCpltCallback)
    BSP_SD_WriteBlocks                       0x08000759   Thumb Code    26  bsp_driver_sd.o(i.BSP_SD_WriteBlocks)
    BSP_SD_WriteCpltCallback                 0x08000779   Thumb Code     2  bsp_driver_sd.o(i.BSP_SD_WriteCpltCallback)
    BusFault_Handler                         0x0800077b   Thumb Code     2  stm32f1xx_it.o(i.BusFault_Handler)
    DebugMon_Handler                         0x0800077d   Thumb Code     2  stm32f1xx_it.o(i.DebugMon_Handler)
    Error_Handler                            0x0800077f   Thumb Code     2  main.o(i.Error_Handler)
    FATFS_LinkDriver                         0x08000781   Thumb Code     6  ff_gen_drv.o(i.FATFS_LinkDriver)
    FATFS_LinkDriverEx                       0x08000789   Thumb Code    60  ff_gen_drv.o(i.FATFS_LinkDriverEx)
    FSMC_NORSRAM_Extended_Timing_Init        0x080007c9   Thumb Code    56  stm32f1xx_ll_fsmc.o(i.FSMC_NORSRAM_Extended_Timing_Init)
    FSMC_NORSRAM_Init                        0x08000805   Thumb Code    98  stm32f1xx_ll_fsmc.o(i.FSMC_NORSRAM_Init)
    FSMC_NORSRAM_Timing_Init                 0x0800086d   Thumb Code    64  stm32f1xx_ll_fsmc.o(i.FSMC_NORSRAM_Timing_Init)
    HAL_DMA_Abort_IT                         0x080008b1   Thumb Code   296  stm32f1xx_hal_dma.o(i.HAL_DMA_Abort_IT)
    HAL_Delay                                0x080009e1   Thumb Code    32  stm32f1xx_hal.o(i.HAL_Delay)
    HAL_GPIO_Init                            0x08000a99   Thumb Code   462  stm32f1xx_hal_gpio.o(i.HAL_GPIO_Init)
    HAL_GPIO_WritePin                        0x08000c91   Thumb Code    10  stm32f1xx_hal_gpio.o(i.HAL_GPIO_WritePin)
    HAL_GetTick                              0x08000c9d   Thumb Code     6  stm32f1xx_hal.o(i.HAL_GetTick)
    HAL_IncTick                              0x08000ca9   Thumb Code    12  stm32f1xx_hal.o(i.HAL_IncTick)
    HAL_Init                                 0x08000cb9   Thumb Code    32  stm32f1xx_hal.o(i.HAL_Init)
    HAL_InitTick                             0x08000cdd   Thumb Code    54  stm32f1xx_hal.o(i.HAL_InitTick)
    HAL_LCD_Clear                            0x08000d1d   Thumb Code    22  tftlcd.o(i.HAL_LCD_Clear)
    HAL_LCD_DrawPoint                        0x08000d39   Thumb Code    38  tftlcd.o(i.HAL_LCD_DrawPoint)
    HAL_LCD_FillRect                         0x08000d65   Thumb Code    58  tftlcd.o(i.HAL_LCD_FillRect)
    HAL_LCD_Init                             0x08000da5   Thumb Code   632  tftlcd.o(i.HAL_LCD_Init)
    HAL_LCD_Print                            0x0800103d   Thumb Code    40  tftlcd.o(i.HAL_LCD_Print)
    HAL_LCD_PutChar                          0x08001065   Thumb Code   162  tftlcd.o(i.HAL_LCD_PutChar)
    HAL_LCD_Puts                             0x08001119   Thumb Code    46  tftlcd.o(i.HAL_LCD_Puts)
    HAL_LCD_SetRect                          0x08001149   Thumb Code   182  tftlcd.o(i.HAL_LCD_SetRect)
    HAL_LCD_SetShowDir                       0x08001205   Thumb Code    86  tftlcd.o(i.HAL_LCD_SetShowDir)
    HAL_MspInit                              0x08001261   Thumb Code    52  stm32f1xx_hal_msp.o(i.HAL_MspInit)
    HAL_NVIC_EnableIRQ                       0x0800129d   Thumb Code    26  stm32f1xx_hal_cortex.o(i.HAL_NVIC_EnableIRQ)
    HAL_NVIC_SetPriority                     0x080012b9   Thumb Code    60  stm32f1xx_hal_cortex.o(i.HAL_NVIC_SetPriority)
    HAL_NVIC_SetPriorityGrouping             0x080012f9   Thumb Code    26  stm32f1xx_hal_cortex.o(i.HAL_NVIC_SetPriorityGrouping)
    HAL_RCC_ClockConfig                      0x0800131d   Thumb Code   280  stm32f1xx_hal_rcc.o(i.HAL_RCC_ClockConfig)
    HAL_RCC_GetSysClockFreq                  0x08001449   Thumb Code    74  stm32f1xx_hal_rcc.o(i.HAL_RCC_GetSysClockFreq)
    HAL_RCC_OscConfig                        0x080014b5   Thumb Code   778  stm32f1xx_hal_rcc.o(i.HAL_RCC_OscConfig)
    HAL_SD_AbortCallback                     0x080017d5   Thumb Code     8  bsp_driver_sd.o(i.HAL_SD_AbortCallback)
    HAL_SD_ConfigWideBusOperation            0x080017dd   Thumb Code   238  stm32f1xx_hal_sd.o(i.HAL_SD_ConfigWideBusOperation)
    HAL_SD_ErrorCallback                     0x080018d1   Thumb Code     2  stm32f1xx_hal_sd.o(i.HAL_SD_ErrorCallback)
    HAL_SD_GetCardCID                        0x080018d3   Thumb Code    80  stm32f1xx_hal_sd.o(i.HAL_SD_GetCardCID)
    HAL_SD_GetCardCSD                        0x08001925   Thumb Code   402  stm32f1xx_hal_sd.o(i.HAL_SD_GetCardCSD)
    HAL_SD_GetCardInfo                       0x08001abd   Thumb Code    36  stm32f1xx_hal_sd.o(i.HAL_SD_GetCardInfo)
    HAL_SD_GetCardState                      0x08001ae1   Thumb Code    44  stm32f1xx_hal_sd.o(i.HAL_SD_GetCardState)
    HAL_SD_IRQHandler                        0x08001b0d   Thumb Code   512  stm32f1xx_hal_sd.o(i.HAL_SD_IRQHandler)
    HAL_SD_Init                              0x08001d15   Thumb Code    54  stm32f1xx_hal_sd.o(i.HAL_SD_Init)
    HAL_SD_InitCard                          0x08001d4d   Thumb Code    78  stm32f1xx_hal_sd.o(i.HAL_SD_InitCard)
    HAL_SD_MspInit                           0x08001da1   Thumb Code   130  sdio.o(i.HAL_SD_MspInit)
    HAL_SD_ReadBlocks                        0x08001e35   Thumb Code   500  stm32f1xx_hal_sd.o(i.HAL_SD_ReadBlocks)
    HAL_SD_RxCpltCallback                    0x0800202d   Thumb Code     8  bsp_driver_sd.o(i.HAL_SD_RxCpltCallback)
    HAL_SD_TxCpltCallback                    0x08002035   Thumb Code     8  bsp_driver_sd.o(i.HAL_SD_TxCpltCallback)
    HAL_SD_WriteBlocks                       0x0800203d   Thumb Code   454  stm32f1xx_hal_sd.o(i.HAL_SD_WriteBlocks)
    HAL_SPI_ErrorCallback                    0x08002209   Thumb Code     2  stm32f1xx_hal_spi.o(i.HAL_SPI_ErrorCallback)
    HAL_SPI_IRQHandler                       0x0800220d   Thumb Code   220  stm32f1xx_hal_spi.o(i.HAL_SPI_IRQHandler)
    HAL_SPI_Init                             0x080022ed   Thumb Code   124  stm32f1xx_hal_spi.o(i.HAL_SPI_Init)
    HAL_SPI_MspInit                          0x08002369   Thumb Code   118  spi.o(i.HAL_SPI_MspInit)
    HAL_SRAM_Init                            0x080023ed   Thumb Code    92  stm32f1xx_hal_sram.o(i.HAL_SRAM_Init)
    HAL_SRAM_MspInit                         0x08002449   Thumb Code     4  fsmc.o(i.HAL_SRAM_MspInit)
    HAL_SYSTICK_Config                       0x0800244d   Thumb Code    40  stm32f1xx_hal_cortex.o(i.HAL_SYSTICK_Config)
    HardFault_Handler                        0x08002475   Thumb Code     2  stm32f1xx_it.o(i.HardFault_Handler)
    LCD_ReadData                             0x08002479   Thumb Code    16  tftlcd.o(i.LCD_ReadData)
    LCD_ReadValue                            0x0800248d   Thumb Code     8  tftlcd.o(i.LCD_ReadValue)
    LCD_WriteCmd                             0x08002499   Thumb Code     6  tftlcd.o(i.LCD_WriteCmd)
    LCD_WriteColor                           0x080024a5   Thumb Code     6  tftlcd.o(i.LCD_WriteColor)
    LCD_WriteData                            0x080024b1   Thumb Code     6  tftlcd.o(i.LCD_WriteData)
    LCD_WriteValue                           0x080024bd   Thumb Code    10  tftlcd.o(i.LCD_WriteValue)
    MX_FATFS_Init                            0x080024cd   Thumb Code    16  fatfs.o(i.MX_FATFS_Init)
    MX_FSMC_Init                             0x080024e9   Thumb Code   182  fsmc.o(i.MX_FSMC_Init)
    MX_GPIO_Init                             0x080025ad   Thumb Code   204  gpio.o(i.MX_GPIO_Init)
    MX_SDIO_SD_Init                          0x08002685   Thumb Code    22  sdio.o(i.MX_SDIO_SD_Init)
    MX_SPI2_Init                             0x080026a5   Thumb Code    60  spi.o(i.MX_SPI2_Init)
    MemManage_Handler                        0x080026e9   Thumb Code     2  stm32f1xx_it.o(i.MemManage_Handler)
    NMI_Handler                              0x080026eb   Thumb Code     2  stm32f1xx_it.o(i.NMI_Handler)
    SDIO_ConfigData                          0x080026ed   Thumb Code    36  stm32f1xx_ll_sdmmc.o(i.SDIO_ConfigData)
    SDIO_GetPowerState                       0x08002711   Thumb Code     8  stm32f1xx_ll_sdmmc.o(i.SDIO_GetPowerState)
    SDIO_GetResponse                         0x08002719   Thumb Code     6  stm32f1xx_ll_sdmmc.o(i.SDIO_GetResponse)
    SDIO_IRQHandler                          0x08002721   Thumb Code     6  stm32f1xx_it.o(i.SDIO_IRQHandler)
    SDIO_Init                                0x0800272d   Thumb Code    36  stm32f1xx_ll_sdmmc.o(i.SDIO_Init)
    SDIO_PowerState_ON                       0x08002751   Thumb Code    16  stm32f1xx_ll_sdmmc.o(i.SDIO_PowerState_ON)
    SDIO_ReadFIFO                            0x08002761   Thumb Code     6  stm32f1xx_ll_sdmmc.o(i.SDIO_ReadFIFO)
    SDIO_SendCommand                         0x08002767   Thumb Code    32  stm32f1xx_ll_sdmmc.o(i.SDIO_SendCommand)
    SDIO_WriteFIFO                           0x08002787   Thumb Code    10  stm32f1xx_ll_sdmmc.o(i.SDIO_WriteFIFO)
    SDMMC_CmdAppCommand                      0x08002791   Thumb Code    50  stm32f1xx_ll_sdmmc.o(i.SDMMC_CmdAppCommand)
    SDMMC_CmdAppOperCommand                  0x080027c5   Thumb Code    48  stm32f1xx_ll_sdmmc.o(i.SDMMC_CmdAppOperCommand)
    SDMMC_CmdBlockLength                     0x080027f9   Thumb Code    50  stm32f1xx_ll_sdmmc.o(i.SDMMC_CmdBlockLength)
    SDMMC_CmdBusWidth                        0x0800282b   Thumb Code    50  stm32f1xx_ll_sdmmc.o(i.SDMMC_CmdBusWidth)
    SDMMC_CmdGoIdleState                     0x0800285d   Thumb Code    74  stm32f1xx_ll_sdmmc.o(i.SDMMC_CmdGoIdleState)
    SDMMC_CmdOperCond                        0x080028ad   Thumb Code   112  stm32f1xx_ll_sdmmc.o(i.SDMMC_CmdOperCond)
    SDMMC_CmdReadMultiBlock                  0x08002921   Thumb Code    50  stm32f1xx_ll_sdmmc.o(i.SDMMC_CmdReadMultiBlock)
    SDMMC_CmdReadSingleBlock                 0x08002953   Thumb Code    50  stm32f1xx_ll_sdmmc.o(i.SDMMC_CmdReadSingleBlock)
    SDMMC_CmdSelDesel                        0x08002985   Thumb Code    50  stm32f1xx_ll_sdmmc.o(i.SDMMC_CmdSelDesel)
    SDMMC_CmdSendCID                         0x080029b7   Thumb Code    44  stm32f1xx_ll_sdmmc.o(i.SDMMC_CmdSendCID)
    SDMMC_CmdSendCSD                         0x080029e3   Thumb Code    44  stm32f1xx_ll_sdmmc.o(i.SDMMC_CmdSendCSD)
    SDMMC_CmdSendSCR                         0x08002a0f   Thumb Code    48  stm32f1xx_ll_sdmmc.o(i.SDMMC_CmdSendSCR)
    SDMMC_CmdSendStatus                      0x08002a3f   Thumb Code    50  stm32f1xx_ll_sdmmc.o(i.SDMMC_CmdSendStatus)
    SDMMC_CmdSetRelAdd                       0x08002a71   Thumb Code    48  stm32f1xx_ll_sdmmc.o(i.SDMMC_CmdSetRelAdd)
    SDMMC_CmdStopTransfer                    0x08002aa1   Thumb Code    46  stm32f1xx_ll_sdmmc.o(i.SDMMC_CmdStopTransfer)
    SDMMC_CmdWriteMultiBlock                 0x08002ad5   Thumb Code    50  stm32f1xx_ll_sdmmc.o(i.SDMMC_CmdWriteMultiBlock)
    SDMMC_CmdWriteSingleBlock                0x08002b07   Thumb Code    50  stm32f1xx_ll_sdmmc.o(i.SDMMC_CmdWriteSingleBlock)
    SD_initialize                            0x08003075   Thumb Code    26  sd_diskio.o(i.SD_initialize)
    SD_ioctl                                 0x08003095   Thumb Code    74  sd_diskio.o(i.SD_ioctl)
    SD_read                                  0x080030e5   Thumb Code    52  sd_diskio.o(i.SD_read)
    SD_status                                0x08003121   Thumb Code    26  sd_diskio.o(i.SD_status)
    SD_write                                 0x08003141   Thumb Code    52  sd_diskio.o(i.SD_write)
    SPI2_IRQHandler                          0x0800317d   Thumb Code     6  stm32f1xx_it.o(i.SPI2_IRQHandler)
    SysTick_Handler                          0x08003199   Thumb Code     4  stm32f1xx_it.o(i.SysTick_Handler)
    SystemClock_Config                       0x0800319d   Thumb Code    78  main.o(i.SystemClock_Config)
    SystemInit                               0x080031ed   Thumb Code    56  system_stm32f1xx.o(i.SystemInit)
    UsageFault_Handler                       0x08003235   Thumb Code     2  stm32f1xx_it.o(i.UsageFault_Handler)
    __0printf                                0x08003239   Thumb Code    22  printfa.o(i.__0printf)
    __1printf                                0x08003239   Thumb Code     0  printfa.o(i.__0printf)
    __2printf                                0x08003239   Thumb Code     0  printfa.o(i.__0printf)
    __c89printf                              0x08003239   Thumb Code     0  printfa.o(i.__0printf)
    printf                                   0x08003239   Thumb Code     0  printfa.o(i.__0printf)
    __0vsprintf                              0x08003259   Thumb Code    30  printfa.o(i.__0vsprintf)
    __1vsprintf                              0x08003259   Thumb Code     0  printfa.o(i.__0vsprintf)
    __2vsprintf                              0x08003259   Thumb Code     0  printfa.o(i.__0vsprintf)
    __c89vsprintf                            0x08003259   Thumb Code     0  printfa.o(i.__0vsprintf)
    vsprintf                                 0x08003259   Thumb Code     0  printfa.o(i.__0vsprintf)
    __scatterload_copy                       0x0800329d   Thumb Code    14  handlers.o(i.__scatterload_copy)
    __scatterload_null                       0x080032ab   Thumb Code     2  handlers.o(i.__scatterload_null)
    __scatterload_zeroinit                   0x080032ad   Thumb Code    14  handlers.o(i.__scatterload_zeroinit)
    clust2sect                               0x08003ca3   Thumb Code    28  ff.o(i.clust2sect)
    disk_initialize                          0x0800449d   Thumb Code    36  diskio.o(i.disk_initialize)
    disk_ioctl                               0x080044c5   Thumb Code    24  diskio.o(i.disk_ioctl)
    disk_read                                0x080044e1   Thumb Code    24  diskio.o(i.disk_read)
    disk_status                              0x080044fd   Thumb Code    18  diskio.o(i.disk_status)
    disk_write                               0x08004515   Thumb Code    24  diskio.o(i.disk_write)
    f_close                                  0x08004531   Thumb Code    42  ff.o(i.f_close)
    f_mount                                  0x0800455d   Thumb Code    94  ff.o(i.f_mount)
    f_open                                   0x080045c1   Thumb Code   496  ff.o(i.f_open)
    f_read                                   0x080047b5   Thumb Code   398  ff.o(i.f_read)
    f_sync                                   0x08004943   Thumb Code   162  ff.o(i.f_sync)
    ff_convert                               0x080049e5   Thumb Code    68  cc936.o(i.ff_convert)
    ff_wtoupper                              0x08004a31   Thumb Code    28  cc936.o(i.ff_wtoupper)
    fputc                                    0x08004d2d   Thumb Code    36  main.o(i.fputc)
    get_fat                                  0x08004de1   Thumb Code   230  ff.o(i.get_fat)
    get_fattime                              0x08004ec7   Thumb Code     4  fatfs.o(i.get_fattime)
    main                                     0x08004fb9   Thumb Code   250  main.o(i.main)
    printffile                               0x080051fd   Thumb Code    90  main.o(i.printffile)
    put_fat                                  0x080052c9   Thumb Code   286  ff.o(i.put_fat)
    ascii_1206                               0x0800559a   Data        1140  tftlcd.o(.constdata)
    ascii_1608                               0x08005a0e   Data        1520  tftlcd.o(.constdata)
    ascii_2412                               0x08005ffe   Data        3420  tftlcd.o(.constdata)
    AHBPrescTable                            0x08006d5a   Data          16  system_stm32f1xx.o(.constdata)
    SD_Driver                                0x08031a6c   Data          20  sd_diskio.o(.constdata)
    Region$$Table$$Base                      0x08031a80   Number         0  anon$$obj.o(Region$$Table)
    Region$$Table$$Limit                     0x08031aa0   Number         0  anon$$obj.o(Region$$Table)
    retSD                                    0x20000000   Data           1  fatfs.o(.data)
    uwTickFreq                               0x2000000c   Data           1  stm32f1xx_hal.o(.data)
    uwTickPrio                               0x20000010   Data           4  stm32f1xx_hal.o(.data)
    uwTick                                   0x20000014   Data           4  stm32f1xx_hal.o(.data)
    SystemCoreClock                          0x20000018   Data           4  system_stm32f1xx.o(.data)
    __stdout                                 0x20000028   Data           4  stdout.o(.data)
    SDPath                                   0x20000054   Data         256  fatfs.o(.bss)
    SDFatFS                                  0x20000154   Data        4144  fatfs.o(.bss)
    SDFile                                   0x20001184   Data        4140  fatfs.o(.bss)
    hsram1                                   0x200021b0   Data          72  fsmc.o(.bss)
    hsram2                                   0x200021f8   Data          72  fsmc.o(.bss)
    hsd                                      0x20002240   Data         132  sdio.o(.bss)
    hspi2                                    0x200022c4   Data          88  spi.o(.bss)
    disk                                     0x20002334   Data          12  ff_gen_drv.o(.bss)
    __initial_sp                             0x20002740   Data           0  startup_stm32f103xe.o(STACK)



==============================================================================

Memory Map of the image

  Image Entry point : 0x08000131

  Load Region LR_IROM1 (Base: 0x08000000, Size: 0x00031acc, Max: 0x00080000, ABSOLUTE)

    Execution Region ER_IROM1 (Exec base: 0x08000000, Load base: 0x08000000, Size: 0x00031aa0, Max: 0x00080000, ABSOLUTE)

    Exec Addr    Load Addr    Size         Type   Attr      Idx    E Section Name        Object

    0x08000000   0x08000000   0x00000130   Data   RO            3    RESET               startup_stm32f103xe.o
    0x08000130   0x08000130   0x00000000   Code   RO         3632  * .ARM.Collect$$$$00000000  mc_w.l(entry.o)
    0x08000130   0x08000130   0x00000004   Code   RO         3916    .ARM.Collect$$$$00000001  mc_w.l(entry2.o)
    0x08000134   0x08000134   0x00000004   Code   RO         3919    .ARM.Collect$$$$00000004  mc_w.l(entry5.o)
    0x08000138   0x08000138   0x00000000   Code   RO         3921    .ARM.Collect$$$$00000008  mc_w.l(entry7b.o)
    0x08000138   0x08000138   0x00000000   Code   RO         3923    .ARM.Collect$$$$0000000A  mc_w.l(entry8b.o)
    0x08000138   0x08000138   0x00000008   Code   RO         3924    .ARM.Collect$$$$0000000B  mc_w.l(entry9a.o)
    0x08000140   0x08000140   0x00000000   Code   RO         3926    .ARM.Collect$$$$0000000D  mc_w.l(entry10a.o)
    0x08000140   0x08000140   0x00000000   Code   RO         3928    .ARM.Collect$$$$0000000F  mc_w.l(entry11a.o)
    0x08000140   0x08000140   0x00000004   Code   RO         3917    .ARM.Collect$$$$00002712  mc_w.l(entry2.o)
    0x08000144   0x08000144   0x00000024   Code   RO            4    .text               startup_stm32f103xe.o
    0x08000168   0x08000168   0x00000020   Code   RO         3635    .text               mc_w.l(llushr.o)
    0x08000188   0x08000188   0x00000024   Code   RO         3637    .text               mc_w.l(memseta.o)
    0x080001ac   0x080001ac   0x0000002c   Code   RO         3931    .text               mc_w.l(uidiv.o)
    0x080001d8   0x080001d8   0x00000062   Code   RO         3933    .text               mc_w.l(uldiv.o)
    0x0800023a   0x0800023a   0x00000000   Code   RO         3935    .text               mc_w.l(iusefp.o)
    0x0800023a   0x0800023a   0x0000014e   Code   RO         3938    .text               mf_w.l(dadd.o)
    0x08000388   0x08000388   0x000000e4   Code   RO         3940    .text               mf_w.l(dmul.o)
    0x0800046c   0x0800046c   0x000000de   Code   RO         3942    .text               mf_w.l(ddiv.o)
    0x0800054a   0x0800054a   0x00000030   Code   RO         3944    .text               mf_w.l(dfixul.o)
    0x0800057a   0x0800057a   0x00000002   PAD
    0x0800057c   0x0800057c   0x00000030   Code   RO         3946    .text               mf_w.l(cdrcmple.o)
    0x080005ac   0x080005ac   0x00000024   Code   RO         3948    .text               mc_w.l(init.o)
    0x080005d0   0x080005d0   0x0000001e   Code   RO         3950    .text               mc_w.l(llshl.o)
    0x080005ee   0x080005ee   0x00000024   Code   RO         3952    .text               mc_w.l(llsshr.o)
    0x08000612   0x08000612   0x000000ba   Code   RO         3954    .text               mf_w.l(depilogue.o)
    0x080006cc   0x080006cc   0x00000002   Code   RO          527    i.BSP_SD_AbortCallback  bsp_driver_sd.o
    0x080006ce   0x080006ce   0x00000002   PAD
    0x080006d0   0x080006d0   0x0000000c   Code   RO          530    i.BSP_SD_GetCardInfo  bsp_driver_sd.o
    0x080006dc   0x080006dc   0x00000018   Code   RO          531    i.BSP_SD_GetCardState  bsp_driver_sd.o
    0x080006f4   0x080006f4   0x00000030   Code   RO          533    i.BSP_SD_Init       bsp_driver_sd.o
    0x08000724   0x08000724   0x0000000e   Code   RO          534    i.BSP_SD_IsDetected  bsp_driver_sd.o
    0x08000732   0x08000732   0x00000002   PAD
    0x08000734   0x08000734   0x00000020   Code   RO          535    i.BSP_SD_ReadBlocks  bsp_driver_sd.o
    0x08000754   0x08000754   0x00000002   Code   RO          537    i.BSP_SD_ReadCpltCallback  bsp_driver_sd.o
    0x08000756   0x08000756   0x00000002   PAD
    0x08000758   0x08000758   0x00000020   Code   RO          538    i.BSP_SD_WriteBlocks  bsp_driver_sd.o
    0x08000778   0x08000778   0x00000002   Code   RO          540    i.BSP_SD_WriteCpltCallback  bsp_driver_sd.o
    0x0800077a   0x0800077a   0x00000002   Code   RO          819    i.BusFault_Handler  stm32f1xx_it.o
    0x0800077c   0x0800077c   0x00000002   Code   RO          820    i.DebugMon_Handler  stm32f1xx_it.o
    0x0800077e   0x0800077e   0x00000002   Code   RO          410    i.Error_Handler     main.o
    0x08000780   0x08000780   0x00000006   Code   RO         3465    i.FATFS_LinkDriver  ff_gen_drv.o
    0x08000786   0x08000786   0x00000002   PAD
    0x08000788   0x08000788   0x00000040   Code   RO         3466    i.FATFS_LinkDriverEx  ff_gen_drv.o
    0x080007c8   0x080007c8   0x0000003c   Code   RO         1938    i.FSMC_NORSRAM_Extended_Timing_Init  stm32f1xx_ll_fsmc.o
    0x08000804   0x08000804   0x00000068   Code   RO         1939    i.FSMC_NORSRAM_Init  stm32f1xx_ll_fsmc.o
    0x0800086c   0x0800086c   0x00000044   Code   RO         1940    i.FSMC_NORSRAM_Timing_Init  stm32f1xx_ll_fsmc.o
    0x080008b0   0x080008b0   0x00000130   Code   RO         1335    i.HAL_DMA_Abort_IT  stm32f1xx_hal_dma.o
    0x080009e0   0x080009e0   0x00000024   Code   RO          962    i.HAL_Delay         stm32f1xx_hal.o
    0x08000a04   0x08000a04   0x00000094   Code   RO          687    i.HAL_FSMC_MspInit  fsmc.o
    0x08000a98   0x08000a98   0x000001f8   Code   RO         1270    i.HAL_GPIO_Init     stm32f1xx_hal_gpio.o
    0x08000c90   0x08000c90   0x0000000a   Code   RO         1274    i.HAL_GPIO_WritePin  stm32f1xx_hal_gpio.o
    0x08000c9a   0x08000c9a   0x00000002   PAD
    0x08000c9c   0x08000c9c   0x0000000c   Code   RO          966    i.HAL_GetTick       stm32f1xx_hal.o
    0x08000ca8   0x08000ca8   0x00000010   Code   RO          972    i.HAL_IncTick       stm32f1xx_hal.o
    0x08000cb8   0x08000cb8   0x00000024   Code   RO          973    i.HAL_Init          stm32f1xx_hal.o
    0x08000cdc   0x08000cdc   0x00000040   Code   RO          974    i.HAL_InitTick      stm32f1xx_hal.o
    0x08000d1c   0x08000d1c   0x0000001c   Code   RO           13    i.HAL_LCD_Clear     tftlcd.o
    0x08000d38   0x08000d38   0x0000002c   Code   RO           15    i.HAL_LCD_DrawPoint  tftlcd.o
    0x08000d64   0x08000d64   0x00000040   Code   RO           18    i.HAL_LCD_FillRect  tftlcd.o
    0x08000da4   0x08000da4   0x00000298   Code   RO           22    i.HAL_LCD_Init      tftlcd.o
    0x0800103c   0x0800103c   0x00000028   Code   RO           23    i.HAL_LCD_Print     tftlcd.o
    0x08001064   0x08001064   0x000000b4   Code   RO           24    i.HAL_LCD_PutChar   tftlcd.o
    0x08001118   0x08001118   0x0000002e   Code   RO           25    i.HAL_LCD_Puts      tftlcd.o
    0x08001146   0x08001146   0x00000002   PAD
    0x08001148   0x08001148   0x000000bc   Code   RO           29    i.HAL_LCD_SetRect   tftlcd.o
    0x08001204   0x08001204   0x0000005c   Code   RO           30    i.HAL_LCD_SetShowDir  tftlcd.o
    0x08001260   0x08001260   0x0000003c   Code   RO          895    i.HAL_MspInit       stm32f1xx_hal_msp.o
    0x0800129c   0x0800129c   0x0000001a   Code   RO         1430    i.HAL_NVIC_EnableIRQ  stm32f1xx_hal_cortex.o
    0x080012b6   0x080012b6   0x00000002   PAD
    0x080012b8   0x080012b8   0x00000040   Code   RO         1436    i.HAL_NVIC_SetPriority  stm32f1xx_hal_cortex.o
    0x080012f8   0x080012f8   0x00000024   Code   RO         1437    i.HAL_NVIC_SetPriorityGrouping  stm32f1xx_hal_cortex.o
    0x0800131c   0x0800131c   0x0000012c   Code   RO         1130    i.HAL_RCC_ClockConfig  stm32f1xx_hal_rcc.o
    0x08001448   0x08001448   0x0000006c   Code   RO         1139    i.HAL_RCC_GetSysClockFreq  stm32f1xx_hal_rcc.o
    0x080014b4   0x080014b4   0x00000320   Code   RO         1142    i.HAL_RCC_OscConfig  stm32f1xx_hal_rcc.o
    0x080017d4   0x080017d4   0x00000008   Code   RO          541    i.HAL_SD_AbortCallback  bsp_driver_sd.o
    0x080017dc   0x080017dc   0x000000f4   Code   RO         2458    i.HAL_SD_ConfigWideBusOperation  stm32f1xx_hal_sd.o
    0x080018d0   0x080018d0   0x00000002   Code   RO         2461    i.HAL_SD_ErrorCallback  stm32f1xx_hal_sd.o
    0x080018d2   0x080018d2   0x00000050   Code   RO         2462    i.HAL_SD_GetCardCID  stm32f1xx_hal_sd.o
    0x08001922   0x08001922   0x00000002   PAD
    0x08001924   0x08001924   0x00000198   Code   RO         2463    i.HAL_SD_GetCardCSD  stm32f1xx_hal_sd.o
    0x08001abc   0x08001abc   0x00000024   Code   RO         2464    i.HAL_SD_GetCardInfo  stm32f1xx_hal_sd.o
    0x08001ae0   0x08001ae0   0x0000002c   Code   RO         2465    i.HAL_SD_GetCardState  stm32f1xx_hal_sd.o
    0x08001b0c   0x08001b0c   0x00000208   Code   RO         2469    i.HAL_SD_IRQHandler  stm32f1xx_hal_sd.o
    0x08001d14   0x08001d14   0x00000036   Code   RO         2470    i.HAL_SD_Init       stm32f1xx_hal_sd.o
    0x08001d4a   0x08001d4a   0x00000002   PAD
    0x08001d4c   0x08001d4c   0x00000054   Code   RO         2471    i.HAL_SD_InitCard   stm32f1xx_hal_sd.o
    0x08001da0   0x08001da0   0x00000094   Code   RO          736    i.HAL_SD_MspInit    sdio.o
    0x08001e34   0x08001e34   0x000001f8   Code   RO         2474    i.HAL_SD_ReadBlocks  stm32f1xx_hal_sd.o
    0x0800202c   0x0800202c   0x00000008   Code   RO          542    i.HAL_SD_RxCpltCallback  bsp_driver_sd.o
    0x08002034   0x08002034   0x00000008   Code   RO          543    i.HAL_SD_TxCpltCallback  bsp_driver_sd.o
    0x0800203c   0x0800203c   0x000001cc   Code   RO         2479    i.HAL_SD_WriteBlocks  stm32f1xx_hal_sd.o
    0x08002208   0x08002208   0x00000002   Code   RO         2687    i.HAL_SPI_ErrorCallback  stm32f1xx_hal_spi.o
    0x0800220a   0x0800220a   0x00000002   PAD
    0x0800220c   0x0800220c   0x000000e0   Code   RO         2690    i.HAL_SPI_IRQHandler  stm32f1xx_hal_spi.o
    0x080022ec   0x080022ec   0x0000007c   Code   RO         2691    i.HAL_SPI_Init      stm32f1xx_hal_spi.o
    0x08002368   0x08002368   0x00000084   Code   RO          778    i.HAL_SPI_MspInit   spi.o
    0x080023ec   0x080023ec   0x0000005c   Code   RO         2060    i.HAL_SRAM_Init     stm32f1xx_hal_sram.o
    0x08002448   0x08002448   0x00000004   Code   RO          689    i.HAL_SRAM_MspInit  fsmc.o
    0x0800244c   0x0800244c   0x00000028   Code   RO         1441    i.HAL_SYSTICK_Config  stm32f1xx_hal_cortex.o
    0x08002474   0x08002474   0x00000002   Code   RO          821    i.HardFault_Handler  stm32f1xx_it.o
    0x08002476   0x08002476   0x00000002   PAD
    0x08002478   0x08002478   0x00000014   Code   RO           33    i.LCD_ReadData      tftlcd.o
    0x0800248c   0x0800248c   0x0000000c   Code   RO           34    i.LCD_ReadValue     tftlcd.o
    0x08002498   0x08002498   0x0000000c   Code   RO           35    i.LCD_WriteCmd      tftlcd.o
    0x080024a4   0x080024a4   0x0000000c   Code   RO           36    i.LCD_WriteColor    tftlcd.o
    0x080024b0   0x080024b0   0x0000000c   Code   RO           37    i.LCD_WriteData     tftlcd.o
    0x080024bc   0x080024bc   0x00000010   Code   RO           38    i.LCD_WriteValue    tftlcd.o
    0x080024cc   0x080024cc   0x0000001c   Code   RO          648    i.MX_FATFS_Init     fatfs.o
    0x080024e8   0x080024e8   0x000000c4   Code   RO          690    i.MX_FSMC_Init      fsmc.o
    0x080025ac   0x080025ac   0x000000d8   Code   RO          503    i.MX_GPIO_Init      gpio.o
    0x08002684   0x08002684   0x00000020   Code   RO          737    i.MX_SDIO_SD_Init   sdio.o
    0x080026a4   0x080026a4   0x00000044   Code   RO          779    i.MX_SPI2_Init      spi.o
    0x080026e8   0x080026e8   0x00000002   Code   RO          822    i.MemManage_Handler  stm32f1xx_it.o
    0x080026ea   0x080026ea   0x00000002   Code   RO          823    i.NMI_Handler       stm32f1xx_it.o
    0x080026ec   0x080026ec   0x00000024   Code   RO         2191    i.SDIO_ConfigData   stm32f1xx_ll_sdmmc.o
    0x08002710   0x08002710   0x00000008   Code   RO         2195    i.SDIO_GetPowerState  stm32f1xx_ll_sdmmc.o
    0x08002718   0x08002718   0x00000006   Code   RO         2196    i.SDIO_GetResponse  stm32f1xx_ll_sdmmc.o
    0x0800271e   0x0800271e   0x00000002   PAD
    0x08002720   0x08002720   0x0000000c   Code   RO          824    i.SDIO_IRQHandler   stm32f1xx_it.o
    0x0800272c   0x0800272c   0x00000024   Code   RO         2197    i.SDIO_Init         stm32f1xx_ll_sdmmc.o
    0x08002750   0x08002750   0x00000010   Code   RO         2199    i.SDIO_PowerState_ON  stm32f1xx_ll_sdmmc.o
    0x08002760   0x08002760   0x00000006   Code   RO         2200    i.SDIO_ReadFIFO     stm32f1xx_ll_sdmmc.o
    0x08002766   0x08002766   0x00000020   Code   RO         2201    i.SDIO_SendCommand  stm32f1xx_ll_sdmmc.o
    0x08002786   0x08002786   0x0000000a   Code   RO         2203    i.SDIO_WriteFIFO    stm32f1xx_ll_sdmmc.o
    0x08002790   0x08002790   0x00000032   Code   RO         2204    i.SDMMC_CmdAppCommand  stm32f1xx_ll_sdmmc.o
    0x080027c2   0x080027c2   0x00000002   PAD
    0x080027c4   0x080027c4   0x00000034   Code   RO         2205    i.SDMMC_CmdAppOperCommand  stm32f1xx_ll_sdmmc.o
    0x080027f8   0x080027f8   0x00000032   Code   RO         2206    i.SDMMC_CmdBlockLength  stm32f1xx_ll_sdmmc.o
    0x0800282a   0x0800282a   0x00000032   Code   RO         2207    i.SDMMC_CmdBusWidth  stm32f1xx_ll_sdmmc.o
    0x0800285c   0x0800285c   0x00000050   Code   RO         2211    i.SDMMC_CmdGoIdleState  stm32f1xx_ll_sdmmc.o
    0x080028ac   0x080028ac   0x00000074   Code   RO         2213    i.SDMMC_CmdOperCond  stm32f1xx_ll_sdmmc.o
    0x08002920   0x08002920   0x00000032   Code   RO         2214    i.SDMMC_CmdReadMultiBlock  stm32f1xx_ll_sdmmc.o
    0x08002952   0x08002952   0x00000032   Code   RO         2215    i.SDMMC_CmdReadSingleBlock  stm32f1xx_ll_sdmmc.o
    0x08002984   0x08002984   0x00000032   Code   RO         2218    i.SDMMC_CmdSelDesel  stm32f1xx_ll_sdmmc.o
    0x080029b6   0x080029b6   0x0000002c   Code   RO         2219    i.SDMMC_CmdSendCID  stm32f1xx_ll_sdmmc.o
    0x080029e2   0x080029e2   0x0000002c   Code   RO         2220    i.SDMMC_CmdSendCSD  stm32f1xx_ll_sdmmc.o
    0x08002a0e   0x08002a0e   0x00000030   Code   RO         2221    i.SDMMC_CmdSendSCR  stm32f1xx_ll_sdmmc.o
    0x08002a3e   0x08002a3e   0x00000032   Code   RO         2222    i.SDMMC_CmdSendStatus  stm32f1xx_ll_sdmmc.o
    0x08002a70   0x08002a70   0x00000030   Code   RO         2223    i.SDMMC_CmdSetRelAdd  stm32f1xx_ll_sdmmc.o
    0x08002aa0   0x08002aa0   0x00000034   Code   RO         2225    i.SDMMC_CmdStopTransfer  stm32f1xx_ll_sdmmc.o
    0x08002ad4   0x08002ad4   0x00000032   Code   RO         2227    i.SDMMC_CmdWriteMultiBlock  stm32f1xx_ll_sdmmc.o
    0x08002b06   0x08002b06   0x00000032   Code   RO         2228    i.SDMMC_CmdWriteSingleBlock  stm32f1xx_ll_sdmmc.o
    0x08002b38   0x08002b38   0x00000120   Code   RO         2229    i.SDMMC_GetCmdResp1  stm32f1xx_ll_sdmmc.o
    0x08002c58   0x08002c58   0x00000050   Code   RO         2230    i.SDMMC_GetCmdResp2  stm32f1xx_ll_sdmmc.o
    0x08002ca8   0x08002ca8   0x00000044   Code   RO         2231    i.SDMMC_GetCmdResp3  stm32f1xx_ll_sdmmc.o
    0x08002cec   0x08002cec   0x00000088   Code   RO         2232    i.SDMMC_GetCmdResp6  stm32f1xx_ll_sdmmc.o
    0x08002d74   0x08002d74   0x00000044   Code   RO         2484    i.SD_DMARxAbort     stm32f1xx_hal_sd.o
    0x08002db8   0x08002db8   0x00000044   Code   RO         2486    i.SD_DMATxAbort     stm32f1xx_hal_sd.o
    0x08002dfc   0x08002dfc   0x000000d4   Code   RO         2487    i.SD_FindSCR        stm32f1xx_hal_sd.o
    0x08002ed0   0x08002ed0   0x000000ee   Code   RO         2488    i.SD_InitCard       stm32f1xx_hal_sd.o
    0x08002fbe   0x08002fbe   0x00000002   PAD
    0x08002fc0   0x08002fc0   0x000000b4   Code   RO         2489    i.SD_PowerON        stm32f1xx_hal_sd.o
    0x08003074   0x08003074   0x00000020   Code   RO         3577    i.SD_initialize     sd_diskio.o
    0x08003094   0x08003094   0x00000050   Code   RO         3578    i.SD_ioctl          sd_diskio.o
    0x080030e4   0x080030e4   0x0000003c   Code   RO         3579    i.SD_read           sd_diskio.o
    0x08003120   0x08003120   0x00000020   Code   RO         3580    i.SD_status         sd_diskio.o
    0x08003140   0x08003140   0x0000003c   Code   RO         3581    i.SD_write          sd_diskio.o
    0x0800317c   0x0800317c   0x0000000c   Code   RO          825    i.SPI2_IRQHandler   stm32f1xx_it.o
    0x08003188   0x08003188   0x00000010   Code   RO         2718    i.SPI_DMAAbortOnError  stm32f1xx_hal_spi.o
    0x08003198   0x08003198   0x00000004   Code   RO          826    i.SysTick_Handler   stm32f1xx_it.o
    0x0800319c   0x0800319c   0x0000004e   Code   RO          411    i.SystemClock_Config  main.o
    0x080031ea   0x080031ea   0x00000002   PAD
    0x080031ec   0x080031ec   0x00000048   Code   RO         3039    i.SystemInit        system_stm32f1xx.o
    0x08003234   0x08003234   0x00000002   Code   RO          827    i.UsageFault_Handler  stm32f1xx_it.o
    0x08003236   0x08003236   0x00000002   PAD
    0x08003238   0x08003238   0x00000020   Code   RO         3872    i.__0printf         mc_w.l(printfa.o)
    0x08003258   0x08003258   0x00000024   Code   RO         3878    i.__0vsprintf       mc_w.l(printfa.o)
    0x0800327c   0x0800327c   0x00000020   Code   RO         1443    i.__NVIC_SetPriority  stm32f1xx_hal_cortex.o
    0x0800329c   0x0800329c   0x0000000e   Code   RO         3958    i.__scatterload_copy  mc_w.l(handlers.o)
    0x080032aa   0x080032aa   0x00000002   Code   RO         3959    i.__scatterload_null  mc_w.l(handlers.o)
    0x080032ac   0x080032ac   0x0000000e   Code   RO         3960    i.__scatterload_zeroinit  mc_w.l(handlers.o)
    0x080032ba   0x080032ba   0x00000002   PAD
    0x080032bc   0x080032bc   0x00000184   Code   RO         3879    i._fp_digits        mc_w.l(printfa.o)
    0x08003440   0x08003440   0x000006dc   Code   RO         3880    i._printf_core      mc_w.l(printfa.o)
    0x08003b1c   0x08003b1c   0x00000024   Code   RO         3881    i._printf_post_padding  mc_w.l(printfa.o)
    0x08003b40   0x08003b40   0x0000002e   Code   RO         3882    i._printf_pre_padding  mc_w.l(printfa.o)
    0x08003b6e   0x08003b6e   0x0000000a   Code   RO         3884    i._sputc            mc_w.l(printfa.o)
    0x08003b78   0x08003b78   0x00000060   Code   RO         3131    i.check_fs          ff.o
    0x08003bd8   0x08003bd8   0x00000010   Code   RO         3132    i.chk_chr           ff.o
    0x08003be8   0x08003be8   0x00000068   Code   RO         3133    i.chk_lock          ff.o
    0x08003c50   0x08003c50   0x00000024   Code   RO         3134    i.clear_lock        ff.o
    0x08003c74   0x08003c74   0x0000002e   Code   RO         3135    i.clmt_clust        ff.o
    0x08003ca2   0x08003ca2   0x0000001c   Code   RO         3136    i.clust2sect        ff.o
    0x08003cbe   0x08003cbe   0x000000a4   Code   RO         3137    i.create_chain      ff.o
    0x08003d62   0x08003d62   0x00000002   PAD
    0x08003d64   0x08003d64   0x00000244   Code   RO         3138    i.create_name       ff.o
    0x08003fa8   0x08003fa8   0x0000003c   Code   RO         3139    i.dec_lock          ff.o
    0x08003fe4   0x08003fe4   0x00000140   Code   RO         3140    i.dir_find          ff.o
    0x08004124   0x08004124   0x0000011c   Code   RO         3141    i.dir_next          ff.o
    0x08004240   0x08004240   0x000001c0   Code   RO         3143    i.dir_register      ff.o
    0x08004400   0x08004400   0x0000009a   Code   RO         3145    i.dir_sdi           ff.o
    0x0800449a   0x0800449a   0x00000002   PAD
    0x0800449c   0x0800449c   0x00000028   Code   RO         3076    i.disk_initialize   diskio.o
    0x080044c4   0x080044c4   0x0000001c   Code   RO         3077    i.disk_ioctl        diskio.o
    0x080044e0   0x080044e0   0x0000001c   Code   RO         3078    i.disk_read         diskio.o
    0x080044fc   0x080044fc   0x00000018   Code   RO         3079    i.disk_status       diskio.o
    0x08004514   0x08004514   0x0000001c   Code   RO         3080    i.disk_write        diskio.o
    0x08004530   0x08004530   0x0000002a   Code   RO         3147    i.f_close           ff.o
    0x0800455a   0x0800455a   0x00000002   PAD
    0x0800455c   0x0800455c   0x00000064   Code   RO         3154    i.f_mount           ff.o
    0x080045c0   0x080045c0   0x000001f4   Code   RO         3155    i.f_open            ff.o
    0x080047b4   0x080047b4   0x0000018e   Code   RO         3160    i.f_read            ff.o
    0x08004942   0x08004942   0x000000a2   Code   RO         3164    i.f_sync            ff.o
    0x080049e4   0x080049e4   0x0000004c   Code   RO         3545    i.ff_convert        cc936.o
    0x08004a30   0x08004a30   0x00000024   Code   RO         3546    i.ff_wtoupper       cc936.o
    0x08004a54   0x08004a54   0x0000026c   Code   RO         3169    i.find_volume       ff.o
    0x08004cc0   0x08004cc0   0x0000006a   Code   RO         3170    i.follow_path       ff.o
    0x08004d2a   0x08004d2a   0x00000002   PAD
    0x08004d2c   0x08004d2c   0x00000028   Code   RO          412    i.fputc             main.o
    0x08004d54   0x08004d54   0x0000008c   Code   RO         3171    i.gen_numname       ff.o
    0x08004de0   0x08004de0   0x000000e6   Code   RO         3172    i.get_fat           ff.o
    0x08004ec6   0x08004ec6   0x00000004   Code   RO          649    i.get_fattime       fatfs.o
    0x08004eca   0x08004eca   0x0000003c   Code   RO         3174    i.get_ldnumber      ff.o
    0x08004f06   0x08004f06   0x00000002   PAD
    0x08004f08   0x08004f08   0x00000098   Code   RO         3175    i.inc_lock          ff.o
    0x08004fa0   0x08004fa0   0x00000016   Code   RO         3176    i.ld_clust          ff.o
    0x08004fb6   0x08004fb6   0x00000002   PAD
    0x08004fb8   0x08004fb8   0x000001ec   Code   RO          413    i.main              main.o
    0x080051a4   0x080051a4   0x00000012   Code   RO         3177    i.mem_cpy           ff.o
    0x080051b6   0x080051b6   0x0000000e   Code   RO         3178    i.mem_set           ff.o
    0x080051c4   0x080051c4   0x00000038   Code   RO         3179    i.move_window       ff.o
    0x080051fc   0x080051fc   0x000000cc   Code   RO          414    i.printffile        main.o
    0x080052c8   0x080052c8   0x0000011e   Code   RO         3180    i.put_fat           ff.o
    0x080053e6   0x080053e6   0x00000066   Code   RO         3182    i.remove_chain      ff.o
    0x0800544c   0x0800544c   0x00000010   Code   RO         3183    i.st_clust          ff.o
    0x0800545c   0x0800545c   0x0000001a   Code   RO         3184    i.sum_sfn           ff.o
    0x08005476   0x08005476   0x000000a8   Code   RO         3185    i.sync_fs           ff.o
    0x0800551e   0x0800551e   0x00000052   Code   RO         3186    i.sync_window       ff.o
    0x08005570   0x08005570   0x0000002a   Code   RO         3187    i.validate          ff.o
    0x0800559a   0x0800559a   0x000017c0   Data   RO           40    .constdata          tftlcd.o
    0x08006d5a   0x08006d5a   0x00000010   Data   RO         3040    .constdata          system_stm32f1xx.o
    0x08006d6a   0x08006d6a   0x0000003a   Data   RO         3189    .constdata          ff.o
    0x08006da4   0x08006da4   0x0002acc8   Data   RO         3547    .constdata          cc936.o
    0x08031a6c   0x08031a6c   0x00000014   Data   RO         3582    .constdata          sd_diskio.o
    0x08031a80   0x08031a80   0x00000020   Data   RO         3956    Region$$Table       anon$$obj.o


    Execution Region RW_IRAM1 (Exec base: 0x20000000, Load base: 0x08031aa0, Size: 0x00002740, Max: 0x00010000, ABSOLUTE)

    Exec Addr    Load Addr    Size         Type   Attr      Idx    E Section Name        Object

    0x20000000   0x08031aa0   0x00000001   Data   RW          653    .data               fatfs.o
    0x20000001   0x08031aa1   0x00000003   PAD
    0x20000004   0x08031aa4   0x00000008   Data   RW          692    .data               fsmc.o
    0x2000000c   0x08031aac   0x0000000c   Data   RW          980    .data               stm32f1xx_hal.o
    0x20000018   0x08031ab8   0x00000004   Data   RW         3042    .data               system_stm32f1xx.o
    0x2000001c   0x08031abc   0x00000008   Data   RW         3190    .data               ff.o
    0x20000024   0x08031ac4   0x00000001   Data   RW         3583    .data               sd_diskio.o
    0x20000025   0x08031ac5   0x00000003   PAD
    0x20000028   0x08031ac8   0x00000004   Data   RW         3930    .data               mc_w.l(stdout.o)
    0x2000002c        -       0x00000028   Zero   RW           39    .bss                tftlcd.o
    0x20000054        -       0x00000100   Zero   RW          650    .bss                fatfs.o
    0x20000154        -       0x00001030   Zero   RW          651    .bss                fatfs.o
    0x20001184        -       0x0000102c   Zero   RW          652    .bss                fatfs.o
    0x200021b0        -       0x00000090   Zero   RW          691    .bss                fsmc.o
    0x20002240        -       0x00000084   Zero   RW          738    .bss                sdio.o
    0x200022c4        -       0x00000058   Zero   RW          780    .bss                spi.o
    0x2000231c        -       0x00000018   Zero   RW         3188    .bss                ff.o
    0x20002334        -       0x0000000c   Zero   RW         3469    .bss                ff_gen_drv.o
    0x20002340        -       0x00000400   Zero   RW            1    STACK               startup_stm32f103xe.o


==============================================================================

Image component sizes


      Code (inc. data)   RO Data    RW Data    ZI Data      Debug   Object Name

       192         26          0          0          0       6791   bsp_driver_sd.o
       112         16     175304          0          0       2319   cc936.o
       148         22          0          0          0       3741   diskio.o
        32         12          0          1       8540       1532   fatfs.o
      5678         86         58          8         24      37101   ff.o
        70          4          0          0         12       1659   ff_gen_drv.o
       348         38          0          8        144       2334   fsmc.o
       216         12          0          0          0       1103   gpio.o
       816        360          0          0          0      35068   main.o
       264         34         20          1          0       4548   sd_diskio.o
       180         28          0          0        132       1673   sdio.o
       200         22          0          0         88       1721   spi.o
        36          8        304          0       1024        828   startup_stm32f103xe.o
       164         28          0         12          0       6713   stm32f1xx_hal.o
       198         14          0          0          0      29091   stm32f1xx_hal_cortex.o
       304          8          0          0          0       1215   stm32f1xx_hal_dma.o
       514         42          0          0          0       2980   stm32f1xx_hal_gpio.o
        60          8          0          0          0        898   stm32f1xx_hal_msp.o
      1208         76          0          0          0       4174   stm32f1xx_hal_rcc.o
      3202         42          0          0          0      16407   stm32f1xx_hal_sd.o
       366          4          0          0          0       3384   stm32f1xx_hal_spi.o
        92          0          0          0          0       1252   stm32f1xx_hal_sram.o
        40         12          0          0          0       4031   stm32f1xx_it.o
       232         14          0          0          0       3907   stm32f1xx_ll_fsmc.o
      1656         46          0          0          0      22855   stm32f1xx_ll_sdmmc.o
         0          0          0          0          0        544   syscall.o
        72         16         16          4          0       1235   system_stm32f1xx.o
      1430        112       6080          0         40     500205   tftlcd.o

    ----------------------------------------------------------------------
     17874       1090     181814         40      10004     699309   Object Totals
         0          0         32          0          0          0   (incl. Generated)
        44          0          0          6          0          0   (incl. Padding)

    ----------------------------------------------------------------------

      Code (inc. data)   RO Data    RW Data    ZI Data      Debug   Library Member Name

         0          0          0          0          0          0   entry.o
         0          0          0          0          0          0   entry10a.o
         0          0          0          0          0          0   entry11a.o
         8          4          0          0          0          0   entry2.o
         4          0          0          0          0          0   entry5.o
         0          0          0          0          0          0   entry7b.o
         0          0          0          0          0          0   entry8b.o
         8          4          0          0          0          0   entry9a.o
        30          0          0          0          0          0   handlers.o
        36          8          0          0          0         68   init.o
         0          0          0          0          0          0   iusefp.o
        30          0          0          0          0         68   llshl.o
        36          0          0          0          0         68   llsshr.o
        32          0          0          0          0         68   llushr.o
        36          0          0          0          0        108   memseta.o
      2304         96          0          0          0        600   printfa.o
         0          0          0          4          0          0   stdout.o
        44          0          0          0          0         80   uidiv.o
        98          0          0          0          0         92   uldiv.o
        48          0          0          0          0         68   cdrcmple.o
       334          0          0          0          0        148   dadd.o
       222          0          0          0          0        100   ddiv.o
       186          0          0          0          0        176   depilogue.o
        48          0          0          0          0         68   dfixul.o
       228          0          0          0          0         96   dmul.o

    ----------------------------------------------------------------------
      3736        112          0          4          0       1808   Library Totals
         4          0          0          0          0          0   (incl. Padding)

    ----------------------------------------------------------------------

      Code (inc. data)   RO Data    RW Data    ZI Data      Debug   Library Name

      2666        112          0          4          0       1152   mc_w.l
      1066          0          0          0          0        656   mf_w.l

    ----------------------------------------------------------------------
      3736        112          0          4          0       1808   Library Totals

    ----------------------------------------------------------------------

==============================================================================


      Code (inc. data)   RO Data    RW Data    ZI Data      Debug   

     21610       1202     181814         44      10004     691805   Grand Totals
     21610       1202     181814         44      10004     691805   ELF Image Totals
     21610       1202     181814         44          0          0   ROM Totals

==============================================================================

    Total RO  Size (Code + RO Data)               203424 ( 198.66kB)
    Total RW  Size (RW Data + ZI Data)             10048 (   9.81kB)
    Total ROM Size (Code + RO Data + RW Data)     203468 ( 198.70kB)

==============================================================================

