Component: ARM Compiler 5.06 update 6 (build 750) Tool: armlink [4d35ed]

==============================================================================

Section Cross References

    startup_stm32f103xe.o(RESET) refers to startup_stm32f103xe.o(STACK) for __initial_sp
    startup_stm32f103xe.o(RESET) refers to startup_stm32f103xe.o(.text) for Reset_Handler
    startup_stm32f103xe.o(RESET) refers to stm32f1xx_it.o(i.NMI_Handler) for NMI_Handler
    startup_stm32f103xe.o(RESET) refers to stm32f1xx_it.o(i.HardFault_Handler) for HardFault_Handler
    startup_stm32f103xe.o(RESET) refers to stm32f1xx_it.o(i.MemManage_Handler) for MemManage_Handler
    startup_stm32f103xe.o(RESET) refers to stm32f1xx_it.o(i.BusFault_Handler) for BusFault_Handler
    startup_stm32f103xe.o(RESET) refers to stm32f1xx_it.o(i.UsageFault_Handler) for UsageFault_Handler
    startup_stm32f103xe.o(RESET) refers to stm32f1xx_it.o(i.SVC_Handler) for SVC_Handler
    startup_stm32f103xe.o(RESET) refers to stm32f1xx_it.o(i.DebugMon_Handler) for DebugMon_Handler
    startup_stm32f103xe.o(RESET) refers to stm32f1xx_it.o(i.PendSV_Handler) for PendSV_Handler
    startup_stm32f103xe.o(RESET) refers to stm32f1xx_it.o(i.SysTick_Handler) for SysTick_Handler
    startup_stm32f103xe.o(RESET) refers to stm32f1xx_it.o(i.TIM2_IRQHandler) for TIM2_IRQHandler
    startup_stm32f103xe.o(RESET) refers to stm32f1xx_it.o(i.I2C2_EV_IRQHandler) for I2C2_EV_IRQHandler
    startup_stm32f103xe.o(RESET) refers to stm32f1xx_it.o(i.I2C2_ER_IRQHandler) for I2C2_ER_IRQHandler
    startup_stm32f103xe.o(.text) refers to system_stm32f1xx.o(i.SystemInit) for SystemInit
    startup_stm32f103xe.o(.text) refers to entry.o(.ARM.Collect$$$$00000000) for __main
    tftlcd.o(i.HAL_LCD_Clear) refers to tftlcd.o(i.HAL_LCD_FillRect) for HAL_LCD_FillRect
    tftlcd.o(i.HAL_LCD_Clear) refers to tftlcd.o(.bss) for .bss
    tftlcd.o(i.HAL_LCD_DrawLine) refers to fflti.o(.text) for __aeabi_i2f
    tftlcd.o(i.HAL_LCD_DrawLine) refers to fdiv.o(.text) for __aeabi_fdiv
    tftlcd.o(i.HAL_LCD_DrawLine) refers to fmul.o(.text) for __aeabi_fmul
    tftlcd.o(i.HAL_LCD_DrawLine) refers to ffltui.o(.text) for __aeabi_ui2f
    tftlcd.o(i.HAL_LCD_DrawLine) refers to fadd.o(.text) for __aeabi_fadd
    tftlcd.o(i.HAL_LCD_DrawLine) refers to ffixui.o(.text) for __aeabi_f2uiz
    tftlcd.o(i.HAL_LCD_DrawLine) refers to tftlcd.o(i.HAL_LCD_DrawPoint) for HAL_LCD_DrawPoint
    tftlcd.o(i.HAL_LCD_DrawLine) refers to cfrcmple.o(.text) for __aeabi_cfrcmple
    tftlcd.o(i.HAL_LCD_DrawLine) refers to cfcmple.o(.text) for __aeabi_cfcmple
    tftlcd.o(i.HAL_LCD_DrawPoint) refers to tftlcd.o(i.HAL_LCD_SetRect) for HAL_LCD_SetRect
    tftlcd.o(i.HAL_LCD_DrawPoint) refers to tftlcd.o(.bss) for .bss
    tftlcd.o(i.HAL_LCD_DrawRect) refers to tftlcd.o(i.HAL_LCD_DrawLine) for HAL_LCD_DrawLine
    tftlcd.o(i.HAL_LCD_DrowSign) refers to tftlcd.o(i.HAL_LCD_DrawRect) for HAL_LCD_DrawRect
    tftlcd.o(i.HAL_LCD_DrowSign) refers to tftlcd.o(i.HAL_LCD_DrawLine) for HAL_LCD_DrawLine
    tftlcd.o(i.HAL_LCD_FillRect) refers to tftlcd.o(i.HAL_LCD_SetRect) for HAL_LCD_SetRect
    tftlcd.o(i.HAL_LCD_FillRect) refers to tftlcd.o(.bss) for .bss
    tftlcd.o(i.HAL_LCD_GetBkColor) refers to tftlcd.o(.bss) for .bss
    tftlcd.o(i.HAL_LCD_GetDevice) refers to tftlcd.o(.bss) for .bss
    tftlcd.o(i.HAL_LCD_GetFontColor) refers to tftlcd.o(.bss) for .bss
    tftlcd.o(i.HAL_LCD_Init) refers to tftlcd.o(i.LCD_WriteCmd) for LCD_WriteCmd
    tftlcd.o(i.HAL_LCD_Init) refers to tftlcd.o(i.HAL_LCD_SetShowDir) for HAL_LCD_SetShowDir
    tftlcd.o(i.HAL_LCD_Init) refers to tftlcd.o(i.HAL_LCD_Clear) for HAL_LCD_Clear
    tftlcd.o(i.HAL_LCD_Init) refers to tftlcd.o(.bss) for .bss
    tftlcd.o(i.HAL_LCD_Init) refers to tftlcd.o(i.LCD_WriteData) for LCD_WriteData
    tftlcd.o(i.HAL_LCD_Init) refers to tftlcd.o(i.LCD_ReadData) for LCD_ReadData
    tftlcd.o(i.HAL_LCD_Init) refers to tftlcd.o(i.LCD_WriteValue) for LCD_WriteValue
    tftlcd.o(i.HAL_LCD_Init) refers to tftlcd.o(i.LCD_ReadValue) for LCD_ReadValue
    tftlcd.o(i.HAL_LCD_Init) refers to tftlcd.o(i.LCD_WriteColor) for LCD_WriteColor
    tftlcd.o(i.HAL_LCD_Printf) refers to printfa.o(i.__0vsprintf) for vsprintf
    tftlcd.o(i.HAL_LCD_Printf) refers to tftlcd.o(i.HAL_LCD_Puts) for HAL_LCD_Puts
    tftlcd.o(i.HAL_LCD_PutChar) refers to tftlcd.o(i.HAL_LCD_DrawPoint) for HAL_LCD_DrawPoint
    tftlcd.o(i.HAL_LCD_PutChar) refers to tftlcd.o(.constdata) for .constdata
    tftlcd.o(i.HAL_LCD_PutChar) refers to tftlcd.o(.bss) for .bss
    tftlcd.o(i.HAL_LCD_Puts) refers to tftlcd.o(i.HAL_LCD_PutChar) for HAL_LCD_PutChar
    tftlcd.o(i.HAL_LCD_ReadPoint) refers to tftlcd.o(i.HAL_LCD_SetRect) for HAL_LCD_SetRect
    tftlcd.o(i.HAL_LCD_ReadPoint) refers to tftlcd.o(.bss) for .bss
    tftlcd.o(i.HAL_LCD_SetBkColor) refers to tftlcd.o(.bss) for .bss
    tftlcd.o(i.HAL_LCD_SetFontColor) refers to tftlcd.o(.bss) for .bss
    tftlcd.o(i.HAL_LCD_SetRect) refers to tftlcd.o(.bss) for .bss
[...]
    Removing stm32f1xx_hal_tim.o(i.TIM_DMATriggerHalfCplt), (16 bytes).
    Removing stm32f1xx_hal_tim.o(i.TIM_OC1_SetConfig), (96 bytes).
    Removing stm32f1xx_hal_tim.o(i.TIM_OC2_SetConfig), (108 bytes).
    Removing stm32f1xx_hal_tim.o(i.TIM_OC3_SetConfig), (104 bytes).
    Removing stm32f1xx_hal_tim.o(i.TIM_OC4_SetConfig), (80 bytes).
    Removing stm32f1xx_hal_tim.o(i.TIM_SlaveTimer_SetConfig), (134 bytes).
    Removing stm32f1xx_hal_tim.o(i.TIM_TI1_SetConfig), (108 bytes).
    Removing stm32f1xx_hal_tim.o(i.TIM_TI2_SetConfig), (54 bytes).
    Removing stm32f1xx_hal_tim_ex.o(.rev16_text), (4 bytes).
    Removing stm32f1xx_hal_tim_ex.o(.revsh_text), (4 bytes).
    Removing stm32f1xx_hal_tim_ex.o(.rrx_text), (6 bytes).
    Removing stm32f1xx_hal_tim_ex.o(i.HAL_TIMEx_CommutHalfCpltCallback), (2 bytes).
    Removing stm32f1xx_hal_tim_ex.o(i.HAL_TIMEx_ConfigBreakDeadTime), (84 bytes).
    Removing stm32f1xx_hal_tim_ex.o(i.HAL_TIMEx_ConfigCommutEvent), (112 bytes).
    Removing stm32f1xx_hal_tim_ex.o(i.HAL_TIMEx_ConfigCommutEvent_DMA), (144 bytes).
    Removing stm32f1xx_hal_tim_ex.o(i.HAL_TIMEx_ConfigCommutEvent_IT), (112 bytes).
    Removing stm32f1xx_hal_tim_ex.o(i.HAL_TIMEx_HallSensor_DeInit), (56 bytes).
    Removing stm32f1xx_hal_tim_ex.o(i.HAL_TIMEx_HallSensor_GetState), (6 bytes).
    Removing stm32f1xx_hal_tim_ex.o(i.HAL_TIMEx_HallSensor_Init), (188 bytes).
    Removing stm32f1xx_hal_tim_ex.o(i.HAL_TIMEx_HallSensor_MspDeInit), (2 bytes).
    Removing stm32f1xx_hal_tim_ex.o(i.HAL_TIMEx_HallSensor_MspInit), (2 bytes).
    Removing stm32f1xx_hal_tim_ex.o(i.HAL_TIMEx_HallSensor_Start), (38 bytes).
    Removing stm32f1xx_hal_tim_ex.o(i.HAL_TIMEx_HallSensor_Start_DMA), (128 bytes).
    Removing stm32f1xx_hal_tim_ex.o(i.HAL_TIMEx_HallSensor_Start_IT), (48 bytes).
    Removing stm32f1xx_hal_tim_ex.o(i.HAL_TIMEx_HallSensor_Stop), (46 bytes).
    Removing stm32f1xx_hal_tim_ex.o(i.HAL_TIMEx_HallSensor_Stop_DMA), (62 bytes).
    Removing stm32f1xx_hal_tim_ex.o(i.HAL_TIMEx_HallSensor_Stop_IT), (56 bytes).
    Removing stm32f1xx_hal_tim_ex.o(i.HAL_TIMEx_OCN_Start), (46 bytes).
    Removing stm32f1xx_hal_tim_ex.o(i.HAL_TIMEx_OCN_Start_DMA), (228 bytes).
    Removing stm32f1xx_hal_tim_ex.o(i.HAL_TIMEx_OCN_Start_IT), (94 bytes).
    Removing stm32f1xx_hal_tim_ex.o(i.HAL_TIMEx_OCN_Stop), (68 bytes).
    Removing stm32f1xx_hal_tim_ex.o(i.HAL_TIMEx_OCN_Stop_DMA), (130 bytes).
    Removing stm32f1xx_hal_tim_ex.o(i.HAL_TIMEx_OCN_Stop_IT), (122 bytes).
    Removing stm32f1xx_hal_tim_ex.o(i.HAL_TIMEx_OnePulseN_Start), (26 bytes).
    Removing stm32f1xx_hal_tim_ex.o(i.HAL_TIMEx_OnePulseN_Start_IT), (46 bytes).
    Removing stm32f1xx_hal_tim_ex.o(i.HAL_TIMEx_OnePulseN_Stop), (68 bytes).
    Removing stm32f1xx_hal_tim_ex.o(i.HAL_TIMEx_OnePulseN_Stop_IT), (88 bytes).
    Removing stm32f1xx_hal_tim_ex.o(i.HAL_TIMEx_PWMN_Start), (46 bytes).
    Removing stm32f1xx_hal_tim_ex.o(i.HAL_TIMEx_PWMN_Start_DMA), (228 bytes).
    Removing stm32f1xx_hal_tim_ex.o(i.HAL_TIMEx_PWMN_Start_IT), (94 bytes).
    Removing stm32f1xx_hal_tim_ex.o(i.HAL_TIMEx_PWMN_Stop), (68 bytes).
    Removing stm32f1xx_hal_tim_ex.o(i.HAL_TIMEx_PWMN_Stop_DMA), (130 bytes).
    Removing stm32f1xx_hal_tim_ex.o(i.HAL_TIMEx_PWMN_Stop_IT), (122 bytes).
    Removing stm32f1xx_hal_tim_ex.o(i.HAL_TIMEx_RemapConfig), (4 bytes).
    Removing stm32f1xx_hal_tim_ex.o(i.TIMEx_DMACommutationCplt), (16 bytes).
    Removing stm32f1xx_hal_tim_ex.o(i.TIMEx_DMACommutationHalfCplt), (16 bytes).
    Removing stm32f1xx_hal_tim_ex.o(i.TIM_CCxNChannelCmd), (26 bytes).
    Removing system_stm32f1xx.o(.rev16_text), (4 bytes).
    Removing system_stm32f1xx.o(.revsh_text), (4 bytes).
    Removing system_stm32f1xx.o(.rrx_text), (6 bytes).
    Removing system_stm32f1xx.o(i.SystemCoreClockUpdate), (104 bytes).

480 unused section(s) (total 40436 bytes) removed from the image.

==============================================================================

Image Symbol Table

    Local Symbols

    Symbol Name                              Value     Ov Type        Size  Object(Section)

    ../Drivers/STM32F1xx_HAL_Driver/Src/stm32f1xx_hal.c 0x00000000   Number         0  stm32f1xx_hal.o ABSOLUTE
    ../Drivers/STM32F1xx_HAL_Driver/Src/stm32f1xx_hal_cortex.c 0x00000000   Number         0  stm32f1xx_hal_cortex.o ABSOLUTE
    ../Drivers/STM32F1xx_HAL_Driver/Src/stm32f1xx_hal_dma.c 0x00000000   Number         0  stm32f1xx_hal_dma.o ABSOLUTE
    ../Drivers/STM32F1xx_HAL_Driver/Src/stm32f1xx_hal_exti.c 0x00000000   Number         0  stm32f1xx_hal_exti.o ABSOLUTE
    ../Drivers/STM32F1xx_HAL_Driver/Src/stm32f1xx_hal_flash.c 0x00000000   Number         0  stm32f1xx_hal_flash.o ABSOLUTE
    ../Drivers/STM32F1xx_HAL_Driver/Src/stm32f1xx_hal_flash_ex.c 0x00000000   Number         0  stm32f1xx_hal_flash_ex.o ABSOLUTE
    ../Drivers/STM32F1xx_HAL_Driver/Src/stm32f1xx_hal_gpio.c 0x00000000   Number         0  stm32f1xx_hal_gpio.o ABSOLUTE
    ../Drivers/STM32F1xx_HAL_Driver/Src/stm32f1xx_hal_gpio_ex.c 0x00000000   Number         0  stm32f1xx_hal_gpio_ex.o ABSOLUTE
    ../Drivers/STM32F1xx_HAL_Driver/Src/stm32f1xx_hal_i2c.c 0x00000000   Number         0  stm32f1xx_hal_i2c.o ABSOLUTE
    ../Drivers/STM32F1xx_HAL_Driver/Src/stm32f1xx_hal_pwr.c 0x00000000   Number         0  stm32f1xx_hal_pwr.o ABSOLUTE
    ../Drivers/STM32F1xx_HAL_Driver/Src/stm32f1xx_hal_rcc.c 0x00000000   Number         0  stm32f1xx_hal_rcc.o ABSOLUTE
    ../Drivers/STM32F1xx_HAL_Driver/Src/stm32f1xx_hal_rcc_ex.c 0x00000000   Number         0  stm32f1xx_hal_rcc_ex.o ABSOLUTE
    ../Drivers/STM32F1xx_HAL_Driver/Src/stm32f1xx_hal_spi.c 0x00000000   Number         0  stm32f1xx_hal_spi.o ABSOLUTE
    ../Drivers/STM32F1xx_HAL_Driver/Src/stm32f1xx_hal_sram.c 0x00000000   Number         0  stm32f1xx_hal_sram.o ABSOLUTE
    ../Drivers/STM32F1xx_HAL_Driver/Src/stm32f1xx_hal_tim.c 0x00000000   Number         0  stm32f1xx_hal_tim.o ABSOLUTE
    ../Drivers/STM32F1xx_HAL_Driver/Src/stm32f1xx_hal_tim_ex.c 0x00000000   Number         0  stm32f1xx_hal_tim_ex.o ABSOLUTE
    ../Drivers/STM32F1xx_HAL_Driver/Src/stm32f1xx_ll_fsmc.c 0x00000000   Number         0  stm32f1xx_ll_fsmc.o ABSOLUTE
    ../Src/fsmc.c                            0x00000000   Number         0  fsmc.o ABSOLUTE
    ../Src/gpio.c                            0x00000000   Number         0  gpio.o ABSOLUTE
    ../Src/i2c.c                             0x00000000   Number         0  i2c.o ABSOLUTE
    ../Src/main.c                            0x00000000   Number         0  main.o ABSOLUTE
    ../Src/spi.c                             0x00000000   Number         0  spi.o ABSOLUTE
    ../Src/stm32f1xx_hal_msp.c               0x00000000   Number         0  stm32f1xx_hal_msp.o ABSOLUTE
    ../Src/stm32f1xx_it.c                    0x00000000   Number         0  stm32f1xx_it.o ABSOLUTE
    ../Src/system_stm32f1xx.c                0x00000000   Number         0  system_stm32f1xx.o ABSOLUTE
    ../Src/tim.c                             0x00000000   Number         0  tim.o ABSOLUTE
    ../clib/microlib/division.c              0x00000000   Number         0  uldiv.o ABSOLUTE
    ../clib/microlib/division.c              0x00000000   Number         0  uidiv.o ABSOLUTE
    ../clib/microlib/init/entry.s            0x00000000   Number         0  entry10b.o ABSOLUTE
    ../clib/microlib/init/entry.s            0x00000000   Number         0  entry7a.o ABSOLUTE
    ../clib/microlib/init/entry.s            0x00000000   Number         0  entry.o ABSOLUTE
    ../clib/microlib/init/entry.s            0x00000000   Number         0  entry5.o ABSOLUTE
    ../clib/microlib/init/entry.s            0x00000000   Number         0  entry11a.o ABSOLUTE
    ../clib/microlib/init/entry.s            0x00000000   Number         0  entry2.o ABSOLUTE
    ../clib/microlib/init/entry.s            0x00000000   Number         0  entry11b.o ABSOLUTE
    ../clib/microlib/init/entry.s            0x00000000   Number         0  entry10a.o ABSOLUTE
    ../clib/microlib/init/entry.s            0x00000000   Number         0  entry9b.o ABSOLUTE
    ../clib/microlib/init/entry.s            0x00000000   Number         0  entry9a.o ABSOLUTE
    ../clib/microlib/init/entry.s            0x00000000   Number         0  entry8b.o ABSOLUTE
    ../clib/microlib/init/entry.s            0x00000000   Number         0  entry8a.o ABSOLUTE
    ../clib/microlib/init/entry.s            0x00000000   Number         0  entry7b.o ABSOLUTE
    ../clib/microlib/longlong.c              0x00000000   Number         0  llshl.o ABSOLUTE
    ../clib/microlib/longlong.c              0x00000000   Number         0  llushr.o ABSOLUTE
    ../clib/microlib/longlong.c              0x00000000   Number         0  llsshr.o ABSOLUTE
    ../clib/microlib/printf/printf.c         0x00000000   Number         0  printf6.o ABSOLUTE
    ../clib/microlib/printf/printf.c         0x00000000   Number         0  printf1.o ABSOLUTE
    ../clib/microlib/printf/printf.c         0x00000000   Number         0  printf5.o ABSOLUTE
    ../clib/microlib/printf/printf.c         0x00000000   Number         0  printf4.o ABSOLUTE
    ../clib/microlib/printf/printf.c         0x00000000   Number         0  printf0.o ABSOLUTE
    ../clib/microlib/printf/printf.c         0x00000000   Number         0  printf3.o ABSOLUTE
    ../clib/microlib/printf/printf.c         0x00000000   Number         0  printfb.o ABSOLUTE
    ../clib/microlib/printf/printf.c         0x00000000   Number         0  printf8.o ABSOLUTE
    ../clib/microlib/printf/printf.c         0x00000000   Number         0  printf2.o ABSOLUTE
    ../clib/microlib/printf/printf.c         0x00000000   Number         0  printfa.o ABSOLUTE
    ../clib/microlib/printf/printf.c         0x00000000   Number         0  printf7.o ABSOLUTE
    ../clib/microlib/stdio/streams.c         0x00000000   Number         0  stdout.o ABSOLUTE
    ../clib/microlib/string/memset.c         0x00000000   Number         0  memseta.o ABSOLUTE
    ../clib/microlib/stubs.s                 0x00000000   Number         0  iusefp.o ABSOLUTE
    ../fplib/microlib/fpadd.c                0x00000000   Number         0  fadd.o ABSOLUTE
    ../fplib/microlib/fpadd.c                0x00000000   Number         0  dadd.o ABSOLUTE
    ../fplib/microlib/fpdiv.c                0x00000000   Number         0  fdiv.o ABSOLUTE
    ../fplib/microlib/fpdiv.c                0x00000000   Number         0  ddiv.o ABSOLUTE
    ../fplib/microlib/fpepilogue.c           0x00000000   Number         0  depilogue.o ABSOLUTE
    ../fplib/microlib/fpepilogue.c           0x00000000   Number         0  fepilogue.o ABSOLUTE
    ../fplib/microlib/fpfix.c                0x00000000   Number         0  dfixul.o ABSOLUTE
    ../fplib/microlib/fpfix.c                0x00000000   Number         0  ffixui.o ABSOLUTE
    ../fplib/microlib/fpfix.c                0x00000000   Number         0  ffixi.o ABSOLUTE
    ../fplib/microlib/fpflt.c                0x00000000   Number         0  fflti.o ABSOLUTE
    ../fplib/microlib/fpflt.c                0x00000000   Number         0  ffltui.o ABSOLUTE
    ../fplib/microlib/fpmul.c                0x00000000   Number         0  dmul.o ABSOLUTE
    ../fplib/microlib/fpmul.c                0x00000000   Number         0  fmul.o ABSOLUTE
    ..\Drivers\STM32F1xx_HAL_Driver\Src\stm32f1xx_hal.c 0x00000000   Number         0  stm32f1xx_hal.o ABSOLUTE
    ..\Drivers\STM32F1xx_HAL_Driver\Src\stm32f1xx_hal_cortex.c 0x00000000   Number         0  stm32f1xx_hal_cortex.o ABSOLUTE
    ..\Drivers\STM32F1xx_HAL_Driver\Src\stm32f1xx_hal_dma.c 0x00000000   Number         0  stm32f1xx_hal_dma.o ABSOLUTE
    ..\Drivers\STM32F1xx_HAL_Driver\Src\stm32f1xx_hal_exti.c 0x00000000   Number         0  stm32f1xx_hal_exti.o ABSOLUTE
    ..\Drivers\STM32F1xx_HAL_Driver\Src\stm32f1xx_hal_flash.c 0x00000000   Number         0  stm32f1xx_hal_flash.o ABSOLUTE
    ..\Drivers\STM32F1xx_HAL_Driver\Src\stm32f1xx_hal_flash_ex.c 0x00000000   Number         0  stm32f1xx_hal_flash_ex.o ABSOLUTE
    ..\Drivers\STM32F1xx_HAL_Driver\Src\stm32f1xx_hal_gpio.c 0x00000000   Number         0  stm32f1xx_hal_gpio.o ABSOLUTE
    ..\Drivers\STM32F1xx_HAL_Driver\Src\stm32f1xx_hal_gpio_ex.c 0x00000000   Number         0  stm32f1xx_hal_gpio_ex.o ABSOLUTE
    ..\Drivers\STM32F1xx_HAL_Driver\Src\stm32f1xx_hal_i2c.c 0x00000000   Number         0  stm32f1xx_hal_i2c.o ABSOLUTE
    ..\Drivers\STM32F1xx_HAL_Driver\Src\stm32f1xx_hal_pwr.c 0x00000000   Number         0  stm32f1xx_hal_pwr.o ABSOLUTE
    ..\Drivers\STM32F1xx_HAL_Driver\Src\stm32f1xx_hal_rcc.c 0x00000000   Number         0  stm32f1xx_hal_rcc.o ABSOLUTE
    ..\Drivers\STM32F1xx_HAL_Driver\Src\stm32f1xx_hal_rcc_ex.c 0x00000000   Number         0  stm32f1xx_hal_rcc_ex.o ABSOLUTE
    ..\Drivers\STM32F1xx_HAL_Driver\Src\stm32f1xx_hal_spi.c 0x00000000   Number         0  stm32f1xx_hal_spi.o ABSOLUTE
    ..\Drivers\STM32F1xx_HAL_Driver\Src\stm32f1xx_hal_sram.c 0x00000000   Number         0  stm32f1xx_hal_sram.o ABSOLUTE
    ..\Drivers\STM32F1xx_HAL_Driver\Src\stm32f1xx_hal_tim.c 0x00000000   Number         0  stm32f1xx_hal_tim.o ABSOLUTE
    ..\Drivers\STM32F1xx_HAL_Driver\Src\stm32f1xx_hal_tim_ex.c 0x00000000   Number         0  stm32f1xx_hal_tim_ex.o ABSOLUTE
    ..\Drivers\STM32F1xx_HAL_Driver\Src\stm32f1xx_ll_fsmc.c 0x00000000   Number         0  stm32f1xx_ll_fsmc.o ABSOLUTE
    ..\Src\fsmc.c                            0x00000000   Number         0  fsmc.o ABSOLUTE
    ..\Src\gpio.c                            0x00000000   Number         0  gpio.o ABSOLUTE
    ..\Src\i2c.c                             0x00000000   Number         0  i2c.o ABSOLUTE
    ..\Src\main.c                            0x00000000   Number         0  main.o ABSOLUTE
    ..\Src\spi.c                             0x00000000   Number         0  spi.o ABSOLUTE
    ..\Src\stm32f1xx_hal_msp.c               0x00000000   Number         0  stm32f1xx_hal_msp.o ABSOLUTE
    ..\Src\stm32f1xx_it.c                    0x00000000   Number         0  stm32f1xx_it.o ABSOLUTE
    ..\Src\system_stm32f1xx.c                0x00000000   Number         0  system_stm32f1xx.o ABSOLUTE
    ..\Src\tim.c                             0x00000000   Number         0  tim.o ABSOLUTE
    ..\User\tftlcd.c                         0x00000000   Number         0  tftlcd.o ABSOLUTE
    ..\User\touch.c                          0x00000000   Number         0  touch.o ABSOLUTE
    ..\\User\\tftlcd.c                       0x00000000   Number         0  tftlcd.o ABSOLUTE
    ..\\User\\touch.c                        0x00000000   Number         0  touch.o ABSOLUTE
    cdrcmple.s                               0x00000000   Number         0  cdrcmple.o ABSOLUTE
    cfcmple.s                                0x00000000   Number         0  cfcmple.o ABSOLUTE
    cfrcmple.s                               0x00000000   Number         0  cfrcmple.o ABSOLUTE
    dc.s                                     0x00000000   Number         0  dc.o ABSOLUTE
    handlers.s                               0x00000000   Number         0  handlers.o ABSOLUTE
    init.s                                   0x00000000   Number         0  init.o ABSOLUTE
    startup_stm32f103xe.s                    0x00000000   Number         0  startup_stm32f103xe.o ABSOLUTE
    RESET                                    0x08000000   Section      304  startup_stm32f103xe.o(RESET)
    .ARM.Collect$$$$00000000                 0x08000130   Section        0  entry.o(.ARM.Collect$$$$00000000)
    .ARM.Collect$$$$00000001                 0x08000130   Section        4  entry2.o(.ARM.Collect$$$$00000001)
    .ARM.Collect$$$$00000004                 0x08000134   Section        4  entry5.o(.ARM.Collect$$$$00000004)
    .ARM.Collect$$$$00000008                 0x08000138   Section        0  entry7b.o(.ARM.Collect$$$$00000008)
    .ARM.Collect$$$$0000000A                 0x08000138   Section        0  entry8b.o(.ARM.Collect$$$$0000000A)
    .ARM.Collect$$$$0000000B                 0x08000138   Section        8  entry9a.o(.ARM.Collect$$$$0000000B)
    .ARM.Collect$$$$0000000D                 0x08000140   Section        0  entry10a.o(.ARM.Collect$$$$0000000D)
    .ARM.Collect$$$$0000000F                 0x08000140   Section        0  entry11a.o(.ARM.Collect$$$$0000000F)
    .ARM.Collect$$$$00002712                 0x08000140   Section        4  entry2.o(.ARM.Collect$$$$00002712)
    __lit__00000000                          0x08000140   Data           4  entry2.o(.ARM.Collect$$$$00002712)
    .text                                    0x08000144   Section       36  startup_stm32f103xe.o(.text)
    .text                                    0x08000168   Section        0  llushr.o(.text)
    .text                                    0x08000188   Section        0  memseta.o(.text)
    .text                                    0x080001ac   Section        0  fadd.o(.text)
    .text                                    0x0800025c   Section        0  fmul.o(.text)
    .text                                    0x080002c0   Section        0  fdiv.o(.text)
    .text                                    0x0800033c   Section        0  fflti.o(.text)
    .text                                    0x0800034e   Section        0  ffltui.o(.text)
    .text                                    0x08000358   Section        0  ffixi.o(.text)
    .text                                    0x0800038a   Section        0  ffixui.o(.text)
    .text                                    0x080003b4   Section       20  cfcmple.o(.text)
    .text                                    0x080003c8   Section       20  cfrcmple.o(.text)
    .text                                    0x080003dc   Section        0  uidiv.o(.text)
    .text                                    0x08000408   Section        0  uldiv.o(.text)
    .text                                    0x0800046a   Section        0  fepilogue.o(.text)
    .text                                    0x0800046a   Section        0  iusefp.o(.text)
    .text                                    0x080004d8   Section        0  dadd.o(.text)
    .text                                    0x08000626   Section        0  dmul.o(.text)
    .text                                    0x0800070a   Section        0  ddiv.o(.text)
    .text                                    0x080007e8   Section        0  dfixul.o(.text)
    .text                                    0x08000818   Section       48  cdrcmple.o(.text)
    .text                                    0x08000848   Section       36  init.o(.text)
    .text                                    0x0800086c   Section        0  llshl.o(.text)
    .text                                    0x0800088a   Section        0  llsshr.o(.text)
    .text                                    0x080008ae   Section        0  depilogue.o(.text)
    i.BusFault_Handler                       0x08000968   Section        0  stm32f1xx_it.o(i.BusFault_Handler)
    i.DebugMon_Handler                       0x0800096a   Section        0  stm32f1xx_it.o(i.DebugMon_Handler)
    i.Error_Handler                          0x0800096c   Section        0  main.o(i.Error_Handler)
    i.FSMC_NORSRAM_Extended_Timing_Init      0x08000970   Section        0  stm32f1xx_ll_fsmc.o(i.FSMC_NORSRAM_Extended_Timing_Init)
    i.FSMC_NORSRAM_Init                      0x080009ac   Section        0  stm32f1xx_ll_fsmc.o(i.FSMC_NORSRAM_Init)
    i.FSMC_NORSRAM_Timing_Init               0x08000a14   Section        0  stm32f1xx_ll_fsmc.o(i.FSMC_NORSRAM_Timing_Init)
    i.HAL_DMA_Abort_IT                       0x08000a58   Section        0  stm32f1xx_hal_dma.o(i.HAL_DMA_Abort_IT)
    i.HAL_DMA_GetState                       0x08000b88   Section        0  stm32f1xx_hal_dma.o(i.HAL_DMA_GetState)
    i.HAL_Delay                              0x08000b90   Section        0  stm32f1xx_hal.o(i.HAL_Delay)
    i.HAL_FSMC_MspInit                       0x08000bb4   Section        0  fsmc.o(i.HAL_FSMC_MspInit)
    HAL_FSMC_MspInit                         0x08000bb5   Thumb Code   106  fsmc.o(i.HAL_FSMC_MspInit)
    i.HAL_GPIO_Init                          0x08000c34   Section        0  stm32f1xx_hal_gpio.o(i.HAL_GPIO_Init)
    i.HAL_GPIO_WritePin                      0x08000e2c   Section        0  stm32f1xx_hal_gpio.o(i.HAL_GPIO_WritePin)
    i.HAL_GetTick                            0x08000e38   Section        0  stm32f1xx_hal.o(i.HAL_GetTick)
    i.HAL_I2C_AbortCpltCallback              0x08000e44   Section        0  stm32f1xx_hal_i2c.o(i.HAL_I2C_AbortCpltCallback)
    i.HAL_I2C_AddrCallback                   0x08000e46   Section        0  stm32f1xx_hal_i2c.o(i.HAL_I2C_AddrCallback)
    i.HAL_I2C_ER_IRQHandler                  0x08000e48   Section        0  stm32f1xx_hal_i2c.o(i.HAL_I2C_ER_IRQHandler)
    i.HAL_I2C_EV_IRQHandler                  0x08000f0c   Section        0  stm32f1xx_hal_i2c.o(i.HAL_I2C_EV_IRQHandler)
    i.HAL_I2C_ErrorCallback                  0x08001166   Section        0  stm32f1xx_hal_i2c.o(i.HAL_I2C_ErrorCallback)
    i.HAL_I2C_Init                           0x08001168   Section        0  stm32f1xx_hal_i2c.o(i.HAL_I2C_Init)
    i.HAL_I2C_ListenCpltCallback             0x080012dc   Section        0  stm32f1xx_hal_i2c.o(i.HAL_I2C_ListenCpltCallback)
    i.HAL_I2C_MasterRxCpltCallback           0x080012de   Section        0  stm32f1xx_hal_i2c.o(i.HAL_I2C_MasterRxCpltCallback)
    i.HAL_I2C_MasterTxCpltCallback           0x080012e0   Section        0  stm32f1xx_hal_i2c.o(i.HAL_I2C_MasterTxCpltCallback)
    i.HAL_I2C_MemRxCpltCallback              0x080012e2   Section        0  stm32f1xx_hal_i2c.o(i.HAL_I2C_MemRxCpltCallback)
    i.HAL_I2C_MemTxCpltCallback              0x080012e4   Section        0  stm32f1xx_hal_i2c.o(i.HAL_I2C_MemTxCpltCallback)
    i.HAL_I2C_Mem_Read                       0x080012e8   Section        0  stm32f1xx_hal_i2c.o(i.HAL_I2C_Mem_Read)
    i.HAL_I2C_Mem_Write                      0x08001508   Section        0  stm32f1xx_hal_i2c.o(i.HAL_I2C_Mem_Write)
    i.HAL_I2C_MspInit                        0x08001638   Section        0  i2c.o(i.HAL_I2C_MspInit)
    i.HAL_I2C_SlaveRxCpltCallback            0x080016c8   Section        0  stm32f1xx_hal_i2c.o(i.HAL_I2C_SlaveRxCpltCallback)
    i.HAL_I2C_SlaveTxCpltCallback            0x080016ca   Section        0  stm32f1xx_hal_i2c.o(i.HAL_I2C_SlaveTxCpltCallback)
    i.HAL_IncTick                            0x080016cc   Section        0  stm32f1xx_hal.o(i.HAL_IncTick)
    i.HAL_Init                               0x080016dc   Section        0  stm32f1xx_hal.o(i.HAL_Init)
    i.HAL_InitTick                           0x08001700   Section        0  stm32f1xx_hal.o(i.HAL_InitTick)
    i.HAL_LCD_Clear                          0x08001740   Section        0  tftlcd.o(i.HAL_LCD_Clear)
    i.HAL_LCD_DrawLine                       0x0800175c   Section        0  tftlcd.o(i.HAL_LCD_DrawLine)
    i.HAL_LCD_DrawPoint                      0x0800184c   Section        0  tftlcd.o(i.HAL_LCD_DrawPoint)
    i.HAL_LCD_DrawRect                       0x08001878   Section        0  tftlcd.o(i.HAL_LCD_DrawRect)
    i.HAL_LCD_DrowSign                       0x080018c0   Section        0  tftlcd.o(i.HAL_LCD_DrowSign)
    i.HAL_LCD_FillRect                       0x08001904   Section        0  tftlcd.o(i.HAL_LCD_FillRect)
    i.HAL_LCD_GetBkColor                     0x08001944   Section        0  tftlcd.o(i.HAL_LCD_GetBkColor)
    i.HAL_LCD_GetDevice                      0x08001950   Section        0  tftlcd.o(i.HAL_LCD_GetDevice)
    i.HAL_LCD_Init                           0x08001968   Section        0  tftlcd.o(i.HAL_LCD_Init)
    i.HAL_LCD_SetRect                        0x08001c00   Section        0  tftlcd.o(i.HAL_LCD_SetRect)
    i.HAL_LCD_SetShowDir                     0x08001cbc   Section        0  tftlcd.o(i.HAL_LCD_SetShowDir)
    i.HAL_MspInit                            0x08001d18   Section        0  stm32f1xx_hal_msp.o(i.HAL_MspInit)
    i.HAL_NVIC_EnableIRQ                     0x08001d54   Section        0  stm32f1xx_hal_cortex.o(i.HAL_NVIC_EnableIRQ)
    i.HAL_NVIC_SetPriority                   0x08001d70   Section        0  stm32f1xx_hal_cortex.o(i.HAL_NVIC_SetPriority)
    i.HAL_NVIC_SetPriorityGrouping           0x08001db0   Section        0  stm32f1xx_hal_cortex.o(i.HAL_NVIC_SetPriorityGrouping)
    i.HAL_RCC_ClockConfig                    0x08001dd4   Section        0  stm32f1xx_hal_rcc.o(i.HAL_RCC_ClockConfig)
    i.HAL_RCC_GetPCLK1Freq                   0x08001f00   Section        0  stm32f1xx_hal_rcc.o(i.HAL_RCC_GetPCLK1Freq)
    i.HAL_RCC_GetSysClockFreq                0x08001f20   Section        0  stm32f1xx_hal_rcc.o(i.HAL_RCC_GetSysClockFreq)
    i.HAL_RCC_OscConfig                      0x08001f8c   Section        0  stm32f1xx_hal_rcc.o(i.HAL_RCC_OscConfig)
    i.HAL_SPI1_SetSpeed                      0x080022ac   Section        0  spi.o(i.HAL_SPI1_SetSpeed)
    i.HAL_SPI_Init                           0x080022d4   Section        0  stm32f1xx_hal_spi.o(i.HAL_SPI_Init)
    i.HAL_SPI_MspInit                        0x0800235c   Section        0  spi.o(i.HAL_SPI_MspInit)
    i.HAL_SPI_Receive                        0x080023f4   Section        0  stm32f1xx_hal_spi.o(i.HAL_SPI_Receive)
    i.HAL_SPI_Transmit                       0x080025f6   Section        0  stm32f1xx_hal_spi.o(i.HAL_SPI_Transmit)
    i.HAL_SPI_TransmitReceive                0x0800277e   Section        0  stm32f1xx_hal_spi.o(i.HAL_SPI_TransmitReceive)
    i.HAL_SRAM_Init                          0x080029f2   Section        0  stm32f1xx_hal_sram.o(i.HAL_SRAM_Init)
    i.HAL_SRAM_MspInit                       0x08002a4e   Section        0  fsmc.o(i.HAL_SRAM_MspInit)
    i.HAL_SYSTICK_Config                     0x08002a52   Section        0  stm32f1xx_hal_cortex.o(i.HAL_SYSTICK_Config)
    i.HAL_TIMEx_BreakCallback                0x08002a7a   Section        0  stm32f1xx_hal_tim_ex.o(i.HAL_TIMEx_BreakCallback)
    i.HAL_TIMEx_CommutCallback               0x08002a7c   Section        0  stm32f1xx_hal_tim_ex.o(i.HAL_TIMEx_CommutCallback)
    i.HAL_TIMEx_MasterConfigSynchronization  0x08002a7e   Section        0  stm32f1xx_hal_tim_ex.o(i.HAL_TIMEx_MasterConfigSynchronization)
    i.HAL_TIM_Base_Init                      0x08002ac0   Section        0  stm32f1xx_hal_tim.o(i.HAL_TIM_Base_Init)
    i.HAL_TIM_Base_MspInit                   0x08002af8   Section        0  tim.o(i.HAL_TIM_Base_MspInit)
    i.HAL_TIM_ConfigClockSource              0x08002b30   Section        0  stm32f1xx_hal_tim.o(i.HAL_TIM_ConfigClockSource)
    i.HAL_TIM_IC_CaptureCallback             0x08002c06   Section        0  stm32f1xx_hal_tim.o(i.HAL_TIM_IC_CaptureCallback)
    i.HAL_TIM_IRQHandler                     0x08002c08   Section        0  stm32f1xx_hal_tim.o(i.HAL_TIM_IRQHandler)
    i.HAL_TIM_OC_DelayElapsedCallback        0x08002d6e   Section        0  stm32f1xx_hal_tim.o(i.HAL_TIM_OC_DelayElapsedCallback)
    i.HAL_TIM_PWM_PulseFinishedCallback      0x08002d70   Section        0  stm32f1xx_hal_tim.o(i.HAL_TIM_PWM_PulseFinishedCallback)
    i.HAL_TIM_PeriodElapsedCallback          0x08002d72   Section        0  stm32f1xx_hal_tim.o(i.HAL_TIM_PeriodElapsedCallback)
    i.HAL_TIM_TriggerCallback                0x08002d74   Section        0  stm32f1xx_hal_tim.o(i.HAL_TIM_TriggerCallback)
    i.HAL_TOUCH_Adjust                       0x08002d78   Section        0  touch.o(i.HAL_TOUCH_Adjust)
    i.HAL_TOUCH_Init                         0x08002ef0   Section        0  touch.o(i.HAL_TOUCH_Init)
    i.HAL_TOUCH_ReadAdjust                   0x08002f14   Section        0  touch.o(i.HAL_TOUCH_ReadAdjust)
    i.HAL_TOUCH_ReadData                     0x08002f74   Section        0  touch.o(i.HAL_TOUCH_ReadData)
    i.HAL_TOUCH_ReadXY                       0x0800301c   Section        0  touch.o(i.HAL_TOUCH_ReadXY)
    i.HAL_TOUCH_Scan                         0x08003098   Section        0  touch.o(i.HAL_TOUCH_Scan)
    i.HardFault_Handler                      0x08003134   Section        0  stm32f1xx_it.o(i.HardFault_Handler)
    i.I2C2_ER_IRQHandler                     0x08003138   Section        0  stm32f1xx_it.o(i.I2C2_ER_IRQHandler)
    i.I2C2_EV_IRQHandler                     0x08003144   Section        0  stm32f1xx_it.o(i.I2C2_EV_IRQHandler)
    i.I2C_DMAAbort                           0x08003150   Section        0  stm32f1xx_hal_i2c.o(i.I2C_DMAAbort)
    I2C_DMAAbort                             0x08003151   Thumb Code   126  stm32f1xx_hal_i2c.o(i.I2C_DMAAbort)
    i.I2C_ITError                            0x080031d0   Section        0  stm32f1xx_hal_i2c.o(i.I2C_ITError)
    I2C_ITError                              0x080031d1   Thumb Code   312  stm32f1xx_hal_i2c.o(i.I2C_ITError)
    i.I2C_IsAcknowledgeFailed                0x08003310   Section        0  stm32f1xx_hal_i2c.o(i.I2C_IsAcknowledgeFailed)
    I2C_IsAcknowledgeFailed                  0x08003311   Thumb Code    46  stm32f1xx_hal_i2c.o(i.I2C_IsAcknowledgeFailed)
    i.I2C_MasterReceive_BTF                  0x0800333e   Section        0  stm32f1xx_hal_i2c.o(i.I2C_MasterReceive_BTF)
    I2C_MasterReceive_BTF                    0x0800333f   Thumb Code   210  stm32f1xx_hal_i2c.o(i.I2C_MasterReceive_BTF)
    i.I2C_MasterReceive_RXNE                 0x08003410   Section        0  stm32f1xx_hal_i2c.o(i.I2C_MasterReceive_RXNE)
    I2C_MasterReceive_RXNE                   0x08003411   Thumb Code   146  stm32f1xx_hal_i2c.o(i.I2C_MasterReceive_RXNE)
    i.I2C_MasterTransmit_BTF                 0x080034a4   Section        0  stm32f1xx_hal_i2c.o(i.I2C_MasterTransmit_BTF)
    I2C_MasterTransmit_BTF                   0x080034a5   Thumb Code   130  stm32f1xx_hal_i2c.o(i.I2C_MasterTransmit_BTF)
    i.I2C_MasterTransmit_TXE                 0x08003528   Section        0  stm32f1xx_hal_i2c.o(i.I2C_MasterTransmit_TXE)
    I2C_MasterTransmit_TXE                   0x08003529   Thumb Code   260  stm32f1xx_hal_i2c.o(i.I2C_MasterTransmit_TXE)
    i.I2C_Master_ADDR                        0x0800362c   Section        0  stm32f1xx_hal_i2c.o(i.I2C_Master_ADDR)
    I2C_Master_ADDR                          0x0800362d   Thumb Code   340  stm32f1xx_hal_i2c.o(i.I2C_Master_ADDR)
    i.I2C_Master_SB                          0x08003784   Section        0  stm32f1xx_hal_i2c.o(i.I2C_Master_SB)
    I2C_Master_SB                            0x08003785   Thumb Code   142  stm32f1xx_hal_i2c.o(i.I2C_Master_SB)
    i.I2C_RequestMemoryRead                  0x08003812   Section        0  stm32f1xx_hal_i2c.o(i.I2C_RequestMemoryRead)
    I2C_RequestMemoryRead                    0x08003813   Thumb Code   230  stm32f1xx_hal_i2c.o(i.I2C_RequestMemoryRead)
    i.I2C_RequestMemoryWrite                 0x080038f8   Section        0  stm32f1xx_hal_i2c.o(i.I2C_RequestMemoryWrite)
    I2C_RequestMemoryWrite                   0x080038f9   Thumb Code   144  stm32f1xx_hal_i2c.o(i.I2C_RequestMemoryWrite)
    i.I2C_Slave_AF                           0x0800398c   Section        0  stm32f1xx_hal_i2c.o(i.I2C_Slave_AF)
    I2C_Slave_AF                             0x0800398d   Thumb Code   126  stm32f1xx_hal_i2c.o(i.I2C_Slave_AF)
    i.I2C_Slave_STOPF                        0x08003a10   Section        0  stm32f1xx_hal_i2c.o(i.I2C_Slave_STOPF)
    I2C_Slave_STOPF                          0x08003a11   Thumb Code   338  stm32f1xx_hal_i2c.o(i.I2C_Slave_STOPF)
    i.I2C_WaitOnBTFFlagUntilTimeout          0x08003b6c   Section        0  stm32f1xx_hal_i2c.o(i.I2C_WaitOnBTFFlagUntilTimeout)
    I2C_WaitOnBTFFlagUntilTimeout            0x08003b6d   Thumb Code    76  stm32f1xx_hal_i2c.o(i.I2C_WaitOnBTFFlagUntilTimeout)
    i.I2C_WaitOnFlagUntilTimeout             0x08003bb8   Section        0  stm32f1xx_hal_i2c.o(i.I2C_WaitOnFlagUntilTimeout)
    I2C_WaitOnFlagUntilTimeout               0x08003bb9   Thumb Code   104  stm32f1xx_hal_i2c.o(i.I2C_WaitOnFlagUntilTimeout)
    i.I2C_WaitOnMasterAddressFlagUntilTimeout 0x08003c20   Section        0  stm32f1xx_hal_i2c.o(i.I2C_WaitOnMasterAddressFlagUntilTimeout)
    I2C_WaitOnMasterAddressFlagUntilTimeout  0x08003c21   Thumb Code   150  stm32f1xx_hal_i2c.o(i.I2C_WaitOnMasterAddressFlagUntilTimeout)
    i.I2C_WaitOnRXNEFlagUntilTimeout         0x08003cb6   Section        0  stm32f1xx_hal_i2c.o(i.I2C_WaitOnRXNEFlagUntilTimeout)
    I2C_WaitOnRXNEFlagUntilTimeout           0x08003cb7   Thumb Code   102  stm32f1xx_hal_i2c.o(i.I2C_WaitOnRXNEFlagUntilTimeout)
    i.I2C_WaitOnTXEFlagUntilTimeout          0x08003d1c   Section        0  stm32f1xx_hal_i2c.o(i.I2C_WaitOnTXEFlagUntilTimeout)
    I2C_WaitOnTXEFlagUntilTimeout            0x08003d1d   Thumb Code    76  stm32f1xx_hal_i2c.o(i.I2C_WaitOnTXEFlagUntilTimeout)
    i.LCD_ReadData                           0x08003d68   Section        0  tftlcd.o(i.LCD_ReadData)
    i.LCD_ReadValue                          0x08003d7c   Section        0  tftlcd.o(i.LCD_ReadValue)
    i.LCD_WriteCmd                           0x08003d88   Section        0  tftlcd.o(i.LCD_WriteCmd)
    i.LCD_WriteColor                         0x08003d94   Section        0  tftlcd.o(i.LCD_WriteColor)
    i.LCD_WriteData                          0x08003da0   Section        0  tftlcd.o(i.LCD_WriteData)
    i.LCD_WriteValue                         0x08003dac   Section        0  tftlcd.o(i.LCD_WriteValue)
    i.MX_FSMC_Init                           0x08003dbc   Section        0  fsmc.o(i.MX_FSMC_Init)
    i.MX_GPIO_Init                           0x08003e34   Section        0  gpio.o(i.MX_GPIO_Init)
    i.MX_I2C2_Init                           0x08003f0c   Section        0  i2c.o(i.MX_I2C2_Init)
    i.MX_SPI1_Init                           0x08003f4c   Section        0  spi.o(i.MX_SPI1_Init)
    i.MX_TIM2_Init                           0x08003f98   Section        0  tim.o(i.MX_TIM2_Init)
    i.MemManage_Handler                      0x08004000   Section        0  stm32f1xx_it.o(i.MemManage_Handler)
    i.Mem_ReadData                           0x08004004   Section        0  i2c.o(i.Mem_ReadData)
    i.Mem_WriteData                          0x08004020   Section        0  i2c.o(i.Mem_WriteData)
    i.NMI_Handler                            0x08004098   Section        0  stm32f1xx_it.o(i.NMI_Handler)
    i.PendSV_Handler                         0x0800409a   Section        0  stm32f1xx_it.o(i.PendSV_Handler)
    i.SPI_EndRxTransaction                   0x0800409c   Section        0  stm32f1xx_hal_spi.o(i.SPI_EndRxTransaction)
    SPI_EndRxTransaction                     0x0800409d   Thumb Code    92  stm32f1xx_hal_spi.o(i.SPI_EndRxTransaction)
    i.SPI_EndRxTxTransaction                 0x080040f8   Section        0  stm32f1xx_hal_spi.o(i.SPI_EndRxTxTransaction)
    SPI_EndRxTxTransaction                   0x080040f9   Thumb Code    32  stm32f1xx_hal_spi.o(i.SPI_EndRxTxTransaction)
    i.SPI_WaitFlagStateUntilTimeout          0x08004118   Section        0  stm32f1xx_hal_spi.o(i.SPI_WaitFlagStateUntilTimeout)
    SPI_WaitFlagStateUntilTimeout            0x08004119   Thumb Code   148  stm32f1xx_hal_spi.o(i.SPI_WaitFlagStateUntilTimeout)
    i.SVC_Handler                            0x080041ac   Section        0  stm32f1xx_it.o(i.SVC_Handler)
    i.SysTick_Handler                        0x080041ae   Section        0  stm32f1xx_it.o(i.SysTick_Handler)
    i.SystemClock_Config                     0x080041b2   Section        0  main.o(i.SystemClock_Config)
    i.SystemInit                             0x08004200   Section        0  system_stm32f1xx.o(i.SystemInit)
    i.TIM2_IRQHandler                        0x08004248   Section        0  stm32f1xx_it.o(i.TIM2_IRQHandler)
    i.TIM_Base_SetConfig                     0x08004254   Section        0  stm32f1xx_hal_tim.o(i.TIM_Base_SetConfig)
    i.TIM_ETR_SetConfig                      0x080042e0   Section        0  stm32f1xx_hal_tim.o(i.TIM_ETR_SetConfig)
    i.TIM_ITRx_SetConfig                     0x080042f4   Section        0  stm32f1xx_hal_tim.o(i.TIM_ITRx_SetConfig)
    TIM_ITRx_SetConfig                       0x080042f5   Thumb Code    16  stm32f1xx_hal_tim.o(i.TIM_ITRx_SetConfig)
    i.TIM_TI1_ConfigInputStage               0x08004304   Section        0  stm32f1xx_hal_tim.o(i.TIM_TI1_ConfigInputStage)
    TIM_TI1_ConfigInputStage                 0x08004305   Thumb Code    34  stm32f1xx_hal_tim.o(i.TIM_TI1_ConfigInputStage)
    i.TIM_TI2_ConfigInputStage               0x08004326   Section        0  stm32f1xx_hal_tim.o(i.TIM_TI2_ConfigInputStage)
    TIM_TI2_ConfigInputStage                 0x08004327   Thumb Code    36  stm32f1xx_hal_tim.o(i.TIM_TI2_ConfigInputStage)
    i.UsageFault_Handler                     0x0800434a   Section        0  stm32f1xx_it.o(i.UsageFault_Handler)
    i.__0printf                              0x0800434c   Section        0  printfa.o(i.__0printf)
    i.__NVIC_SetPriority                     0x0800436c   Section        0  stm32f1xx_hal_cortex.o(i.__NVIC_SetPriority)
    __NVIC_SetPriority                       0x0800436d   Thumb Code    32  stm32f1xx_hal_cortex.o(i.__NVIC_SetPriority)
    i.__scatterload_copy                     0x0800438c   Section       14  handlers.o(i.__scatterload_copy)
    i.__scatterload_null                     0x0800439a   Section        2  handlers.o(i.__scatterload_null)
    i.__scatterload_zeroinit                 0x0800439c   Section       14  handlers.o(i.__scatterload_zeroinit)
    i._fp_digits                             0x080043ac   Section        0  printfa.o(i._fp_digits)
    _fp_digits                               0x080043ad   Thumb Code   366  printfa.o(i._fp_digits)
    i._printf_core                           0x08004530   Section        0  printfa.o(i._printf_core)
    _printf_core                             0x08004531   Thumb Code  1744  printfa.o(i._printf_core)
    i._printf_post_padding                   0x08004c0c   Section        0  printfa.o(i._printf_post_padding)
    _printf_post_padding                     0x08004c0d   Thumb Code    36  printfa.o(i._printf_post_padding)
    i._printf_pre_padding                    0x08004c30   Section        0  printfa.o(i._printf_pre_padding)
    _printf_pre_padding                      0x08004c31   Thumb Code    46  printfa.o(i._printf_pre_padding)
    i.fputc                                  0x08004c60   Section        0  main.o(i.fputc)
    i.main                                   0x08004c88   Section        0  main.o(i.main)
    .constdata                               0x08004cc8   Section       16  system_stm32f1xx.o(.constdata)
    .constdata                               0x08004cd8   Section        8  system_stm32f1xx.o(.constdata)
    .data                                    0x20000000   Section        8  touch.o(.data)
    TouchData                                0x20000000   Data           8  touch.o(.data)
    .data                                    0x20000008   Section        8  fsmc.o(.data)
    FSMC_Initialized                         0x20000008   Data           4  fsmc.o(.data)
    FSMC_DeInitialized                       0x2000000c   Data           4  fsmc.o(.data)
    .data                                    0x20000010   Section       12  stm32f1xx_hal.o(.data)
    .data                                    0x2000001c   Section        4  system_stm32f1xx.o(.data)
    .data                                    0x20000020   Section        4  stdout.o(.data)
    .bss                                     0x20000024   Section       40  tftlcd.o(.bss)
    LCD                                      0x20000024   Data          40  tftlcd.o(.bss)
    .bss                                     0x2000004c   Section       16  touch.o(.bss)
    TouchAdj                                 0x2000004c   Data          16  touch.o(.bss)
    .bss                                     0x2000005c   Section       72  fsmc.o(.bss)
    .bss                                     0x200000a4   Section       84  i2c.o(.bss)
    .bss                                     0x200000f8   Section       88  spi.o(.bss)
    .bss                                     0x20000150   Section       64  tim.o(.bss)
    STACK                                    0x20000190   Section     1024  startup_stm32f103xe.o(STACK)

    Global Symbols

    Symbol Name                              Value     Ov Type        Size  Object(Section)

    BuildAttributes$$THM_ISAv4$P$D$K$B$S$PE$A:L22UL41UL21$X:L11$S22US41US21$IEEE1$IW$USESV6$~STKCKD$USESV7$~SHL$OTIME$ROPI$EBA8$MICROLIB$REQ8$PRES8$EABIv2 0x00000000   Number         0  anon$$obj.o ABSOLUTE
    __ARM_use_no_argv                        0x00000000   Number         0  main.o ABSOLUTE
    __cpp_initialize__aeabi_                  - Undefined Weak Reference
    __cxa_finalize                            - Undefined Weak Reference
    __decompress                              - Undefined Weak Reference
    _clock_init                               - Undefined Weak Reference
    _microlib_exit                            - Undefined Weak Reference
    __Vectors_Size                           0x00000130   Number         0  startup_stm32f103xe.o ABSOLUTE
    __Vectors                                0x08000000   Data           4  startup_stm32f103xe.o(RESET)
    __Vectors_End                            0x08000130   Data           0  startup_stm32f103xe.o(RESET)
    __main                                   0x08000131   Thumb Code     0  entry.o(.ARM.Collect$$$$00000000)
    _main_stk                                0x08000131   Thumb Code     0  entry2.o(.ARM.Collect$$$$00000001)
    _main_scatterload                        0x08000135   Thumb Code     0  entry5.o(.ARM.Collect$$$$00000004)
    __main_after_scatterload                 0x08000139   Thumb Code     0  entry5.o(.ARM.Collect$$$$00000004)
    _main_clock                              0x08000139   Thumb Code     0  entry7b.o(.ARM.Collect$$$$00000008)
    _main_cpp_init                           0x08000139   Thumb Code     0  entry8b.o(.ARM.Collect$$$$0000000A)
    _main_init                               0x08000139   Thumb Code     0  entry9a.o(.ARM.Collect$$$$0000000B)
    __rt_final_cpp                           0x08000141   Thumb Code     0  entry10a.o(.ARM.Collect$$$$0000000D)
    __rt_final_exit                          0x08000141   Thumb Code     0  entry11a.o(.ARM.Collect$$$$0000000F)
    Reset_Handler                            0x08000145   Thumb Code     8  startup_stm32f103xe.o(.text)
    ADC1_2_IRQHandler                        0x0800015f   Thumb Code     0  startup_stm32f103xe.o(.text)
    ADC3_IRQHandler                          0x0800015f   Thumb Code     0  startup_stm32f103xe.o(.text)
    CAN1_RX1_IRQHandler                      0x0800015f   Thumb Code     0  startup_stm32f103xe.o(.text)
    CAN1_SCE_IRQHandler                      0x0800015f   Thumb Code     0  startup_stm32f103xe.o(.text)
    DMA1_Channel1_IRQHandler                 0x0800015f   Thumb Code     0  startup_stm32f103xe.o(.text)
    DMA1_Channel2_IRQHandler                 0x0800015f   Thumb Code     0  startup_stm32f103xe.o(.text)
    DMA1_Channel3_IRQHandler                 0x0800015f   Thumb Code     0  startup_stm32f103xe.o(.text)
    DMA1_Channel4_IRQHandler                 0x0800015f   Thumb Code     0  startup_stm32f103xe.o(.text)
    DMA1_Channel5_IRQHandler                 0x0800015f   Thumb Code     0  startup_stm32f103xe.o(.text)
    DMA1_Channel6_IRQHandler                 0x0800015f   Thumb Code     0  startup_stm32f103xe.o(.text)
    DMA1_Channel7_IRQHandler                 0x0800015f   Thumb Code     0  startup_stm32f103xe.o(.text)
    DMA2_Channel1_IRQHandler                 0x0800015f   Thumb Code     0  startup_stm32f103xe.o(.text)
    DMA2_Channel2_IRQHandler                 0x0800015f   Thumb Code     0  startup_stm32f103xe.o(.text)
    DMA2_Channel3_IRQHandler                 0x0800015f   Thumb Code     0  startup_stm32f103xe.o(.text)
    DMA2_Channel4_5_IRQHandler               0x0800015f   Thumb Code     0  startup_stm32f103xe.o(.text)
    EXTI0_IRQHandler                         0x0800015f   Thumb Code     0  startup_stm32f103xe.o(.text)
    EXTI15_10_IRQHandler                     0x0800015f   Thumb Code     0  startup_stm32f103xe.o(.text)
    EXTI1_IRQHandler                         0x0800015f   Thumb Code     0  startup_stm32f103xe.o(.text)
    EXTI2_IRQHandler                         0x0800015f   Thumb Code     0  startup_stm32f103xe.o(.text)
    EXTI3_IRQHandler                         0x0800015f   Thumb Code     0  startup_stm32f103xe.o(.text)
    EXTI4_IRQHandler                         0x0800015f   Thumb Code     0  startup_stm32f103xe.o(.text)
    EXTI9_5_IRQHandler                       0x0800015f   Thumb Code     0  startup_stm32f103xe.o(.text)
    FLASH_IRQHandler                         0x0800015f   Thumb Code     0  startup_stm32f103xe.o(.text)
    FSMC_IRQHandler                          0x0800015f   Thumb Code     0  startup_stm32f103xe.o(.text)
    I2C1_ER_IRQHandler                       0x0800015f   Thumb Code     0  startup_stm32f103xe.o(.text)
    I2C1_EV_IRQHandler                       0x0800015f   Thumb Code     0  startup_stm32f103xe.o(.text)
    PVD_IRQHandler                           0x0800015f   Thumb Code     0  startup_stm32f103xe.o(.text)
    RCC_IRQHandler                           0x0800015f   Thumb Code     0  startup_stm32f103xe.o(.text)
    RTC_Alarm_IRQHandler                     0x0800015f   Thumb Code     0  startup_stm32f103xe.o(.text)
    RTC_IRQHandler                           0x0800015f   Thumb Code     0  startup_stm32f103xe.o(.text)
    SDIO_IRQHandler                          0x0800015f   Thumb Code     0  startup_stm32f103xe.o(.text)
    SPI1_IRQHandler                          0x0800015f   Thumb Code     0  startup_stm32f103xe.o(.text)
    SPI2_IRQHandler                          0x0800015f   Thumb Code     0  startup_stm32f103xe.o(.text)
    SPI3_IRQHandler                          0x0800015f   Thumb Code     0  startup_stm32f103xe.o(.text)
    TAMPER_IRQHandler                        0x0800015f   Thumb Code     0  startup_stm32f103xe.o(.text)
    TIM1_BRK_IRQHandler                      0x0800015f   Thumb Code     0  startup_stm32f103xe.o(.text)
    TIM1_CC_IRQHandler                       0x0800015f   Thumb Code     0  startup_stm32f103xe.o(.text)
    TIM1_TRG_COM_IRQHandler                  0x0800015f   Thumb Code     0  startup_stm32f103xe.o(.text)
    TIM1_UP_IRQHandler                       0x0800015f   Thumb Code     0  startup_stm32f103xe.o(.text)
    TIM3_IRQHandler                          0x0800015f   Thumb Code     0  startup_stm32f103xe.o(.text)
    TIM4_IRQHandler                          0x0800015f   Thumb Code     0  startup_stm32f103xe.o(.text)
    TIM5_IRQHandler                          0x0800015f   Thumb Code     0  startup_stm32f103xe.o(.text)
    TIM6_IRQHandler                          0x0800015f   Thumb Code     0  startup_stm32f103xe.o(.text)
    TIM7_IRQHandler                          0x0800015f   Thumb Code     0  startup_stm32f103xe.o(.text)
    TIM8_BRK_IRQHandler                      0x0800015f   Thumb Code     0  startup_stm32f103xe.o(.text)
    TIM8_CC_IRQHandler                       0x0800015f   Thumb Code     0  startup_stm32f103xe.o(.text)
    TIM8_TRG_COM_IRQHandler                  0x0800015f   Thumb Code     0  startup_stm32f103xe.o(.text)
    TIM8_UP_IRQHandler                       0x0800015f   Thumb Code     0  startup_stm32f103xe.o(.text)
    UART4_IRQHandler                         0x0800015f   Thumb Code     0  startup_stm32f103xe.o(.text)
    UART5_IRQHandler                         0x0800015f   Thumb Code     0  startup_stm32f103xe.o(.text)
    USART1_IRQHandler                        0x0800015f   Thumb Code     0  startup_stm32f103xe.o(.text)
    USART2_IRQHandler                        0x0800015f   Thumb Code     0  startup_stm32f103xe.o(.text)
    USART3_IRQHandler                        0x0800015f   Thumb Code     0  startup_stm32f103xe.o(.text)
    USBWakeUp_IRQHandler                     0x0800015f   Thumb Code     0  startup_stm32f103xe.o(.text)
    USB_HP_CAN1_TX_IRQHandler                0x0800015f   Thumb Code     0  startup_stm32f103xe.o(.text)
    USB_LP_CAN1_RX0_IRQHandler               0x0800015f   Thumb Code     0  startup_stm32f103xe.o(.text)
    WWDG_IRQHandler                          0x0800015f   Thumb Code     0  startup_stm32f103xe.o(.text)
    __aeabi_llsr                             0x08000169   Thumb Code    32  llushr.o(.text)
    _ll_ushift_r                             0x08000169   Thumb Code     0  llushr.o(.text)
    __aeabi_memset                           0x08000189   Thumb Code    14  memseta.o(.text)
    __aeabi_memset4                          0x08000189   Thumb Code     0  memseta.o(.text)
    __aeabi_memset8                          0x08000189   Thumb Code     0  memseta.o(.text)
    __aeabi_memclr                           0x08000197   Thumb Code     4  memseta.o(.text)
    __aeabi_memclr4                          0x08000197   Thumb Code     0  memseta.o(.text)
    __aeabi_memclr8                          0x08000197   Thumb Code     0  memseta.o(.text)
    _memset$wrapper                          0x0800019b   Thumb Code    18  memseta.o(.text)
    __aeabi_fadd                             0x080001ad   Thumb Code   164  fadd.o(.text)
    __aeabi_fsub                             0x08000251   Thumb Code     6  fadd.o(.text)
    __aeabi_frsub                            0x08000257   Thumb Code     6  fadd.o(.text)
    __aeabi_fmul                             0x0800025d   Thumb Code   100  fmul.o(.text)
    __aeabi_fdiv                             0x080002c1   Thumb Code   124  fdiv.o(.text)
    __aeabi_i2f                              0x0800033d   Thumb Code    18  fflti.o(.text)
    __aeabi_ui2f                             0x0800034f   Thumb Code    10  ffltui.o(.text)
    __aeabi_f2iz                             0x08000359   Thumb Code    50  ffixi.o(.text)
    __aeabi_f2uiz                            0x0800038b   Thumb Code    40  ffixui.o(.text)
    __aeabi_cfcmpeq                          0x080003b5   Thumb Code     0  cfcmple.o(.text)
    __aeabi_cfcmple                          0x080003b5   Thumb Code    20  cfcmple.o(.text)
    __aeabi_cfrcmple                         0x080003c9   Thumb Code    20  cfrcmple.o(.text)
    __aeabi_uidiv                            0x080003dd   Thumb Code     0  uidiv.o(.text)
    __aeabi_uidivmod                         0x080003dd   Thumb Code    44  uidiv.o(.text)
    __aeabi_uldivmod                         0x08000409   Thumb Code    98  uldiv.o(.text)
    __I$use$fp                               0x0800046b   Thumb Code     0  iusefp.o(.text)
    _float_round                             0x0800046b   Thumb Code    18  fepilogue.o(.text)
    _float_epilogue                          0x0800047d   Thumb Code    92  fepilogue.o(.text)
    __aeabi_dadd                             0x080004d9   Thumb Code   322  dadd.o(.text)
    __aeabi_dsub                             0x0800061b   Thumb Code     6  dadd.o(.text)
    __aeabi_drsub                            0x08000621   Thumb Code     6  dadd.o(.text)
    __aeabi_dmul                             0x08000627   Thumb Code   228  dmul.o(.text)
    __aeabi_ddiv                             0x0800070b   Thumb Code   222  ddiv.o(.text)
    __aeabi_d2ulz                            0x080007e9   Thumb Code    48  dfixul.o(.text)
    __aeabi_cdrcmple                         0x08000819   Thumb Code    48  cdrcmple.o(.text)
    __scatterload                            0x08000849   Thumb Code    28  init.o(.text)
    __scatterload_rt2                        0x08000849   Thumb Code     0  init.o(.text)
    __aeabi_llsl                             0x0800086d   Thumb Code    30  llshl.o(.text)
    _ll_shift_l                              0x0800086d   Thumb Code     0  llshl.o(.text)
    __aeabi_lasr                             0x0800088b   Thumb Code    36  llsshr.o(.text)
    _ll_sshift_r                             0x0800088b   Thumb Code     0  llsshr.o(.text)
    _double_round                            0x080008af   Thumb Code    30  depilogue.o(.text)
    _double_epilogue                         0x080008cd   Thumb Code   156  depilogue.o(.text)
    BusFault_Handler                         0x08000969   Thumb Code     2  stm32f1xx_it.o(i.BusFault_Handler)
    DebugMon_Handler                         0x0800096b   Thumb Code     2  stm32f1xx_it.o(i.DebugMon_Handler)
    Error_Handler                            0x0800096d   Thumb Code     2  main.o(i.Error_Handler)
    FSMC_NORSRAM_Extended_Timing_Init        0x08000971   Thumb Code    56  stm32f1xx_ll_fsmc.o(i.FSMC_NORSRAM_Extended_Timing_Init)
    FSMC_NORSRAM_Init                        0x080009ad   Thumb Code    98  stm32f1xx_ll_fsmc.o(i.FSMC_NORSRAM_Init)
    FSMC_NORSRAM_Timing_Init                 0x08000a15   Thumb Code    64  stm32f1xx_ll_fsmc.o(i.FSMC_NORSRAM_Timing_Init)
    HAL_DMA_Abort_IT                         0x08000a59   Thumb Code   296  stm32f1xx_hal_dma.o(i.HAL_DMA_Abort_IT)
    HAL_DMA_GetState                         0x08000b89   Thumb Code     6  stm32f1xx_hal_dma.o(i.HAL_DMA_GetState)
    HAL_Delay                                0x08000b91   Thumb Code    32  stm32f1xx_hal.o(i.HAL_Delay)
    HAL_GPIO_Init                            0x08000c35   Thumb Code   462  stm32f1xx_hal_gpio.o(i.HAL_GPIO_Init)
    HAL_GPIO_WritePin                        0x08000e2d   Thumb Code    10  stm32f1xx_hal_gpio.o(i.HAL_GPIO_WritePin)
    HAL_GetTick                              0x08000e39   Thumb Code     6  stm32f1xx_hal.o(i.HAL_GetTick)
    HAL_I2C_AbortCpltCallback                0x08000e45   Thumb Code     2  stm32f1xx_hal_i2c.o(i.HAL_I2C_AbortCpltCallback)
    HAL_I2C_AddrCallback                     0x08000e47   Thumb Code     2  stm32f1xx_hal_i2c.o(i.HAL_I2C_AddrCallback)
    HAL_I2C_ER_IRQHandler                    0x08000e49   Thumb Code   196  stm32f1xx_hal_i2c.o(i.HAL_I2C_ER_IRQHandler)
    HAL_I2C_EV_IRQHandler                    0x08000f0d   Thumb Code   602  stm32f1xx_hal_i2c.o(i.HAL_I2C_EV_IRQHandler)
    HAL_I2C_ErrorCallback                    0x08001167   Thumb Code     2  stm32f1xx_hal_i2c.o(i.HAL_I2C_ErrorCallback)
    HAL_I2C_Init                             0x08001169   Thumb Code   356  stm32f1xx_hal_i2c.o(i.HAL_I2C_Init)
    HAL_I2C_ListenCpltCallback               0x080012dd   Thumb Code     2  stm32f1xx_hal_i2c.o(i.HAL_I2C_ListenCpltCallback)
    HAL_I2C_MasterRxCpltCallback             0x080012df   Thumb Code     2  stm32f1xx_hal_i2c.o(i.HAL_I2C_MasterRxCpltCallback)
    HAL_I2C_MasterTxCpltCallback             0x080012e1   Thumb Code     2  stm32f1xx_hal_i2c.o(i.HAL_I2C_MasterTxCpltCallback)
    HAL_I2C_MemRxCpltCallback                0x080012e3   Thumb Code     2  stm32f1xx_hal_i2c.o(i.HAL_I2C_MemRxCpltCallback)
    HAL_I2C_MemTxCpltCallback                0x080012e5   Thumb Code     2  stm32f1xx_hal_i2c.o(i.HAL_I2C_MemTxCpltCallback)
    HAL_I2C_Mem_Read                         0x080012e9   Thumb Code   530  stm32f1xx_hal_i2c.o(i.HAL_I2C_Mem_Read)
    HAL_I2C_Mem_Write                        0x08001509   Thumb Code   294  stm32f1xx_hal_i2c.o(i.HAL_I2C_Mem_Write)
    HAL_I2C_MspInit                          0x08001639   Thumb Code   130  i2c.o(i.HAL_I2C_MspInit)
    HAL_I2C_SlaveRxCpltCallback              0x080016c9   Thumb Code     2  stm32f1xx_hal_i2c.o(i.HAL_I2C_SlaveRxCpltCallback)
    HAL_I2C_SlaveTxCpltCallback              0x080016cb   Thumb Code     2  stm32f1xx_hal_i2c.o(i.HAL_I2C_SlaveTxCpltCallback)
    HAL_IncTick                              0x080016cd   Thumb Code    12  stm32f1xx_hal.o(i.HAL_IncTick)
    HAL_Init                                 0x080016dd   Thumb Code    32  stm32f1xx_hal.o(i.HAL_Init)
    HAL_InitTick                             0x08001701   Thumb Code    54  stm32f1xx_hal.o(i.HAL_InitTick)
    HAL_LCD_Clear                            0x08001741   Thumb Code    22  tftlcd.o(i.HAL_LCD_Clear)
    HAL_LCD_DrawLine                         0x0800175d   Thumb Code   236  tftlcd.o(i.HAL_LCD_DrawLine)
    HAL_LCD_DrawPoint                        0x0800184d   Thumb Code    38  tftlcd.o(i.HAL_LCD_DrawPoint)
    HAL_LCD_DrawRect                         0x08001879   Thumb Code    72  tftlcd.o(i.HAL_LCD_DrawRect)
    HAL_LCD_DrowSign                         0x080018c1   Thumb Code    68  tftlcd.o(i.HAL_LCD_DrowSign)
    HAL_LCD_FillRect                         0x08001905   Thumb Code    58  tftlcd.o(i.HAL_LCD_FillRect)
    HAL_LCD_GetBkColor                       0x08001945   Thumb Code     6  tftlcd.o(i.HAL_LCD_GetBkColor)
    HAL_LCD_GetDevice                        0x08001951   Thumb Code    20  tftlcd.o(i.HAL_LCD_GetDevice)
    HAL_LCD_Init                             0x08001969   Thumb Code   632  tftlcd.o(i.HAL_LCD_Init)
    HAL_LCD_SetRect                          0x08001c01   Thumb Code   182  tftlcd.o(i.HAL_LCD_SetRect)
    HAL_LCD_SetShowDir                       0x08001cbd   Thumb Code    86  tftlcd.o(i.HAL_LCD_SetShowDir)
    HAL_MspInit                              0x08001d19   Thumb Code    52  stm32f1xx_hal_msp.o(i.HAL_MspInit)
    HAL_NVIC_EnableIRQ                       0x08001d55   Thumb Code    26  stm32f1xx_hal_cortex.o(i.HAL_NVIC_EnableIRQ)
    HAL_NVIC_SetPriority                     0x08001d71   Thumb Code    60  stm32f1xx_hal_cortex.o(i.HAL_NVIC_SetPriority)
    HAL_NVIC_SetPriorityGrouping             0x08001db1   Thumb Code    26  stm32f1xx_hal_cortex.o(i.HAL_NVIC_SetPriorityGrouping)
    HAL_RCC_ClockConfig                      0x08001dd5   Thumb Code   280  stm32f1xx_hal_rcc.o(i.HAL_RCC_ClockConfig)
    HAL_RCC_GetPCLK1Freq                     0x08001f01   Thumb Code    20  stm32f1xx_hal_rcc.o(i.HAL_RCC_GetPCLK1Freq)
    HAL_RCC_GetSysClockFreq                  0x08001f21   Thumb Code    74  stm32f1xx_hal_rcc.o(i.HAL_RCC_GetSysClockFreq)
    HAL_RCC_OscConfig                        0x08001f8d   Thumb Code   778  stm32f1xx_hal_rcc.o(i.HAL_RCC_OscConfig)
    HAL_SPI1_SetSpeed                        0x080022ad   Thumb Code    32  spi.o(i.HAL_SPI1_SetSpeed)
    HAL_SPI_Init                             0x080022d5   Thumb Code   136  stm32f1xx_hal_spi.o(i.HAL_SPI_Init)
    HAL_SPI_MspInit                          0x0800235d   Thumb Code   134  spi.o(i.HAL_SPI_MspInit)
    HAL_SPI_Receive                          0x080023f5   Thumb Code   514  stm32f1xx_hal_spi.o(i.HAL_SPI_Receive)
    HAL_SPI_Transmit                         0x080025f7   Thumb Code   392  stm32f1xx_hal_spi.o(i.HAL_SPI_Transmit)
    HAL_SPI_TransmitReceive                  0x0800277f   Thumb Code   628  stm32f1xx_hal_spi.o(i.HAL_SPI_TransmitReceive)
    HAL_SRAM_Init                            0x080029f3   Thumb Code    92  stm32f1xx_hal_sram.o(i.HAL_SRAM_Init)
    HAL_SRAM_MspInit                         0x08002a4f   Thumb Code     4  fsmc.o(i.HAL_SRAM_MspInit)
    HAL_SYSTICK_Config                       0x08002a53   Thumb Code    40  stm32f1xx_hal_cortex.o(i.HAL_SYSTICK_Config)
    HAL_TIMEx_BreakCallback                  0x08002a7b   Thumb Code     2  stm32f1xx_hal_tim_ex.o(i.HAL_TIMEx_BreakCallback)
    HAL_TIMEx_CommutCallback                 0x08002a7d   Thumb Code     2  stm32f1xx_hal_tim_ex.o(i.HAL_TIMEx_CommutCallback)
    HAL_TIMEx_MasterConfigSynchronization    0x08002a7f   Thumb Code    66  stm32f1xx_hal_tim_ex.o(i.HAL_TIMEx_MasterConfigSynchronization)
    HAL_TIM_Base_Init                        0x08002ac1   Thumb Code    54  stm32f1xx_hal_tim.o(i.HAL_TIM_Base_Init)
    HAL_TIM_Base_MspInit                     0x08002af9   Thumb Code    50  tim.o(i.HAL_TIM_Base_MspInit)
    HAL_TIM_ConfigClockSource                0x08002b31   Thumb Code   214  stm32f1xx_hal_tim.o(i.HAL_TIM_ConfigClockSource)
    HAL_TIM_IC_CaptureCallback               0x08002c07   Thumb Code     2  stm32f1xx_hal_tim.o(i.HAL_TIM_IC_CaptureCallback)
    HAL_TIM_IRQHandler                       0x08002c09   Thumb Code   358  stm32f1xx_hal_tim.o(i.HAL_TIM_IRQHandler)
    HAL_TIM_OC_DelayElapsedCallback          0x08002d6f   Thumb Code     2  stm32f1xx_hal_tim.o(i.HAL_TIM_OC_DelayElapsedCallback)
    HAL_TIM_PWM_PulseFinishedCallback        0x08002d71   Thumb Code     2  stm32f1xx_hal_tim.o(i.HAL_TIM_PWM_PulseFinishedCallback)
    HAL_TIM_PeriodElapsedCallback            0x08002d73   Thumb Code     2  stm32f1xx_hal_tim.o(i.HAL_TIM_PeriodElapsedCallback)
    HAL_TIM_TriggerCallback                  0x08002d75   Thumb Code     2  stm32f1xx_hal_tim.o(i.HAL_TIM_TriggerCallback)
    HAL_TOUCH_Adjust                         0x08002d79   Thumb Code   370  touch.o(i.HAL_TOUCH_Adjust)
    HAL_TOUCH_Init                           0x08002ef1   Thumb Code    30  touch.o(i.HAL_TOUCH_Init)
    HAL_TOUCH_ReadAdjust                     0x08002f15   Thumb Code    94  touch.o(i.HAL_TOUCH_ReadAdjust)
    HAL_TOUCH_ReadData                       0x08002f75   Thumb Code   158  touch.o(i.HAL_TOUCH_ReadData)
    HAL_TOUCH_ReadXY                         0x0800301d   Thumb Code   124  touch.o(i.HAL_TOUCH_ReadXY)
    HAL_TOUCH_Scan                           0x08003099   Thumb Code   146  touch.o(i.HAL_TOUCH_Scan)
    HardFault_Handler                        0x08003135   Thumb Code     2  stm32f1xx_it.o(i.HardFault_Handler)
    I2C2_ER_IRQHandler                       0x08003139   Thumb Code     6  stm32f1xx_it.o(i.I2C2_ER_IRQHandler)
    I2C2_EV_IRQHandler                       0x08003145   Thumb Code     6  stm32f1xx_it.o(i.I2C2_EV_IRQHandler)
    LCD_ReadData                             0x08003d69   Thumb Code    16  tftlcd.o(i.LCD_ReadData)
    LCD_ReadValue                            0x08003d7d   Thumb Code     8  tftlcd.o(i.LCD_ReadValue)
    LCD_WriteCmd                             0x08003d89   Thumb Code     6  tftlcd.o(i.LCD_WriteCmd)
    LCD_WriteColor                           0x08003d95   Thumb Code     6  tftlcd.o(i.LCD_WriteColor)
    LCD_WriteData                            0x08003da1   Thumb Code     6  tftlcd.o(i.LCD_WriteData)
    LCD_WriteValue                           0x08003dad   Thumb Code    10  tftlcd.o(i.LCD_WriteValue)
    MX_FSMC_Init                             0x08003dbd   Thumb Code   108  fsmc.o(i.MX_FSMC_Init)
    MX_GPIO_Init                             0x08003e35   Thumb Code   202  gpio.o(i.MX_GPIO_Init)
    MX_I2C2_Init                             0x08003f0d   Thumb Code    50  i2c.o(i.MX_I2C2_Init)
    MX_SPI1_Init                             0x08003f4d   Thumb Code    68  spi.o(i.MX_SPI1_Init)
    MX_TIM2_Init                             0x08003f99   Thumb Code    98  tim.o(i.MX_TIM2_Init)
    MemManage_Handler                        0x08004001   Thumb Code     2  stm32f1xx_it.o(i.MemManage_Handler)
    Mem_ReadData                             0x08004005   Thumb Code    24  i2c.o(i.Mem_ReadData)
    Mem_WriteData                            0x08004021   Thumb Code   114  i2c.o(i.Mem_WriteData)
    NMI_Handler                              0x08004099   Thumb Code     2  stm32f1xx_it.o(i.NMI_Handler)
    PendSV_Handler                           0x0800409b   Thumb Code     2  stm32f1xx_it.o(i.PendSV_Handler)
    SVC_Handler                              0x080041ad   Thumb Code     2  stm32f1xx_it.o(i.SVC_Handler)
    SysTick_Handler                          0x080041af   Thumb Code     4  stm32f1xx_it.o(i.SysTick_Handler)
    SystemClock_Config                       0x080041b3   Thumb Code    78  main.o(i.SystemClock_Config)
    SystemInit                               0x08004201   Thumb Code    56  system_stm32f1xx.o(i.SystemInit)
    TIM2_IRQHandler                          0x08004249   Thumb Code     6  stm32f1xx_it.o(i.TIM2_IRQHandler)
    TIM_Base_SetConfig                       0x08004255   Thumb Code   120  stm32f1xx_hal_tim.o(i.TIM_Base_SetConfig)
    TIM_ETR_SetConfig                        0x080042e1   Thumb Code    20  stm32f1xx_hal_tim.o(i.TIM_ETR_SetConfig)
    UsageFault_Handler                       0x0800434b   Thumb Code     2  stm32f1xx_it.o(i.UsageFault_Handler)
    __0printf                                0x0800434d   Thumb Code    22  printfa.o(i.__0printf)
    __1printf                                0x0800434d   Thumb Code     0  printfa.o(i.__0printf)
    __2printf                                0x0800434d   Thumb Code     0  printfa.o(i.__0printf)
    __c89printf                              0x0800434d   Thumb Code     0  printfa.o(i.__0printf)
    printf                                   0x0800434d   Thumb Code     0  printfa.o(i.__0printf)
    __scatterload_copy                       0x0800438d   Thumb Code    14  handlers.o(i.__scatterload_copy)
    __scatterload_null                       0x0800439b   Thumb Code     2  handlers.o(i.__scatterload_null)
    __scatterload_zeroinit                   0x0800439d   Thumb Code    14  handlers.o(i.__scatterload_zeroinit)
    fputc                                    0x08004c61   Thumb Code    36  main.o(i.fputc)
    main                                     0x08004c89   Thumb Code    52  main.o(i.main)
    AHBPrescTable                            0x08004cc8   Data          16  system_stm32f1xx.o(.constdata)
    APBPrescTable                            0x08004cd8   Data           8  system_stm32f1xx.o(.constdata)
    Region$$Table$$Base                      0x08004ce0   Number         0  anon$$obj.o(Region$$Table)
    Region$$Table$$Limit                     0x08004d00   Number         0  anon$$obj.o(Region$$Table)
    uwTickFreq                               0x20000010   Data           1  stm32f1xx_hal.o(.data)
    uwTickPrio                               0x20000014   Data           4  stm32f1xx_hal.o(.data)
    uwTick                                   0x20000018   Data           4  stm32f1xx_hal.o(.data)
    SystemCoreClock                          0x2000001c   Data           4  system_stm32f1xx.o(.data)
    __stdout                                 0x20000020   Data           4  stdout.o(.data)
    hsram1                                   0x2000005c   Data          72  fsmc.o(.bss)
    hi2c2                                    0x200000a4   Data          84  i2c.o(.bss)
    hspi1                                    0x200000f8   Data          88  spi.o(.bss)
    htim2                                    0x20000150   Data          64  tim.o(.bss)
    __initial_sp                             0x20000590   Data           0  startup_stm32f103xe.o(STACK)



==============================================================================

Memory Map of the image

  Image Entry point : 0x08000131

  Load Region LR_IROM1 (Base: 0x08000000, Size: 0x00004d24, Max: 0x00080000, ABSOLUTE)

    Execution Region ER_IROM1 (Exec base: 0x08000000, Load base: 0x08000000, Size: 0x00004d00, Max: 0x00080000, ABSOLUTE)

    Exec Addr    Load Addr    Size         Type   Attr      Idx    E Section Name        Object

    0x08000000   0x08000000   0x00000130   Data   RO            3    RESET               startup_stm32f103xe.o
    0x08000130   0x08000130   0x00000000   Code   RO         3777  * .ARM.Collect$$$$00000000  mc_w.l(entry.o)
    0x08000130   0x08000130   0x00000004   Code   RO         4062    .ARM.Collect$$$$00000001  mc_w.l(entry2.o)
    0x08000134   0x08000134   0x00000004   Code   RO         4065    .ARM.Collect$$$$00000004  mc_w.l(entry5.o)
    0x08000138   0x08000138   0x00000000   Code   RO         4067    .ARM.Collect$$$$00000008  mc_w.l(entry7b.o)
    0x08000138   0x08000138   0x00000000   Code   RO         4069    .ARM.Collect$$$$0000000A  mc_w.l(entry8b.o)
    0x08000138   0x08000138   0x00000008   Code   RO         4070    .ARM.Collect$$$$0000000B  mc_w.l(entry9a.o)
    0x08000140   0x08000140   0x00000000   Code   RO         4072    .ARM.Collect$$$$0000000D  mc_w.l(entry10a.o)
    0x08000140   0x08000140   0x00000000   Code   RO         4074    .ARM.Collect$$$$0000000F  mc_w.l(entry11a.o)
    0x08000140   0x08000140   0x00000004   Code   RO         4063    .ARM.Collect$$$$00002712  mc_w.l(entry2.o)
    0x08000144   0x08000144   0x00000024   Code   RO            4    .text               startup_stm32f103xe.o
    0x08000168   0x08000168   0x00000020   Code   RO         3780    .text               mc_w.l(llushr.o)
    0x08000188   0x08000188   0x00000024   Code   RO         3782    .text               mc_w.l(memseta.o)
    0x080001ac   0x080001ac   0x000000b0   Code   RO         4044    .text               mf_w.l(fadd.o)
    0x0800025c   0x0800025c   0x00000064   Code   RO         4046    .text               mf_w.l(fmul.o)
    0x080002c0   0x080002c0   0x0000007c   Code   RO         4048    .text               mf_w.l(fdiv.o)
    0x0800033c   0x0800033c   0x00000012   Code   RO         4050    .text               mf_w.l(fflti.o)
    0x0800034e   0x0800034e   0x0000000a   Code   RO         4052    .text               mf_w.l(ffltui.o)
    0x08000358   0x08000358   0x00000032   Code   RO         4054    .text               mf_w.l(ffixi.o)
    0x0800038a   0x0800038a   0x00000028   Code   RO         4056    .text               mf_w.l(ffixui.o)
    0x080003b2   0x080003b2   0x00000002   PAD
    0x080003b4   0x080003b4   0x00000014   Code   RO         4058    .text               mf_w.l(cfcmple.o)
    0x080003c8   0x080003c8   0x00000014   Code   RO         4060    .text               mf_w.l(cfrcmple.o)
    0x080003dc   0x080003dc   0x0000002c   Code   RO         4077    .text               mc_w.l(uidiv.o)
    0x08000408   0x08000408   0x00000062   Code   RO         4079    .text               mc_w.l(uldiv.o)
    0x0800046a   0x0800046a   0x00000000   Code   RO         4081    .text               mc_w.l(iusefp.o)
    0x0800046a   0x0800046a   0x0000006e   Code   RO         4082    .text               mf_w.l(fepilogue.o)
    0x080004d8   0x080004d8   0x0000014e   Code   RO         4084    .text               mf_w.l(dadd.o)
    0x08000626   0x08000626   0x000000e4   Code   RO         4086    .text               mf_w.l(dmul.o)
    0x0800070a   0x0800070a   0x000000de   Code   RO         4088    .text               mf_w.l(ddiv.o)
    0x080007e8   0x080007e8   0x00000030   Code   RO         4090    .text               mf_w.l(dfixul.o)
    0x08000818   0x08000818   0x00000030   Code   RO         4092    .text               mf_w.l(cdrcmple.o)
    0x08000848   0x08000848   0x00000024   Code   RO         4094    .text               mc_w.l(init.o)
    0x0800086c   0x0800086c   0x0000001e   Code   RO         4096    .text               mc_w.l(llshl.o)
    0x0800088a   0x0800088a   0x00000024   Code   RO         4098    .text               mc_w.l(llsshr.o)
    0x080008ae   0x080008ae   0x000000ba   Code   RO         4100    .text               mf_w.l(depilogue.o)
    0x08000968   0x08000968   0x00000002   Code   RO          654    i.BusFault_Handler  stm32f1xx_it.o
    0x0800096a   0x0800096a   0x00000002   Code   RO          655    i.DebugMon_Handler  stm32f1xx_it.o
    0x0800096c   0x0800096c   0x00000002   Code   RO          377    i.Error_Handler     main.o
    0x0800096e   0x0800096e   0x00000002   PAD
    0x08000970   0x08000970   0x0000003c   Code   RO          816    i.FSMC_NORSRAM_Extended_Timing_Init  stm32f1xx_ll_fsmc.o
    0x080009ac   0x080009ac   0x00000068   Code   RO          817    i.FSMC_NORSRAM_Init  stm32f1xx_ll_fsmc.o
    0x08000a14   0x08000a14   0x00000044   Code   RO          818    i.FSMC_NORSRAM_Timing_Init  stm32f1xx_ll_fsmc.o
    0x08000a58   0x08000a58   0x00000130   Code   RO         1314    i.HAL_DMA_Abort_IT  stm32f1xx_hal_dma.o
    0x08000b88   0x08000b88   0x00000006   Code   RO         1317    i.HAL_DMA_GetState  stm32f1xx_hal_dma.o
    0x08000b8e   0x08000b8e   0x00000002   PAD
    0x08000b90   0x08000b90   0x00000024   Code   RO          941    i.HAL_Delay         stm32f1xx_hal.o
    0x08000bb4   0x08000bb4   0x00000080   Code   RO          462    i.HAL_FSMC_MspInit  fsmc.o
    0x08000c34   0x08000c34   0x000001f8   Code   RO         1249    i.HAL_GPIO_Init     stm32f1xx_hal_gpio.o
    0x08000e2c   0x08000e2c   0x0000000a   Code   RO         1253    i.HAL_GPIO_WritePin  stm32f1xx_hal_gpio.o
    0x08000e36   0x08000e36   0x00000002   PAD
    0x08000e38   0x08000e38   0x0000000c   Code   RO          945    i.HAL_GetTick       stm32f1xx_hal.o
    0x08000e44   0x08000e44   0x00000002   Code   RO         2044    i.HAL_I2C_AbortCpltCallback  stm32f1xx_hal_i2c.o
    0x08000e46   0x08000e46   0x00000002   Code   RO         2045    i.HAL_I2C_AddrCallback  stm32f1xx_hal_i2c.o
    0x08000e48   0x08000e48   0x000000c4   Code   RO         2048    i.HAL_I2C_ER_IRQHandler  stm32f1xx_hal_i2c.o
    0x08000f0c   0x08000f0c   0x0000025a   Code   RO         2049    i.HAL_I2C_EV_IRQHandler  stm32f1xx_hal_i2c.o
    0x08001166   0x08001166   0x00000002   Code   RO         2051    i.HAL_I2C_ErrorCallback  stm32f1xx_hal_i2c.o
    0x08001168   0x08001168   0x00000174   Code   RO         2055    i.HAL_I2C_Init      stm32f1xx_hal_i2c.o
    0x080012dc   0x080012dc   0x00000002   Code   RO         2057    i.HAL_I2C_ListenCpltCallback  stm32f1xx_hal_i2c.o
    0x080012de   0x080012de   0x00000002   Code   RO         2058    i.HAL_I2C_MasterRxCpltCallback  stm32f1xx_hal_i2c.o
    0x080012e0   0x080012e0   0x00000002   Code   RO         2059    i.HAL_I2C_MasterTxCpltCallback  stm32f1xx_hal_i2c.o
    0x080012e2   0x080012e2   0x00000002   Code   RO         2071    i.HAL_I2C_MemRxCpltCallback  stm32f1xx_hal_i2c.o
    0x080012e4   0x080012e4   0x00000002   Code   RO         2072    i.HAL_I2C_MemTxCpltCallback  stm32f1xx_hal_i2c.o
    0x080012e6   0x080012e6   0x00000002   PAD
    0x080012e8   0x080012e8   0x00000220   Code   RO         2073    i.HAL_I2C_Mem_Read  stm32f1xx_hal_i2c.o
    0x08001508   0x08001508   0x00000130   Code   RO         2076    i.HAL_I2C_Mem_Write  stm32f1xx_hal_i2c.o
    0x08001638   0x08001638   0x00000090   Code   RO          511    i.HAL_I2C_MspInit   i2c.o
    0x080016c8   0x080016c8   0x00000002   Code   RO         2081    i.HAL_I2C_SlaveRxCpltCallback  stm32f1xx_hal_i2c.o
    0x080016ca   0x080016ca   0x00000002   Code   RO         2082    i.HAL_I2C_SlaveTxCpltCallback  stm32f1xx_hal_i2c.o
    0x080016cc   0x080016cc   0x00000010   Code   RO          951    i.HAL_IncTick       stm32f1xx_hal.o
    0x080016dc   0x080016dc   0x00000024   Code   RO          952    i.HAL_Init          stm32f1xx_hal.o
    0x08001700   0x08001700   0x00000040   Code   RO          953    i.HAL_InitTick      stm32f1xx_hal.o
    0x08001740   0x08001740   0x0000001c   Code   RO           13    i.HAL_LCD_Clear     tftlcd.o
    0x0800175c   0x0800175c   0x000000f0   Code   RO           14    i.HAL_LCD_DrawLine  tftlcd.o
    0x0800184c   0x0800184c   0x0000002c   Code   RO           15    i.HAL_LCD_DrawPoint  tftlcd.o
    0x08001878   0x08001878   0x00000048   Code   RO           16    i.HAL_LCD_DrawRect  tftlcd.o
    0x080018c0   0x080018c0   0x00000044   Code   RO           17    i.HAL_LCD_DrowSign  tftlcd.o
    0x08001904   0x08001904   0x00000040   Code   RO           18    i.HAL_LCD_FillRect  tftlcd.o
    0x08001944   0x08001944   0x0000000c   Code   RO           19    i.HAL_LCD_GetBkColor  tftlcd.o
    0x08001950   0x08001950   0x00000018   Code   RO           20    i.HAL_LCD_GetDevice  tftlcd.o
    0x08001968   0x08001968   0x00000298   Code   RO           22    i.HAL_LCD_Init      tftlcd.o
    0x08001c00   0x08001c00   0x000000bc   Code   RO           29    i.HAL_LCD_SetRect   tftlcd.o
    0x08001cbc   0x08001cbc   0x0000005c   Code   RO           30    i.HAL_LCD_SetShowDir  tftlcd.o
    0x08001d18   0x08001d18   0x0000003c   Code   RO          748    i.HAL_MspInit       stm32f1xx_hal_msp.o
    0x08001d54   0x08001d54   0x0000001a   Code   RO         1409    i.HAL_NVIC_EnableIRQ  stm32f1xx_hal_cortex.o
    0x08001d6e   0x08001d6e   0x00000002   PAD
    0x08001d70   0x08001d70   0x00000040   Code   RO         1415    i.HAL_NVIC_SetPriority  stm32f1xx_hal_cortex.o
    0x08001db0   0x08001db0   0x00000024   Code   RO         1416    i.HAL_NVIC_SetPriorityGrouping  stm32f1xx_hal_cortex.o
    0x08001dd4   0x08001dd4   0x0000012c   Code   RO         1109    i.HAL_RCC_ClockConfig  stm32f1xx_hal_rcc.o
    0x08001f00   0x08001f00   0x00000020   Code   RO         1116    i.HAL_RCC_GetPCLK1Freq  stm32f1xx_hal_rcc.o
    0x08001f20   0x08001f20   0x0000006c   Code   RO         1118    i.HAL_RCC_GetSysClockFreq  stm32f1xx_hal_rcc.o
    0x08001f8c   0x08001f8c   0x00000320   Code   RO         1121    i.HAL_RCC_OscConfig  stm32f1xx_hal_rcc.o
    0x080022ac   0x080022ac   0x00000028   Code   RO          564    i.HAL_SPI1_SetSpeed  spi.o
    0x080022d4   0x080022d4   0x00000088   Code   RO         2477    i.HAL_SPI_Init      stm32f1xx_hal_spi.o
    0x0800235c   0x0800235c   0x00000098   Code   RO          566    i.HAL_SPI_MspInit   spi.o
    0x080023f4   0x080023f4   0x00000202   Code   RO         2480    i.HAL_SPI_Receive   stm32f1xx_hal_spi.o
    0x080025f6   0x080025f6   0x00000188   Code   RO         2485    i.HAL_SPI_Transmit  stm32f1xx_hal_spi.o
    0x0800277e   0x0800277e   0x00000274   Code   RO         2486    i.HAL_SPI_TransmitReceive  stm32f1xx_hal_spi.o
    0x080029f2   0x080029f2   0x0000005c   Code   RO         1913    i.HAL_SRAM_Init     stm32f1xx_hal_sram.o
    0x08002a4e   0x08002a4e   0x00000004   Code   RO          464    i.HAL_SRAM_MspInit  fsmc.o
    0x08002a52   0x08002a52   0x00000028   Code   RO         1420    i.HAL_SYSTICK_Config  stm32f1xx_hal_cortex.o
    0x08002a7a   0x08002a7a   0x00000002   Code   RO         3491    i.HAL_TIMEx_BreakCallback  stm32f1xx_hal_tim_ex.o
    0x08002a7c   0x08002a7c   0x00000002   Code   RO         3492    i.HAL_TIMEx_CommutCallback  stm32f1xx_hal_tim_ex.o
    0x08002a7e   0x08002a7e   0x00000042   Code   RO         3509    i.HAL_TIMEx_MasterConfigSynchronization  stm32f1xx_hal_tim_ex.o
    0x08002ac0   0x08002ac0   0x00000036   Code   RO         2816    i.HAL_TIM_Base_Init  stm32f1xx_hal_tim.o
    0x08002af6   0x08002af6   0x00000002   PAD
    0x08002af8   0x08002af8   0x00000038   Code   RO          613    i.HAL_TIM_Base_MspInit  tim.o
    0x08002b30   0x08002b30   0x000000d6   Code   RO         2825    i.HAL_TIM_ConfigClockSource  stm32f1xx_hal_tim.o
    0x08002c06   0x08002c06   0x00000002   Code   RO         2845    i.HAL_TIM_IC_CaptureCallback  stm32f1xx_hal_tim.o
    0x08002c08   0x08002c08   0x00000166   Code   RO         2859    i.HAL_TIM_IRQHandler  stm32f1xx_hal_tim.o
    0x08002d6e   0x08002d6e   0x00000002   Code   RO         2862    i.HAL_TIM_OC_DelayElapsedCallback  stm32f1xx_hal_tim.o
    0x08002d70   0x08002d70   0x00000002   Code   RO         2889    i.HAL_TIM_PWM_PulseFinishedCallback  stm32f1xx_hal_tim.o
    0x08002d72   0x08002d72   0x00000002   Code   RO         2897    i.HAL_TIM_PeriodElapsedCallback  stm32f1xx_hal_tim.o
    0x08002d74   0x08002d74   0x00000002   Code   RO         2902    i.HAL_TIM_TriggerCallback  stm32f1xx_hal_tim.o
    0x08002d76   0x08002d76   0x00000002   PAD
    0x08002d78   0x08002d78   0x00000178   Code   RO          300    i.HAL_TOUCH_Adjust  touch.o
    0x08002ef0   0x08002ef0   0x00000024   Code   RO          302    i.HAL_TOUCH_Init    touch.o
    0x08002f14   0x08002f14   0x0000005e   Code   RO          303    i.HAL_TOUCH_ReadAdjust  touch.o
    0x08002f72   0x08002f72   0x00000002   PAD
    0x08002f74   0x08002f74   0x000000a8   Code   RO          304    i.HAL_TOUCH_ReadData  touch.o
    0x0800301c   0x0800301c   0x0000007c   Code   RO          305    i.HAL_TOUCH_ReadXY  touch.o
    0x08003098   0x08003098   0x0000009c   Code   RO          306    i.HAL_TOUCH_Scan    touch.o
    0x08003134   0x08003134   0x00000002   Code   RO          656    i.HardFault_Handler  stm32f1xx_it.o
    0x08003136   0x08003136   0x00000002   PAD
    0x08003138   0x08003138   0x0000000c   Code   RO          657    i.I2C2_ER_IRQHandler  stm32f1xx_it.o
    0x08003144   0x08003144   0x0000000c   Code   RO          658    i.I2C2_EV_IRQHandler  stm32f1xx_it.o
    0x08003150   0x08003150   0x0000007e   Code   RO         2093    i.I2C_DMAAbort      stm32f1xx_hal_i2c.o
    0x080031ce   0x080031ce   0x00000002   PAD
    0x080031d0   0x080031d0   0x00000140   Code   RO         2096    i.I2C_ITError       stm32f1xx_hal_i2c.o
    0x08003310   0x08003310   0x0000002e   Code   RO         2097    i.I2C_IsAcknowledgeFailed  stm32f1xx_hal_i2c.o
    0x0800333e   0x0800333e   0x000000d2   Code   RO         2098    i.I2C_MasterReceive_BTF  stm32f1xx_hal_i2c.o
    0x08003410   0x08003410   0x00000092   Code   RO         2099    i.I2C_MasterReceive_RXNE  stm32f1xx_hal_i2c.o
    0x080034a2   0x080034a2   0x00000002   PAD
    0x080034a4   0x080034a4   0x00000082   Code   RO         2102    i.I2C_MasterTransmit_BTF  stm32f1xx_hal_i2c.o
    0x08003526   0x08003526   0x00000002   PAD
    0x08003528   0x08003528   0x00000104   Code   RO         2103    i.I2C_MasterTransmit_TXE  stm32f1xx_hal_i2c.o
    0x0800362c   0x0800362c   0x00000158   Code   RO         2104    i.I2C_Master_ADDR   stm32f1xx_hal_i2c.o
    0x08003784   0x08003784   0x0000008e   Code   RO         2105    i.I2C_Master_SB     stm32f1xx_hal_i2c.o
    0x08003812   0x08003812   0x000000e6   Code   RO         2106    i.I2C_RequestMemoryRead  stm32f1xx_hal_i2c.o
    0x080038f8   0x080038f8   0x00000094   Code   RO         2107    i.I2C_RequestMemoryWrite  stm32f1xx_hal_i2c.o
    0x0800398c   0x0800398c   0x00000084   Code   RO         2108    i.I2C_Slave_AF      stm32f1xx_hal_i2c.o
    0x08003a10   0x08003a10   0x0000015c   Code   RO         2109    i.I2C_Slave_STOPF   stm32f1xx_hal_i2c.o
    0x08003b6c   0x08003b6c   0x0000004c   Code   RO         2110    i.I2C_WaitOnBTFFlagUntilTimeout  stm32f1xx_hal_i2c.o
    0x08003bb8   0x08003bb8   0x00000068   Code   RO         2111    i.I2C_WaitOnFlagUntilTimeout  stm32f1xx_hal_i2c.o
    0x08003c20   0x08003c20   0x00000096   Code   RO         2112    i.I2C_WaitOnMasterAddressFlagUntilTimeout  stm32f1xx_hal_i2c.o
    0x08003cb6   0x08003cb6   0x00000066   Code   RO         2113    i.I2C_WaitOnRXNEFlagUntilTimeout  stm32f1xx_hal_i2c.o
    0x08003d1c   0x08003d1c   0x0000004c   Code   RO         2114    i.I2C_WaitOnTXEFlagUntilTimeout  stm32f1xx_hal_i2c.o
    0x08003d68   0x08003d68   0x00000014   Code   RO           33    i.LCD_ReadData      tftlcd.o
    0x08003d7c   0x08003d7c   0x0000000c   Code   RO           34    i.LCD_ReadValue     tftlcd.o
    0x08003d88   0x08003d88   0x0000000c   Code   RO           35    i.LCD_WriteCmd      tftlcd.o
    0x08003d94   0x08003d94   0x0000000c   Code   RO           36    i.LCD_WriteColor    tftlcd.o
    0x08003da0   0x08003da0   0x0000000c   Code   RO           37    i.LCD_WriteData     tftlcd.o
    0x08003dac   0x08003dac   0x00000010   Code   RO           38    i.LCD_WriteValue    tftlcd.o
    0x08003dbc   0x08003dbc   0x00000078   Code   RO          465    i.MX_FSMC_Init      fsmc.o
    0x08003e34   0x08003e34   0x000000d8   Code   RO          438    i.MX_GPIO_Init      gpio.o
    0x08003f0c   0x08003f0c   0x00000040   Code   RO          512    i.MX_I2C2_Init      i2c.o
    0x08003f4c   0x08003f4c   0x0000004c   Code   RO          567    i.MX_SPI1_Init      spi.o
    0x08003f98   0x08003f98   0x00000068   Code   RO          614    i.MX_TIM2_Init      tim.o
    0x08004000   0x08004000   0x00000002   Code   RO          659    i.MemManage_Handler  stm32f1xx_it.o
    0x08004002   0x08004002   0x00000002   PAD
    0x08004004   0x08004004   0x0000001c   Code   RO          513    i.Mem_ReadData      i2c.o
    0x08004020   0x08004020   0x00000078   Code   RO          514    i.Mem_WriteData     i2c.o
    0x08004098   0x08004098   0x00000002   Code   RO          660    i.NMI_Handler       stm32f1xx_it.o
    0x0800409a   0x0800409a   0x00000002   Code   RO          661    i.PendSV_Handler    stm32f1xx_it.o
    0x0800409c   0x0800409c   0x0000005c   Code   RO         2516    i.SPI_EndRxTransaction  stm32f1xx_hal_spi.o
    0x080040f8   0x080040f8   0x00000020   Code   RO         2517    i.SPI_EndRxTxTransaction  stm32f1xx_hal_spi.o
    0x08004118   0x08004118   0x00000094   Code   RO         2525    i.SPI_WaitFlagStateUntilTimeout  stm32f1xx_hal_spi.o
    0x080041ac   0x080041ac   0x00000002   Code   RO          662    i.SVC_Handler       stm32f1xx_it.o
    0x080041ae   0x080041ae   0x00000004   Code   RO          663    i.SysTick_Handler   stm32f1xx_it.o
    0x080041b2   0x080041b2   0x0000004e   Code   RO          378    i.SystemClock_Config  main.o
    0x08004200   0x08004200   0x00000048   Code   RO         3743    i.SystemInit        system_stm32f1xx.o
    0x08004248   0x08004248   0x0000000c   Code   RO          664    i.TIM2_IRQHandler   stm32f1xx_it.o
    0x08004254   0x08004254   0x0000008c   Code   RO         2904    i.TIM_Base_SetConfig  stm32f1xx_hal_tim.o
    0x080042e0   0x080042e0   0x00000014   Code   RO         2915    i.TIM_ETR_SetConfig  stm32f1xx_hal_tim.o
    0x080042f4   0x080042f4   0x00000010   Code   RO         2916    i.TIM_ITRx_SetConfig  stm32f1xx_hal_tim.o
    0x08004304   0x08004304   0x00000022   Code   RO         2922    i.TIM_TI1_ConfigInputStage  stm32f1xx_hal_tim.o
    0x08004326   0x08004326   0x00000024   Code   RO         2924    i.TIM_TI2_ConfigInputStage  stm32f1xx_hal_tim.o
    0x0800434a   0x0800434a   0x00000002   Code   RO          665    i.UsageFault_Handler  stm32f1xx_it.o
    0x0800434c   0x0800434c   0x00000020   Code   RO         4017    i.__0printf         mc_w.l(printfa.o)
    0x0800436c   0x0800436c   0x00000020   Code   RO         1422    i.__NVIC_SetPriority  stm32f1xx_hal_cortex.o
    0x0800438c   0x0800438c   0x0000000e   Code   RO         4104    i.__scatterload_copy  mc_w.l(handlers.o)
    0x0800439a   0x0800439a   0x00000002   Code   RO         4105    i.__scatterload_null  mc_w.l(handlers.o)
    0x0800439c   0x0800439c   0x0000000e   Code   RO         4106    i.__scatterload_zeroinit  mc_w.l(handlers.o)
    0x080043aa   0x080043aa   0x00000002   PAD
    0x080043ac   0x080043ac   0x00000184   Code   RO         4024    i._fp_digits        mc_w.l(printfa.o)
    0x08004530   0x08004530   0x000006dc   Code   RO         4025    i._printf_core      mc_w.l(printfa.o)
    0x08004c0c   0x08004c0c   0x00000024   Code   RO         4026    i._printf_post_padding  mc_w.l(printfa.o)
    0x08004c30   0x08004c30   0x0000002e   Code   RO         4027    i._printf_pre_padding  mc_w.l(printfa.o)
    0x08004c5e   0x08004c5e   0x00000002   PAD
    0x08004c60   0x08004c60   0x00000028   Code   RO          379    i.fputc             main.o
    0x08004c88   0x08004c88   0x00000040   Code   RO          380    i.main              main.o
    0x08004cc8   0x08004cc8   0x00000010   Data   RO         3744    .constdata          system_stm32f1xx.o
    0x08004cd8   0x08004cd8   0x00000008   Data   RO         3745    .constdata          system_stm32f1xx.o
    0x08004ce0   0x08004ce0   0x00000020   Data   RO         4102    Region$$Table       anon$$obj.o


    Execution Region RW_IRAM1 (Exec base: 0x20000000, Load base: 0x08004d00, Size: 0x00000590, Max: 0x00010000, ABSOLUTE)

    Exec Addr    Load Addr    Size         Type   Attr      Idx    E Section Name        Object

    0x20000000   0x08004d00   0x00000008   Data   RW          308    .data               touch.o
    0x20000008   0x08004d08   0x00000008   Data   RW          467    .data               fsmc.o
    0x20000010   0x08004d10   0x0000000c   Data   RW          959    .data               stm32f1xx_hal.o
    0x2000001c   0x08004d1c   0x00000004   Data   RW         3746    .data               system_stm32f1xx.o
    0x20000020   0x08004d20   0x00000004   Data   RW         4076    .data               mc_w.l(stdout.o)
    0x20000024        -       0x00000028   Zero   RW           39    .bss                tftlcd.o
    0x2000004c        -       0x00000010   Zero   RW          307    .bss                touch.o
    0x2000005c        -       0x00000048   Zero   RW          466    .bss                fsmc.o
    0x200000a4        -       0x00000054   Zero   RW          515    .bss                i2c.o
    0x200000f8        -       0x00000058   Zero   RW          568    .bss                spi.o
    0x20000150        -       0x00000040   Zero   RW          615    .bss                tim.o
    0x20000190        -       0x00000400   Zero   RW            1    STACK               startup_stm32f103xe.o


==============================================================================

Image component sizes


      Code (inc. data)   RO Data    RW Data    ZI Data      Debug   Object Name

       252         34          0          8         72       2155   fsmc.o
       216         14          0          0          0       1031   gpio.o
       356         38          0          0         84       3088   i2c.o
       184         16          0          0          0      29111   main.o
       268         34          0          0         88       2181   spi.o
        36          8        304          0       1024        812   startup_stm32f103xe.o
       164         28          0         12          0       6573   stm32f1xx_hal.o
       198         14          0          0          0      28995   stm32f1xx_hal_cortex.o
       310          8          0          0          0       1750   stm32f1xx_hal_dma.o
       514         42          0          0          0       2932   stm32f1xx_hal_gpio.o
      5128         72          0          0          0      29852   stm32f1xx_hal_i2c.o
        60          8          0          0          0        862   stm32f1xx_hal_msp.o
      1240         88          0          0          0       4673   stm32f1xx_hal_rcc.o
      1942          0          0          0          0       8436   stm32f1xx_hal_spi.o
        92          0          0          0          0       1220   stm32f1xx_hal_sram.o
       882         20          0          0          0       9617   stm32f1xx_hal_tim.o
        70          0          0          0          0       2385   stm32f1xx_hal_tim_ex.o
        56         18          0          0          0       5170   stm32f1xx_it.o
       232         14          0          0          0       3835   stm32f1xx_ll_fsmc.o
        72         16         24          4          0       1187   system_stm32f1xx.o
      1580        108          0          0         40     512065   tftlcd.o
       160         12          0          0         64       1654   tim.o
       954         32          0          8         16       6116   touch.o

    ----------------------------------------------------------------------
     14992        624        360         32       1388     665700   Object Totals
         0          0         32          0          0          0   (incl. Generated)
        26          0          0          0          0          0   (incl. Padding)

    ----------------------------------------------------------------------

      Code (inc. data)   RO Data    RW Data    ZI Data      Debug   Library Member Name

         0          0          0          0          0          0   entry.o
         0          0          0          0          0          0   entry10a.o
         0          0          0          0          0          0   entry11a.o
         8          4          0          0          0          0   entry2.o
         4          0          0          0          0          0   entry5.o
         0          0          0          0          0          0   entry7b.o
         0          0          0          0          0          0   entry8b.o
         8          4          0          0          0          0   entry9a.o
        30          0          0          0          0          0   handlers.o
        36          8          0          0          0         68   init.o
         0          0          0          0          0          0   iusefp.o
        30          0          0          0          0         68   llshl.o
        36          0          0          0          0         68   llsshr.o
        32          0          0          0          0         68   llushr.o
        36          0          0          0          0        108   memseta.o
      2258         90          0          0          0        452   printfa.o
         0          0          0          4          0          0   stdout.o
        44          0          0          0          0         80   uidiv.o
        98          0          0          0          0         92   uldiv.o
        48          0          0          0          0         68   cdrcmple.o
        20          0          0          0          0         68   cfcmple.o
        20          0          0          0          0         68   cfrcmple.o
       334          0          0          0          0        148   dadd.o
       222          0          0          0          0        100   ddiv.o
       186          0          0          0          0        176   depilogue.o
        48          0          0          0          0         68   dfixul.o
       228          0          0          0          0         96   dmul.o
       176          0          0          0          0        140   fadd.o
       124          0          0          0          0         88   fdiv.o
       110          0          0          0          0        168   fepilogue.o
        50          0          0          0          0         68   ffixi.o
        40          0          0          0          0         68   ffixui.o
        18          0          0          0          0         68   fflti.o
        10          0          0          0          0         68   ffltui.o
       100          0          0          0          0         76   fmul.o

    ----------------------------------------------------------------------
      4360        106          0          4          0       2540   Library Totals
         6          0          0          0          0          0   (incl. Padding)

    ----------------------------------------------------------------------

      Code (inc. data)   RO Data    RW Data    ZI Data      Debug   Library Name

      2620        106          0          4          0       1004   mc_w.l
      1734          0          0          0          0       1536   mf_w.l

    ----------------------------------------------------------------------
      4360        106          0          4          0       2540   Library Totals

    ----------------------------------------------------------------------

==============================================================================


      Code (inc. data)   RO Data    RW Data    ZI Data      Debug   

     19352        730        360         36       1388     660488   Grand Totals
     19352        730        360         36       1388     660488   ELF Image Totals
     19352        730        360         36          0          0   ROM Totals

==============================================================================

    Total RO  Size (Code + RO Data)                19712 (  19.25kB)
    Total RW  Size (RW Data + ZI Data)              1424 (   1.39kB)
    Total ROM Size (Code + RO Data + RW Data)      19748 (  19.29kB)

==============================================================================

